2025-01-13 13:01:56,756 [trainer.py] => config: ./exps/北交.json
2025-01-13 13:01:56,757 [trainer.py] => prefix:  
2025-01-13 13:01:56,757 [trainer.py] => dataset: beijiao
2025-01-13 13:01:56,757 [trainer.py] => memory_size: 0
2025-01-13 13:01:56,757 [trainer.py] => memory_per_class: 0
2025-01-13 13:01:56,757 [trainer.py] => fixed_memory: False
2025-01-13 13:01:56,757 [trainer.py] => shuffle: True
2025-01-13 13:01:56,757 [trainer.py] => init_cls: 1
2025-01-13 13:01:56,757 [trainer.py] => increment: 1
2025-01-13 13:01:56,757 [trainer.py] => model_name: ease
2025-01-13 13:01:56,760 [trainer.py] => backbone_type: vit_base_patch16_224_ease
2025-01-13 13:01:56,760 [trainer.py] => device: [device(type='cuda', index=0)]
2025-01-13 13:01:56,760 [trainer.py] => seed: 1993
2025-01-13 13:01:56,760 [trainer.py] => init_epochs: 20
2025-01-13 13:01:56,760 [trainer.py] => init_lr: 0.005
2025-01-13 13:01:56,760 [trainer.py] => later_epochs: 20
2025-01-13 13:01:56,760 [trainer.py] => later_lr: 0.005
2025-01-13 13:01:56,761 [trainer.py] => batch_size: 16
2025-01-13 13:01:56,761 [trainer.py] => weight_decay: 0.0001
2025-01-13 13:01:56,761 [trainer.py] => min_lr: 1e-06
2025-01-13 13:01:56,761 [trainer.py] => optimizer: adamw
2025-01-13 13:01:56,761 [trainer.py] => scheduler: cosine
2025-01-13 13:01:56,761 [trainer.py] => pretrained: False
2025-01-13 13:01:56,761 [trainer.py] => vpt_type: Deep
2025-01-13 13:01:56,761 [trainer.py] => prompt_token_num: 5
2025-01-13 13:01:56,761 [trainer.py] => ffn_num: 128
2025-01-13 13:01:56,761 [trainer.py] => use_diagonal: False
2025-01-13 13:01:56,761 [trainer.py] => recalc_sim: True
2025-01-13 13:01:56,761 [trainer.py] => alpha: 0.1
2025-01-13 13:01:56,761 [trainer.py] => use_init_ptm: False
2025-01-13 13:01:56,761 [trainer.py] => beta: 0
2025-01-13 13:01:56,761 [trainer.py] => use_old_data: False
2025-01-13 13:01:56,761 [trainer.py] => use_reweight: True
2025-01-13 13:01:56,761 [trainer.py] => moni_adam: False
2025-01-13 13:01:56,761 [trainer.py] => adapter_num: -1
2025-01-13 13:01:56,761 [trainer.py] => data_type: float32
2025-01-13 13:01:58,844 [_builder.py] => Loading pretrained weights from Hugging Face hub (timm/vit_base_patch16_224.augreg2_in21k_ft_in1k)
2025-01-13 13:01:59,474 [_hub.py] => [timm/vit_base_patch16_224.augreg2_in21k_ft_in1k] Safe alternative available for 'pytorch_model.bin' (as 'model.safetensors'). Loading weights using safetensors.
2025-01-13 13:01:59,609 [trainer.py] => All params: 88168704
2025-01-13 13:01:59,610 [trainer.py] => Trainable params: 2370048
2025-01-13 13:01:59,629 [ease.py] => Learning on 0-1
2025-01-13 13:08:05,108 [ease.py] => Task 0, Epoch 20/20 => Loss 0.000, Train_accy 100.00
2025-01-13 13:08:44,689 [ease.py] => Task correct: 100.0
2025-01-13 13:08:44,689 [ease.py] => Task acc: 100.0
2025-01-13 13:08:44,710 [trainer.py] => No NME accuracy.
2025-01-13 13:08:44,710 [trainer.py] => CNN: {'total': 100.0, 'old': 0, 'new': 100.0}
2025-01-13 13:08:44,710 [trainer.py] => CNN top1 curve: [100.0]
2025-01-13 13:08:44,711 [trainer.py] => Average Accuracy (CNN): 100.0 

2025-01-13 13:08:44,711 [trainer.py] => All params: 88170242
2025-01-13 13:08:44,711 [trainer.py] => Trainable params: 2371586
2025-01-13 13:08:44,711 [ease.py] => Learning on 1-2
2025-01-13 13:15:02,691 [ease.py] => Task 1, Epoch 20/20 => Loss 0.000, Train_accy 100.00
2025-01-13 13:15:56,385 [ease.py] => Task correct: 97.5
2025-01-13 13:15:56,385 [ease.py] => Task acc: 100.0
2025-01-13 13:15:56,400 [trainer.py] => No NME accuracy.
2025-01-13 13:15:56,400 [trainer.py] => CNN: {'total': 97.5, '00-00': 100.0, 'old': 100.0, 'new': 95.0}
2025-01-13 13:15:56,400 [trainer.py] => CNN top1 curve: [100.0, 97.5]
2025-01-13 13:15:56,400 [trainer.py] => Average Accuracy (CNN): 98.75 

2025-01-13 13:15:56,400 [trainer.py] => All params: 88172546
2025-01-13 13:15:56,401 [trainer.py] => Trainable params: 2373890
2025-01-13 13:15:56,401 [ease.py] => Learning on 2-3
2025-01-13 13:22:20,749 [ease.py] => Task 2, Epoch 20/20 => Loss 0.000, Train_accy 100.00
2025-01-13 13:23:33,026 [ease.py] => Task correct: 98.33333333333333
2025-01-13 13:23:33,026 [ease.py] => Task acc: 100.0
2025-01-13 13:23:33,044 [trainer.py] => No NME accuracy.
2025-01-13 13:23:33,044 [trainer.py] => CNN: {'total': 98.33, '00-00': 100.0, '01-01': 97.5, 'old': 98.75, 'new': 97.5}
2025-01-13 13:23:33,044 [trainer.py] => CNN top1 curve: [100.0, 97.5, 98.33]
2025-01-13 13:23:33,044 [trainer.py] => Average Accuracy (CNN): 98.61 

2025-01-13 13:23:33,045 [trainer.py] => All params: 88176386
2025-01-13 13:23:33,045 [trainer.py] => Trainable params: 2377730
2025-01-13 13:23:33,046 [ease.py] => Learning on 3-4
2025-01-13 13:30:08,537 [ease.py] => Task 3, Epoch 20/20 => Loss 0.000, Train_accy 100.00
2025-01-13 13:31:40,721 [ease.py] => Task correct: 94.375
2025-01-13 13:31:40,721 [ease.py] => Task acc: 100.0
2025-01-13 13:31:40,737 [trainer.py] => No NME accuracy.
2025-01-13 13:31:40,737 [trainer.py] => CNN: {'total': 94.38, '00-00': 100.0, '01-01': 90.0, '02-02': 97.5, 'old': 95.83, 'new': 90.0}
2025-01-13 13:31:40,737 [trainer.py] => CNN top1 curve: [100.0, 97.5, 98.33, 94.38]
2025-01-13 13:31:40,738 [trainer.py] => Average Accuracy (CNN): 97.5525 

2025-01-13 13:31:40,738 [trainer.py] => All params: 88181762
2025-01-13 13:31:40,738 [trainer.py] => Trainable params: 2383106
2025-01-13 13:31:40,739 [ease.py] => Learning on 4-5
2025-01-13 13:37:29,056 [ease.py] => Task 4, Epoch 20/20 => Loss 0.000, Train_accy 100.00
2025-01-13 13:39:13,379 [ease.py] => Task correct: 95.0
2025-01-13 13:39:13,379 [ease.py] => Task acc: 100.0
2025-01-13 13:39:13,396 [trainer.py] => No NME accuracy.
2025-01-13 13:39:13,396 [trainer.py] => CNN: {'total': 95.0, '00-00': 100.0, '01-01': 90.0, '02-02': 97.5, '03-03': 87.5, 'old': 93.75, 'new': 100.0}
2025-01-13 13:39:13,396 [trainer.py] => CNN top1 curve: [100.0, 97.5, 98.33, 94.38, 95.0]
2025-01-13 13:39:13,396 [trainer.py] => Average Accuracy (CNN): 97.042 

2025-02-20 09:18:33,013 [trainer.py] => config: ./exps/北交.json
2025-02-20 09:18:33,015 [trainer.py] => prefix:  
2025-02-20 09:18:33,015 [trainer.py] => dataset: beijiao
2025-02-20 09:18:33,015 [trainer.py] => memory_size: 0
2025-02-20 09:18:33,015 [trainer.py] => memory_per_class: 0
2025-02-20 09:18:33,015 [trainer.py] => fixed_memory: False
2025-02-20 09:18:33,015 [trainer.py] => shuffle: True
2025-02-20 09:18:33,015 [trainer.py] => init_cls: 1
2025-02-20 09:18:33,015 [trainer.py] => increment: 1
2025-02-20 09:18:33,015 [trainer.py] => model_name: ease
2025-02-20 09:18:33,015 [trainer.py] => backbone_type: vit_base_patch16_224_ease
2025-02-20 09:18:33,015 [trainer.py] => device: [device(type='cuda', index=0)]
2025-02-20 09:18:33,015 [trainer.py] => seed: 1993
2025-02-20 09:18:33,015 [trainer.py] => init_epochs: 20
2025-02-20 09:18:33,015 [trainer.py] => init_lr: 0.005
2025-02-20 09:18:33,015 [trainer.py] => later_epochs: 20
2025-02-20 09:18:33,015 [trainer.py] => later_lr: 0.005
2025-02-20 09:18:33,015 [trainer.py] => batch_size: 16
2025-02-20 09:18:33,015 [trainer.py] => weight_decay: 0.0001
2025-02-20 09:18:33,015 [trainer.py] => min_lr: 1e-06
2025-02-20 09:18:33,015 [trainer.py] => optimizer: adamw
2025-02-20 09:18:33,015 [trainer.py] => scheduler: cosine
2025-02-20 09:18:33,015 [trainer.py] => pretrained: False
2025-02-20 09:18:33,015 [trainer.py] => vpt_type: Deep
2025-02-20 09:18:33,015 [trainer.py] => prompt_token_num: 5
2025-02-20 09:18:33,015 [trainer.py] => ffn_num: 128
2025-02-20 09:18:33,015 [trainer.py] => use_diagonal: False
2025-02-20 09:18:33,015 [trainer.py] => recalc_sim: True
2025-02-20 09:18:33,015 [trainer.py] => alpha: 0.1
2025-02-20 09:18:33,015 [trainer.py] => use_init_ptm: False
2025-02-20 09:18:33,015 [trainer.py] => beta: 0
2025-02-20 09:18:33,015 [trainer.py] => use_old_data: False
2025-02-20 09:18:33,015 [trainer.py] => use_reweight: True
2025-02-20 09:18:33,015 [trainer.py] => moni_adam: False
2025-02-20 09:18:33,016 [trainer.py] => adapter_num: -1
2025-02-20 09:18:33,016 [trainer.py] => data_type: float32
2025-02-20 09:18:36,052 [_builder.py] => Loading pretrained weights from Hugging Face hub (timm/vit_base_patch16_224.augreg2_in21k_ft_in1k)
2025-02-20 09:18:37,174 [_hub.py] => [timm/vit_base_patch16_224.augreg2_in21k_ft_in1k] Safe alternative available for 'pytorch_model.bin' (as 'model.safetensors'). Loading weights using safetensors.
2025-02-20 09:18:37,543 [trainer.py] => All params: 88168704
2025-02-20 09:18:37,543 [trainer.py] => Trainable params: 2370048
2025-02-20 09:18:37,600 [ease.py] => Learning on 0-1
