2026-01-05 15:03:52,690 [trainer.py] => config: ./exps/±±½»+µçÌİ.json
2026-01-05 15:03:52,691 [trainer.py] => prefix:  
2026-01-05 15:03:52,691 [trainer.py] => dataset: dainti
2026-01-05 15:03:52,691 [trainer.py] => memory_size: 0
2026-01-05 15:03:52,691 [trainer.py] => memory_per_class: 0
2026-01-05 15:03:52,691 [trainer.py] => fixed_memory: False
2026-01-05 15:03:52,691 [trainer.py] => shuffle: True
2026-01-05 15:03:52,691 [trainer.py] => init_cls: 5
2026-01-05 15:03:52,691 [trainer.py] => increment: 1
2026-01-05 15:03:52,691 [trainer.py] => model_name: ease
2026-01-05 15:03:52,691 [trainer.py] => backbone_type: vit_base_patch16_224_ease
2026-01-05 15:03:52,691 [trainer.py] => device: [device(type='cuda', index=0)]
2026-01-05 15:03:52,691 [trainer.py] => seed: 1993
2026-01-05 15:03:52,691 [trainer.py] => init_epochs: 1
2026-01-05 15:03:52,691 [trainer.py] => init_lr: 0.001
2026-01-05 15:03:52,691 [trainer.py] => later_epochs: 1
2026-01-05 15:03:52,691 [trainer.py] => later_lr: 0.001
2026-01-05 15:03:52,691 [trainer.py] => batch_size: 32
2026-01-05 15:03:52,691 [trainer.py] => weight_decay: 0.0001
2026-01-05 15:03:52,691 [trainer.py] => min_lr: 1e-06
2026-01-05 15:03:52,691 [trainer.py] => optimizer: adamw
2026-01-05 15:03:52,691 [trainer.py] => scheduler: cosine
2026-01-05 15:03:52,691 [trainer.py] => pretrained: True
2026-01-05 15:03:52,691 [trainer.py] => vpt_type: Deep
2026-01-05 15:03:52,691 [trainer.py] => prompt_token_num: 5
2026-01-05 15:03:52,691 [trainer.py] => ffn_num: 128
2026-01-05 15:03:52,691 [trainer.py] => use_diagonal: False
2026-01-05 15:03:52,692 [trainer.py] => recalc_sim: True
2026-01-05 15:03:52,692 [trainer.py] => alpha: 0.1
2026-01-05 15:03:52,692 [trainer.py] => use_init_ptm: False
2026-01-05 15:03:52,692 [trainer.py] => beta: 0
2026-01-05 15:03:52,692 [trainer.py] => use_old_data: False
2026-01-05 15:03:52,692 [trainer.py] => use_reweight: True
2026-01-05 15:03:52,692 [trainer.py] => moni_adam: False
2026-01-05 15:03:52,692 [trainer.py] => adapter_num: -1
2026-01-05 15:03:52,692 [trainer.py] => data_type: float32
