2025-04-08 10:11:44,475 [trainer.py] => config: ./exps/北交.json
2025-04-08 10:11:44,475 [trainer.py] => prefix:  
2025-04-08 10:11:44,475 [trainer.py] => dataset: beijiao
2025-04-08 10:11:44,475 [trainer.py] => memory_size: 0
2025-04-08 10:11:44,475 [trainer.py] => memory_per_class: 0
2025-04-08 10:11:44,476 [trainer.py] => fixed_memory: False
2025-04-08 10:11:44,476 [trainer.py] => shuffle: True
2025-04-08 10:11:44,476 [trainer.py] => init_cls: 2
2025-04-08 10:11:44,476 [trainer.py] => increment: 2
2025-04-08 10:11:44,476 [trainer.py] => model_name: ease
2025-04-08 10:11:44,476 [trainer.py] => backbone_type: vit_base_patch16_224_ease
2025-04-08 10:11:44,476 [trainer.py] => device: [device(type='cuda', index=0)]
2025-04-08 10:11:44,476 [trainer.py] => seed: 1993
2025-04-08 10:11:44,476 [trainer.py] => init_epochs: 1
2025-04-08 10:11:44,476 [trainer.py] => init_lr: 0.005
2025-04-08 10:11:44,476 [trainer.py] => later_epochs: 1
2025-04-08 10:11:44,476 [trainer.py] => later_lr: 0.005
2025-04-08 10:11:44,476 [trainer.py] => batch_size: 16
2025-04-08 10:11:44,476 [trainer.py] => weight_decay: 0.0001
2025-04-08 10:11:44,476 [trainer.py] => min_lr: 1e-06
2025-04-08 10:11:44,476 [trainer.py] => optimizer: adamw
2025-04-08 10:11:44,476 [trainer.py] => scheduler: cosine
2025-04-08 10:11:44,476 [trainer.py] => pretrained: False
2025-04-08 10:11:44,476 [trainer.py] => vpt_type: Deep
2025-04-08 10:11:44,476 [trainer.py] => prompt_token_num: 5
2025-04-08 10:11:44,476 [trainer.py] => ffn_num: 128
2025-04-08 10:11:44,476 [trainer.py] => use_diagonal: False
2025-04-08 10:11:44,476 [trainer.py] => recalc_sim: True
2025-04-08 10:11:44,476 [trainer.py] => alpha: 0.1
2025-04-08 10:11:44,476 [trainer.py] => use_init_ptm: False
2025-04-08 10:11:44,476 [trainer.py] => beta: 0
2025-04-08 10:11:44,476 [trainer.py] => use_old_data: False
2025-04-08 10:11:44,476 [trainer.py] => use_reweight: True
2025-04-08 10:11:44,476 [trainer.py] => moni_adam: False
2025-04-08 10:11:44,476 [trainer.py] => adapter_num: -1
2025-04-08 10:11:44,477 [trainer.py] => data_type: float32
2025-04-08 10:11:46,714 [_builder.py] => Loading pretrained weights from Hugging Face hub (timm/vit_base_patch16_224.augreg2_in21k_ft_in1k)
2025-04-08 10:11:47,504 [_hub.py] => [timm/vit_base_patch16_224.augreg2_in21k_ft_in1k] Safe alternative available for 'pytorch_model.bin' (as 'model.safetensors'). Loading weights using safetensors.
2025-04-08 10:11:47,597 [trainer.py] => All params: 88168704
2025-04-08 10:11:47,597 [trainer.py] => Trainable params: 2370048
2025-04-08 10:11:47,621 [ease.py] => Learning on 0-2
2025-04-08 10:12:16,619 [ease.py] => Task 0, Epoch 1/1 => Loss 0.311, Train_accy 92.50
2025-04-08 10:13:06,734 [ease.py] => Task correct: 100.0
2025-04-08 10:13:06,734 [ease.py] => Task acc: 98.75
2025-04-08 10:13:06,775 [trainer.py] => No NME accuracy.
2025-04-08 10:13:06,775 [trainer.py] => CNN: {'total': 98.75, '00-01': 98.75, 'old': 0, 'new': 98.75}
2025-04-08 10:13:06,775 [trainer.py] => CNN top1 curve: [98.75]
2025-04-08 10:13:06,775 [trainer.py] => Average Accuracy (CNN): 98.75 

2025-04-08 10:13:06,776 [trainer.py] => All params: 88171778
2025-04-08 10:13:06,777 [trainer.py] => Trainable params: 2373122
2025-04-08 10:13:06,777 [ease.py] => Learning on 2-4
2025-04-08 10:13:36,350 [ease.py] => Task 1, Epoch 1/1 => Loss 0.327, Train_accy 88.12
2025-04-08 10:14:56,184 [ease.py] => Task correct: 68.75
2025-04-08 10:14:56,184 [ease.py] => Task acc: 96.25
2025-04-08 10:14:56,221 [trainer.py] => No NME accuracy.
2025-04-08 10:14:56,221 [trainer.py] => CNN: {'total': 68.12, '00-01': 48.75, '02-03': 87.5, 'old': 48.75, 'new': 87.5}
2025-04-08 10:14:56,221 [trainer.py] => CNN top1 curve: [98.75, 68.12]
2025-04-08 10:14:56,221 [trainer.py] => Average Accuracy (CNN): 83.435 

2025-04-08 10:14:56,222 [trainer.py] => All params: 88176386
2025-04-08 10:14:56,222 [trainer.py] => Trainable params: 2377730
2025-04-08 10:14:56,223 [ease.py] => Learning on 4-5
2025-04-08 10:15:22,109 [ease.py] => Task 2, Epoch 1/1 => Loss 0.253, Train_accy 99.38
2025-04-08 10:17:03,882 [ease.py] => Task correct: 54.5
2025-04-08 10:17:03,882 [ease.py] => Task acc: 97.0
2025-04-08 10:17:03,938 [trainer.py] => No NME accuracy.
2025-04-08 10:17:03,938 [trainer.py] => CNN: {'total': 54.5, '00-01': 48.75, '02-03': 37.5, 'old': 43.12, 'new': 100.0}
2025-04-08 10:17:03,939 [trainer.py] => CNN top1 curve: [98.75, 68.12, 54.5]
2025-04-08 10:17:03,939 [trainer.py] => Average Accuracy (CNN): 73.79 

2025-04-08 10:30:20,912 [trainer.py] => config: ./exps/北交.json
2025-04-08 10:30:20,913 [trainer.py] => prefix:  
2025-04-08 10:30:20,913 [trainer.py] => dataset: beijiao
2025-04-08 10:30:20,913 [trainer.py] => memory_size: 0
2025-04-08 10:30:20,913 [trainer.py] => memory_per_class: 0
2025-04-08 10:30:20,913 [trainer.py] => fixed_memory: False
2025-04-08 10:30:20,913 [trainer.py] => shuffle: True
2025-04-08 10:30:20,913 [trainer.py] => init_cls: 2
2025-04-08 10:30:20,913 [trainer.py] => increment: 2
2025-04-08 10:30:20,913 [trainer.py] => model_name: ease
2025-04-08 10:30:20,913 [trainer.py] => backbone_type: vit_base_patch16_224_ease
2025-04-08 10:30:20,913 [trainer.py] => device: [device(type='cuda', index=0)]
2025-04-08 10:30:20,913 [trainer.py] => seed: 1993
2025-04-08 10:30:20,913 [trainer.py] => init_epochs: 1
2025-04-08 10:30:20,913 [trainer.py] => init_lr: 0.005
2025-04-08 10:30:20,913 [trainer.py] => later_epochs: 1
2025-04-08 10:30:20,913 [trainer.py] => later_lr: 0.005
2025-04-08 10:30:20,913 [trainer.py] => batch_size: 16
2025-04-08 10:30:20,913 [trainer.py] => weight_decay: 0.0001
2025-04-08 10:30:20,913 [trainer.py] => min_lr: 1e-06
2025-04-08 10:30:20,913 [trainer.py] => optimizer: adamw
2025-04-08 10:30:20,913 [trainer.py] => scheduler: cosine
2025-04-08 10:30:20,913 [trainer.py] => pretrained: False
2025-04-08 10:30:20,913 [trainer.py] => vpt_type: Deep
2025-04-08 10:30:20,913 [trainer.py] => prompt_token_num: 5
2025-04-08 10:30:20,913 [trainer.py] => ffn_num: 128
2025-04-08 10:30:20,913 [trainer.py] => use_diagonal: False
2025-04-08 10:30:20,913 [trainer.py] => recalc_sim: True
2025-04-08 10:30:20,913 [trainer.py] => alpha: 0.1
2025-04-08 10:30:20,913 [trainer.py] => use_init_ptm: False
2025-04-08 10:30:20,913 [trainer.py] => beta: 0
2025-04-08 10:30:20,913 [trainer.py] => use_old_data: False
2025-04-08 10:30:20,913 [trainer.py] => use_reweight: True
2025-04-08 10:30:20,914 [trainer.py] => moni_adam: False
2025-04-08 10:30:20,914 [trainer.py] => adapter_num: -1
2025-04-08 10:30:20,914 [trainer.py] => data_type: float32
2025-04-08 10:30:23,266 [_builder.py] => Loading pretrained weights from Hugging Face hub (timm/vit_base_patch16_224.augreg2_in21k_ft_in1k)
2025-04-08 10:30:24,146 [_hub.py] => [timm/vit_base_patch16_224.augreg2_in21k_ft_in1k] Safe alternative available for 'pytorch_model.bin' (as 'model.safetensors'). Loading weights using safetensors.
2025-04-08 10:30:24,251 [trainer.py] => All params: 88168704
2025-04-08 10:30:24,251 [trainer.py] => Trainable params: 2370048
2025-04-08 10:30:24,275 [ease.py] => Learning on 0-2
2025-04-08 10:30:52,304 [ease.py] => Task 0, Epoch 1/1 => Loss 0.311, Train_accy 92.50
2025-04-08 10:31:41,962 [ease.py] => Task correct: 100.0
2025-04-08 10:31:41,962 [ease.py] => Task acc: 98.75
2025-04-08 10:31:41,984 [trainer.py] => No NME accuracy.
2025-04-08 10:31:41,985 [trainer.py] => CNN: {'total': 98.75, '00-01': 98.75, 'old': 0, 'new': 98.75}
2025-04-08 10:31:41,985 [trainer.py] => CNN top1 curve: [98.75]
2025-04-08 10:31:41,985 [trainer.py] => Average Accuracy (CNN): 98.75 

2025-04-08 10:31:41,985 [trainer.py] => All params: 88171778
2025-04-08 10:31:41,986 [trainer.py] => Trainable params: 2373122
2025-04-08 10:31:41,988 [ease.py] => Learning on 2-4
2025-04-08 10:32:09,640 [ease.py] => Task 1, Epoch 1/1 => Loss 0.327, Train_accy 88.12
2025-04-08 10:33:26,692 [ease.py] => Task correct: 68.75
2025-04-08 10:33:26,692 [ease.py] => Task acc: 96.25
2025-04-08 10:33:26,712 [trainer.py] => No NME accuracy.
2025-04-08 10:33:26,712 [trainer.py] => CNN: {'total': 68.12, '00-01': 48.75, '02-03': 87.5, 'old': 48.75, 'new': 87.5}
2025-04-08 10:33:26,713 [trainer.py] => CNN top1 curve: [98.75, 68.12]
2025-04-08 10:33:26,713 [trainer.py] => Average Accuracy (CNN): 83.435 

2025-04-08 10:33:26,714 [trainer.py] => All params: 88176386
2025-04-08 10:33:26,714 [trainer.py] => Trainable params: 2377730
2025-04-08 10:33:26,715 [ease.py] => Learning on 4-5
2025-04-08 10:33:52,382 [ease.py] => Task 2, Epoch 1/1 => Loss 0.253, Train_accy 99.38
2025-04-08 10:35:33,425 [ease.py] => Task correct: 54.5
2025-04-08 10:35:33,425 [ease.py] => Task acc: 97.0
2025-04-08 10:35:33,450 [trainer.py] => No NME accuracy.
2025-04-08 10:35:33,451 [trainer.py] => CNN: {'total': 54.5, '00-01': 48.75, '02-03': 37.5, 'old': 43.12, 'new': 100.0}
2025-04-08 10:35:33,451 [trainer.py] => CNN top1 curve: [98.75, 68.12, 54.5]
2025-04-08 10:35:33,451 [trainer.py] => Average Accuracy (CNN): 73.79 

2025-04-08 10:38:29,376 [trainer.py] => config: ./exps/北交.json
2025-04-08 10:38:29,376 [trainer.py] => prefix:  
2025-04-08 10:38:29,376 [trainer.py] => dataset: beijiao
2025-04-08 10:38:29,376 [trainer.py] => memory_size: 0
2025-04-08 10:38:29,376 [trainer.py] => memory_per_class: 0
2025-04-08 10:38:29,376 [trainer.py] => fixed_memory: False
2025-04-08 10:38:29,376 [trainer.py] => shuffle: True
2025-04-08 10:38:29,376 [trainer.py] => init_cls: 2
2025-04-08 10:38:29,376 [trainer.py] => increment: 2
2025-04-08 10:38:29,376 [trainer.py] => model_name: ease
2025-04-08 10:38:29,376 [trainer.py] => backbone_type: vit_base_patch16_224_ease
2025-04-08 10:38:29,376 [trainer.py] => device: [device(type='cuda', index=0)]
2025-04-08 10:38:29,376 [trainer.py] => seed: 1993
2025-04-08 10:38:29,376 [trainer.py] => init_epochs: 1
2025-04-08 10:38:29,376 [trainer.py] => init_lr: 0.005
2025-04-08 10:38:29,376 [trainer.py] => later_epochs: 1
2025-04-08 10:38:29,376 [trainer.py] => later_lr: 0.005
2025-04-08 10:38:29,376 [trainer.py] => batch_size: 16
2025-04-08 10:38:29,376 [trainer.py] => weight_decay: 0.0001
2025-04-08 10:38:29,376 [trainer.py] => min_lr: 1e-06
2025-04-08 10:38:29,376 [trainer.py] => optimizer: adamw
2025-04-08 10:38:29,376 [trainer.py] => scheduler: cosine
2025-04-08 10:38:29,376 [trainer.py] => pretrained: False
2025-04-08 10:38:29,376 [trainer.py] => vpt_type: Deep
2025-04-08 10:38:29,376 [trainer.py] => prompt_token_num: 5
2025-04-08 10:38:29,376 [trainer.py] => ffn_num: 128
2025-04-08 10:38:29,376 [trainer.py] => use_diagonal: False
2025-04-08 10:38:29,376 [trainer.py] => recalc_sim: True
2025-04-08 10:38:29,376 [trainer.py] => alpha: 0.1
2025-04-08 10:38:29,376 [trainer.py] => use_init_ptm: False
2025-04-08 10:38:29,376 [trainer.py] => beta: 0
2025-04-08 10:38:29,376 [trainer.py] => use_old_data: False
2025-04-08 10:38:29,376 [trainer.py] => use_reweight: True
2025-04-08 10:38:29,376 [trainer.py] => moni_adam: False
2025-04-08 10:38:29,376 [trainer.py] => adapter_num: -1
2025-04-08 10:38:29,376 [trainer.py] => data_type: float32
2025-04-08 10:38:31,597 [_builder.py] => Loading pretrained weights from Hugging Face hub (timm/vit_base_patch16_224.augreg2_in21k_ft_in1k)
2025-04-08 10:38:32,162 [_hub.py] => [timm/vit_base_patch16_224.augreg2_in21k_ft_in1k] Safe alternative available for 'pytorch_model.bin' (as 'model.safetensors'). Loading weights using safetensors.
2025-04-08 10:38:32,270 [trainer.py] => All params: 88168704
2025-04-08 10:38:32,271 [trainer.py] => Trainable params: 2370048
2025-04-08 10:38:32,291 [ease.py] => Learning on 0-2
2025-04-08 10:39:00,588 [ease.py] => Task 0, Epoch 1/1 => Loss 0.311, Train_accy 92.50
2025-04-08 10:39:53,688 [ease.py] => Task correct: 100.0
2025-04-08 10:39:53,688 [ease.py] => Task acc: 98.75
2025-04-08 10:39:53,720 [trainer.py] => No NME accuracy.
2025-04-08 10:39:53,720 [trainer.py] => CNN: {'total': 98.75, '00-01': 98.75, 'old': 0, 'new': 98.75}
2025-04-08 10:39:53,720 [trainer.py] => CNN top1 curve: [98.75]
2025-04-08 10:39:53,720 [trainer.py] => Average Accuracy (CNN): 98.75 

2025-04-08 10:39:53,722 [trainer.py] => All params: 88171778
2025-04-08 10:39:53,723 [trainer.py] => Trainable params: 2373122
2025-04-08 10:39:53,724 [ease.py] => Learning on 2-4
2025-04-08 10:40:23,832 [ease.py] => Task 1, Epoch 1/1 => Loss 0.327, Train_accy 88.12
2025-04-08 10:41:46,658 [ease.py] => Task correct: 68.75
2025-04-08 10:41:46,658 [ease.py] => Task acc: 96.25
2025-04-08 10:41:46,688 [trainer.py] => No NME accuracy.
2025-04-08 10:41:46,688 [trainer.py] => CNN: {'total': 68.12, '00-01': 48.75, '02-03': 87.5, 'old': 48.75, 'new': 87.5}
2025-04-08 10:41:46,688 [trainer.py] => CNN top1 curve: [98.75, 68.12]
2025-04-08 10:41:46,688 [trainer.py] => Average Accuracy (CNN): 83.435 

2025-04-08 10:41:46,689 [trainer.py] => All params: 88176386
2025-04-08 10:41:46,689 [trainer.py] => Trainable params: 2377730
2025-04-08 10:41:46,690 [ease.py] => Learning on 4-5
