2025-08-25 13:40:25,608 [trainer.py] => config: ./exps/wt.json
2025-08-25 13:40:25,608 [trainer.py] => prefix:  
2025-08-25 13:40:25,608 [trainer.py] => dataset: wt
2025-08-25 13:40:25,608 [trainer.py] => memory_size: 0
2025-08-25 13:40:25,608 [trainer.py] => memory_per_class: 0
2025-08-25 13:40:25,608 [trainer.py] => fixed_memory: False
2025-08-25 13:40:25,608 [trainer.py] => shuffle: True
2025-08-25 13:40:25,608 [trainer.py] => init_cls: 5
2025-08-25 13:40:25,608 [trainer.py] => increment: 5
2025-08-25 13:40:25,608 [trainer.py] => model_name: ease
2025-08-25 13:40:25,612 [trainer.py] => backbone_type: vit_base_patch16_224_ease
2025-08-25 13:40:25,612 [trainer.py] => device: [device(type='cuda', index=0)]
2025-08-25 13:40:25,612 [trainer.py] => seed: 1993
2025-08-25 13:40:25,612 [trainer.py] => init_epochs: 100
2025-08-25 13:40:25,612 [trainer.py] => init_lr: 0.03
2025-08-25 13:40:25,612 [trainer.py] => later_epochs: 80
2025-08-25 13:40:25,612 [trainer.py] => later_lr: 0.02
2025-08-25 13:40:25,613 [trainer.py] => batch_size: 64
2025-08-25 13:40:25,613 [trainer.py] => weight_decay: 0.0005
2025-08-25 13:40:25,613 [trainer.py] => min_lr: 0
2025-08-25 13:40:25,613 [trainer.py] => optimizer: sgd
2025-08-25 13:40:25,613 [trainer.py] => scheduler: cosine
2025-08-25 13:40:25,613 [trainer.py] => pretrained: True
2025-08-25 13:40:25,613 [trainer.py] => vpt_type: Deep
2025-08-25 13:40:25,613 [trainer.py] => prompt_token_num: 10
2025-08-25 13:40:25,613 [trainer.py] => ffn_num: 256
2025-08-25 13:40:25,613 [trainer.py] => use_diagonal: False
2025-08-25 13:40:25,613 [trainer.py] => recalc_sim: False
2025-08-25 13:40:25,613 [trainer.py] => alpha: 0.5
2025-08-25 13:40:25,613 [trainer.py] => use_init_ptm: True
2025-08-25 13:40:25,613 [trainer.py] => beta: 0.3
2025-08-25 13:40:25,613 [trainer.py] => use_old_data: False
2025-08-25 13:40:25,613 [trainer.py] => use_reweight: True
2025-08-25 13:40:25,613 [trainer.py] => moni_adam: False
2025-08-25 13:40:25,613 [trainer.py] => adapter_num: -1
2025-08-25 13:40:25,613 [trainer.py] => data_type: float32
2025-08-25 13:40:42,545 [data_manager.py] => [14, 6, 5, 8, 12, 11, 18, 2, 4, 16, 10, 15, 9, 13, 7, 0, 3, 19, 17, 1]
2025-08-25 13:40:44,797 [_builder.py] => Loading pretrained weights from Hugging Face hub (timm/vit_base_patch16_224.augreg2_in21k_ft_in1k)
2025-08-25 13:40:45,405 [_hub.py] => [timm/vit_base_patch16_224.augreg2_in21k_ft_in1k] Safe alternative available for 'pytorch_model.bin' (as 'model.safetensors'). Loading weights using safetensors.
2025-08-25 13:40:45,587 [trainer.py] => All params: 90529536
2025-08-25 13:40:45,588 [trainer.py] => Trainable params: 4730880
2025-08-25 13:40:45,624 [ease.py] => Learning on 0-5
2025-08-25 13:55:29,305 [trainer.py] => config: ./exps/wt.json
2025-08-25 13:55:29,305 [trainer.py] => prefix:  
2025-08-25 13:55:29,306 [trainer.py] => dataset: wt
2025-08-25 13:55:29,306 [trainer.py] => memory_size: 0
2025-08-25 13:55:29,306 [trainer.py] => memory_per_class: 0
2025-08-25 13:55:29,306 [trainer.py] => fixed_memory: False
2025-08-25 13:55:29,306 [trainer.py] => shuffle: True
2025-08-25 13:55:29,306 [trainer.py] => init_cls: 5
2025-08-25 13:55:29,306 [trainer.py] => increment: 5
2025-08-25 13:55:29,306 [trainer.py] => model_name: ease
2025-08-25 13:55:29,306 [trainer.py] => backbone_type: vit_base_patch16_224_ease
2025-08-25 13:55:29,306 [trainer.py] => device: [device(type='cuda', index=0)]
2025-08-25 13:55:29,306 [trainer.py] => seed: 1993
2025-08-25 13:55:29,306 [trainer.py] => init_epochs: 100
2025-08-25 13:55:29,306 [trainer.py] => init_lr: 0.03
2025-08-25 13:55:29,306 [trainer.py] => later_epochs: 80
2025-08-25 13:55:29,306 [trainer.py] => later_lr: 0.02
2025-08-25 13:55:29,306 [trainer.py] => batch_size: 64
2025-08-25 13:55:29,306 [trainer.py] => weight_decay: 0.0005
2025-08-25 13:55:29,306 [trainer.py] => min_lr: 0
2025-08-25 13:55:29,306 [trainer.py] => optimizer: sgd
2025-08-25 13:55:29,306 [trainer.py] => scheduler: cosine
2025-08-25 13:55:29,306 [trainer.py] => pretrained: True
2025-08-25 13:55:29,306 [trainer.py] => vpt_type: Deep
2025-08-25 13:55:29,306 [trainer.py] => prompt_token_num: 10
2025-08-25 13:55:29,306 [trainer.py] => ffn_num: 256
2025-08-25 13:55:29,306 [trainer.py] => use_diagonal: False
2025-08-25 13:55:29,306 [trainer.py] => recalc_sim: False
2025-08-25 13:55:29,306 [trainer.py] => alpha: 0.5
2025-08-25 13:55:29,306 [trainer.py] => use_init_ptm: True
2025-08-25 13:55:29,306 [trainer.py] => beta: 0.3
2025-08-25 13:55:29,306 [trainer.py] => use_old_data: False
2025-08-25 13:55:29,306 [trainer.py] => use_reweight: True
2025-08-25 13:55:29,306 [trainer.py] => moni_adam: False
2025-08-25 13:55:29,306 [trainer.py] => adapter_num: -1
2025-08-25 13:55:29,306 [trainer.py] => data_type: float32
2025-08-25 13:55:44,683 [data_manager.py] => [14, 6, 5, 8, 12, 11, 18, 2, 4, 16, 10, 15, 9, 13, 7, 0, 3, 19, 17, 1]
2025-08-25 13:55:47,007 [_builder.py] => Loading pretrained weights from Hugging Face hub (timm/vit_base_patch16_224.augreg2_in21k_ft_in1k)
2025-08-25 13:55:47,632 [_hub.py] => [timm/vit_base_patch16_224.augreg2_in21k_ft_in1k] Safe alternative available for 'pytorch_model.bin' (as 'model.safetensors'). Loading weights using safetensors.
2025-08-25 13:55:47,835 [trainer.py] => All params: 90529536
2025-08-25 13:55:47,836 [trainer.py] => Trainable params: 4730880
2025-08-25 13:55:47,896 [ease.py] => Learning on 0-5
2025-08-25 15:25:32,465 [ease.py] => Task 0, Epoch 100/100 => Loss 0.016, Train_accy 99.58
2025-08-25 15:27:42,573 [ease.py] => Task correct: 100.0
2025-08-25 15:27:42,573 [ease.py] => Task acc: 99.8
2025-08-25 15:27:42,613 [trainer.py] => No NME accuracy.
2025-08-25 15:27:42,613 [trainer.py] => CNN: {'total': 99.8, '00-04': 99.8, 'old': 0, 'new': 99.8}
2025-08-25 15:27:42,613 [trainer.py] => CNN top1 curve: [99.8]
2025-08-25 15:27:42,613 [trainer.py] => CNN top5 curve: [100.0]

2025-08-25 15:27:42,614 [trainer.py] => Average Accuracy (CNN): 99.8 

2025-08-25 15:28:21,329 [trainer.py] => All params: 90541058
2025-08-25 15:28:21,330 [trainer.py] => Trainable params: 4730880
2025-08-25 15:28:21,330 [ease.py] => Learning on 5-10
2025-08-25 16:39:23,339 [ease.py] => Task 1, Epoch 80/80 => Loss 0.008, Train_accy 99.88
2025-08-25 16:42:22,678 [ease.py] => Task correct: 91.35
2025-08-25 16:42:22,678 [ease.py] => Task acc: 99.65
2025-08-25 16:42:22,712 [trainer.py] => No NME accuracy.
2025-08-25 16:42:22,712 [trainer.py] => CNN: {'total': 91.2, '00-04': 83.7, '05-09': 98.7, 'old': 83.7, 'new': 98.7}
2025-08-25 16:42:22,712 [trainer.py] => CNN top1 curve: [99.8, 91.2]
2025-08-25 16:42:22,712 [trainer.py] => CNN top5 curve: [100.0, 100.0]

2025-08-25 16:42:22,712 [trainer.py] => Average Accuracy (CNN): 95.5 

2025-08-25 16:43:10,758 [trainer.py] => All params: 90556418
2025-08-25 16:43:10,758 [trainer.py] => Trainable params: 4730880
2025-08-25 16:43:10,760 [ease.py] => Learning on 10-15
2025-08-25 17:54:28,297 [ease.py] => Task 2, Epoch 80/80 => Loss 0.013, Train_accy 99.65
2025-08-25 17:58:29,227 [ease.py] => Task correct: 79.56666666666666
2025-08-25 17:58:29,228 [ease.py] => Task acc: 99.8
2025-08-25 17:58:29,273 [trainer.py] => No NME accuracy.
2025-08-25 17:58:29,273 [trainer.py] => CNN: {'total': 79.47, '00-04': 49.4, '05-09': 90.1, '10-14': 98.9, 'old': 69.75, 'new': 98.9}
2025-08-25 17:58:29,273 [trainer.py] => CNN top1 curve: [99.8, 91.2, 79.47]
2025-08-25 17:58:29,273 [trainer.py] => CNN top5 curve: [100.0, 100.0, 100.0]

2025-08-25 17:58:29,273 [trainer.py] => Average Accuracy (CNN): 90.15666666666668 

2025-08-25 17:59:32,632 [trainer.py] => All params: 90579458
2025-08-25 17:59:32,633 [trainer.py] => Trainable params: 4730880
2025-08-25 17:59:32,634 [ease.py] => Learning on 15-20
2025-08-25 19:11:18,216 [ease.py] => Task 3, Epoch 80/80 => Loss 0.027, Train_accy 99.10
2025-08-25 19:16:24,339 [ease.py] => Task correct: 72.125
2025-08-25 19:16:24,339 [ease.py] => Task acc: 99.425
2025-08-25 19:16:24,386 [trainer.py] => No NME accuracy.
2025-08-25 19:16:24,386 [trainer.py] => CNN: {'total': 71.88, '00-04': 32.2, '05-09': 73.6, '10-14': 88.1, '15-19': 93.6, 'old': 64.63, 'new': 93.6}
2025-08-25 19:16:24,387 [trainer.py] => CNN top1 curve: [99.8, 91.2, 79.47, 71.88]
2025-08-25 19:16:24,387 [trainer.py] => CNN top5 curve: [100.0, 100.0, 100.0, 99.9]

2025-08-25 19:16:24,387 [trainer.py] => Average Accuracy (CNN): 85.5875 

2025-08-25 19:17:47,387 [trainer.py] => Generating TSNE visualization for task 3 with features shape: (4000, 4608)
2025-08-25 19:17:47,642 [trainer.py] => PCA reduced features to shape: (4000, 50)
2025-08-25 19:18:06,794 [trainer.py] => TSNE reduced features to 3D shape: (4000, 3)
2025-08-25 19:18:07,012 [trainer.py] => Failed to plot 3D features: list index out of range
2025-08-27 15:54:40,188 [trainer.py] => config: ./exps/wt.json
2025-08-27 15:54:40,188 [trainer.py] => prefix:  
2025-08-27 15:54:40,189 [trainer.py] => dataset: wt
2025-08-27 15:54:40,189 [trainer.py] => memory_size: 0
2025-08-27 15:54:40,189 [trainer.py] => memory_per_class: 0
2025-08-27 15:54:40,189 [trainer.py] => fixed_memory: False
2025-08-27 15:54:40,189 [trainer.py] => shuffle: True
2025-08-27 15:54:40,189 [trainer.py] => init_cls: 5
2025-08-27 15:54:40,189 [trainer.py] => increment: 5
2025-08-27 15:54:40,189 [trainer.py] => model_name: ease
2025-08-27 15:54:40,189 [trainer.py] => backbone_type: vit_base_patch16_224_ease
2025-08-27 15:54:40,189 [trainer.py] => device: [device(type='cuda', index=0)]
2025-08-27 15:54:40,189 [trainer.py] => seed: 1993
2025-08-27 15:54:40,189 [trainer.py] => init_epochs: 100
2025-08-27 15:54:40,189 [trainer.py] => init_lr: 0.03
2025-08-27 15:54:40,189 [trainer.py] => later_epochs: 80
2025-08-27 15:54:40,189 [trainer.py] => later_lr: 0.02
2025-08-27 15:54:40,189 [trainer.py] => batch_size: 64
2025-08-27 15:54:40,189 [trainer.py] => weight_decay: 0.0005
2025-08-27 15:54:40,189 [trainer.py] => min_lr: 0
2025-08-27 15:54:40,189 [trainer.py] => optimizer: sgd
2025-08-27 15:54:40,189 [trainer.py] => scheduler: cosine
2025-08-27 15:54:40,189 [trainer.py] => pretrained: True
2025-08-27 15:54:40,189 [trainer.py] => vpt_type: Deep
2025-08-27 15:54:40,189 [trainer.py] => prompt_token_num: 10
2025-08-27 15:54:40,189 [trainer.py] => ffn_num: 256
2025-08-27 15:54:40,189 [trainer.py] => use_diagonal: False
2025-08-27 15:54:40,189 [trainer.py] => recalc_sim: True
2025-08-27 15:54:40,189 [trainer.py] => alpha: 0.5
2025-08-27 15:54:40,189 [trainer.py] => use_init_ptm: True
2025-08-27 15:54:40,189 [trainer.py] => beta: 0.3
2025-08-27 15:54:40,190 [trainer.py] => use_old_data: False
2025-08-27 15:54:40,190 [trainer.py] => use_reweight: True
2025-08-27 15:54:40,190 [trainer.py] => moni_adam: False
2025-08-27 15:54:40,190 [trainer.py] => adapter_num: -1
2025-08-27 15:54:40,190 [trainer.py] => data_type: float32
2025-08-27 15:54:59,479 [data_manager.py] => [14, 6, 5, 8, 12, 11, 18, 2, 4, 16, 10, 15, 9, 13, 7, 0, 3, 19, 17, 1]
2025-08-27 15:55:02,022 [_builder.py] => Loading pretrained weights from Hugging Face hub (timm/vit_base_patch16_224.augreg2_in21k_ft_in1k)
2025-08-27 15:55:02,849 [_hub.py] => [timm/vit_base_patch16_224.augreg2_in21k_ft_in1k] Safe alternative available for 'pytorch_model.bin' (as 'model.safetensors'). Loading weights using safetensors.
2025-08-27 15:55:03,035 [trainer.py] => All params: 90529536
2025-08-27 15:55:03,036 [trainer.py] => Trainable params: 4730880
2025-08-27 15:55:03,071 [ease.py] => Learning on 0-5
2025-08-27 17:24:28,103 [ease.py] => Task 0, Epoch 100/100 => Loss 0.016, Train_accy 99.58
2025-08-27 17:26:38,913 [ease.py] => Task correct: 100.0
2025-08-27 17:26:38,913 [ease.py] => Task acc: 99.8
2025-08-27 17:26:38,954 [trainer.py] => No NME accuracy.
2025-08-27 17:26:38,954 [trainer.py] => CNN: {'total': 99.8, '00-04': 99.8, 'old': 0, 'new': 99.8}
2025-08-27 17:26:38,954 [trainer.py] => CNN top1 curve: [99.8]
2025-08-27 17:26:38,954 [trainer.py] => CNN top5 curve: [100.0]

2025-08-27 17:26:38,954 [trainer.py] => Average Accuracy (CNN): 99.8 

2025-08-27 17:27:17,780 [trainer.py] => All params: 90541058
2025-08-27 17:27:17,783 [trainer.py] => Trainable params: 4730880
2025-08-27 17:27:17,785 [ease.py] => Learning on 5-10
2025-08-27 18:39:10,300 [ease.py] => Task 1, Epoch 80/80 => Loss 0.008, Train_accy 99.88
2025-08-27 18:42:15,153 [ease.py] => Task correct: 91.35
2025-08-27 18:42:15,153 [ease.py] => Task acc: 99.65
2025-08-27 18:42:15,197 [trainer.py] => No NME accuracy.
2025-08-27 18:42:15,197 [trainer.py] => CNN: {'total': 91.2, '00-04': 83.7, '05-09': 98.7, 'old': 83.7, 'new': 98.7}
2025-08-27 18:42:15,197 [trainer.py] => CNN top1 curve: [99.8, 91.2]
2025-08-27 18:42:15,197 [trainer.py] => CNN top5 curve: [100.0, 100.0]

2025-08-27 18:42:15,197 [trainer.py] => Average Accuracy (CNN): 95.5 

2025-08-27 18:43:05,047 [trainer.py] => All params: 90556418
2025-08-27 18:43:05,048 [trainer.py] => Trainable params: 4730880
2025-08-27 18:43:05,050 [ease.py] => Learning on 10-15
2025-08-27 19:55:46,882 [ease.py] => Task 2, Epoch 80/80 => Loss 0.013, Train_accy 99.65
2025-08-27 19:59:51,518 [ease.py] => Task correct: 82.46666666666667
2025-08-27 19:59:51,518 [ease.py] => Task acc: 99.73333333333333
2025-08-27 19:59:51,580 [trainer.py] => No NME accuracy.
2025-08-27 19:59:51,580 [trainer.py] => CNN: {'total': 82.37, '00-04': 56.7, '05-09': 91.5, '10-14': 98.9, 'old': 74.1, 'new': 98.9}
2025-08-27 19:59:51,580 [trainer.py] => CNN top1 curve: [99.8, 91.2, 82.37]
2025-08-27 19:59:51,580 [trainer.py] => CNN top5 curve: [100.0, 100.0, 100.0]

2025-08-27 19:59:51,581 [trainer.py] => Average Accuracy (CNN): 91.12333333333333 

2025-08-27 20:00:55,987 [trainer.py] => All params: 90579458
2025-08-27 20:00:55,988 [trainer.py] => Trainable params: 4730880
2025-08-27 20:00:55,990 [ease.py] => Learning on 15-20
2025-08-27 21:13:02,604 [ease.py] => Task 3, Epoch 80/80 => Loss 0.027, Train_accy 99.10
2025-08-27 21:18:07,820 [ease.py] => Task correct: 72.825
2025-08-27 21:18:07,820 [ease.py] => Task acc: 99.4
2025-08-27 21:18:07,876 [trainer.py] => No NME accuracy.
2025-08-27 21:18:07,877 [trainer.py] => CNN: {'total': 72.55, '00-04': 30.4, '05-09': 79.1, '10-14': 88.1, '15-19': 92.6, 'old': 65.87, 'new': 92.6}
2025-08-27 21:18:07,877 [trainer.py] => CNN top1 curve: [99.8, 91.2, 82.37, 72.55]
2025-08-27 21:18:07,877 [trainer.py] => CNN top5 curve: [100.0, 100.0, 100.0, 99.85]

2025-08-27 21:18:07,877 [trainer.py] => Average Accuracy (CNN): 86.48 

2025-08-27 21:19:30,909 [trainer.py] => Generating TSNE visualization for task 3 with features shape: (4000, 4608)
2025-08-27 21:19:31,233 [trainer.py] => PCA reduced features to shape: (4000, 50)
2025-08-27 21:19:49,960 [trainer.py] => TSNE reduced features to 3D shape: (4000, 3)
2025-08-27 21:19:57,987 [trainer.py] => 3D Legend saved to logs/ease/wt/0/5/ _1993_vit_base_patch16_224_ease_tsne_task_3_legend.png
2025-08-27 21:19:57,987 [trainer.py] => 3D TSNE visualization saved to logs/ease/wt/0/5/ _1993_vit_base_patch16_224_ease_tsne_task_3.png
2025-09-01 13:17:48,337 [trainer.py] => config: ./exps/wt.json
2025-09-01 13:17:48,337 [trainer.py] => prefix:  
2025-09-01 13:17:48,337 [trainer.py] => dataset: wt
2025-09-01 13:17:48,337 [trainer.py] => memory_size: 0
2025-09-01 13:17:48,337 [trainer.py] => memory_per_class: 0
2025-09-01 13:17:48,337 [trainer.py] => fixed_memory: False
2025-09-01 13:17:48,337 [trainer.py] => shuffle: True
2025-09-01 13:17:48,337 [trainer.py] => init_cls: 5
2025-09-01 13:17:48,337 [trainer.py] => increment: 5
2025-09-01 13:17:48,337 [trainer.py] => model_name: ease
2025-09-01 13:17:48,337 [trainer.py] => backbone_type: vit_base_patch16_224_ease
2025-09-01 13:17:48,337 [trainer.py] => device: [device(type='cuda', index=0)]
2025-09-01 13:17:48,337 [trainer.py] => seed: 1993
2025-09-01 13:17:48,337 [trainer.py] => init_epochs: 100
2025-09-01 13:17:48,337 [trainer.py] => init_lr: 0.03
2025-09-01 13:17:48,337 [trainer.py] => later_epochs: 80
2025-09-01 13:17:48,337 [trainer.py] => later_lr: 0.02
2025-09-01 13:17:48,337 [trainer.py] => batch_size: 64
2025-09-01 13:17:48,337 [trainer.py] => weight_decay: 0.0005
2025-09-01 13:17:48,337 [trainer.py] => min_lr: 0
2025-09-01 13:17:48,337 [trainer.py] => optimizer: sgd
2025-09-01 13:17:48,337 [trainer.py] => scheduler: cosine
2025-09-01 13:17:48,337 [trainer.py] => pretrained: True
2025-09-01 13:17:48,337 [trainer.py] => vpt_type: Deep
2025-09-01 13:17:48,337 [trainer.py] => prompt_token_num: 10
2025-09-01 13:17:48,338 [trainer.py] => ffn_num: 256
2025-09-01 13:17:48,338 [trainer.py] => use_diagonal: False
2025-09-01 13:17:48,338 [trainer.py] => recalc_sim: True
2025-09-01 13:17:48,338 [trainer.py] => alpha: 0.5
2025-09-01 13:17:48,338 [trainer.py] => use_init_ptm: True
2025-09-01 13:17:48,338 [trainer.py] => beta: 0.3
2025-09-01 13:17:48,338 [trainer.py] => use_old_data: False
2025-09-01 13:17:48,338 [trainer.py] => use_reweight: True
2025-09-01 13:17:48,338 [trainer.py] => moni_adam: False
2025-09-01 13:17:48,338 [trainer.py] => adapter_num: -1
2025-09-01 13:17:48,338 [trainer.py] => data_type: float32
2025-09-01 13:17:57,380 [trainer.py] => config: ./exps/wt.json
2025-09-01 13:17:57,380 [trainer.py] => prefix:  
2025-09-01 13:17:57,380 [trainer.py] => dataset: wt
2025-09-01 13:17:57,380 [trainer.py] => memory_size: 0
2025-09-01 13:17:57,380 [trainer.py] => memory_per_class: 0
2025-09-01 13:17:57,380 [trainer.py] => fixed_memory: False
2025-09-01 13:17:57,380 [trainer.py] => shuffle: True
2025-09-01 13:17:57,381 [trainer.py] => init_cls: 5
2025-09-01 13:17:57,381 [trainer.py] => increment: 5
2025-09-01 13:17:57,381 [trainer.py] => model_name: ease
2025-09-01 13:17:57,381 [trainer.py] => backbone_type: vit_base_patch16_224_ease
2025-09-01 13:17:57,381 [trainer.py] => device: [device(type='cuda', index=0)]
2025-09-01 13:17:57,381 [trainer.py] => seed: 1993
2025-09-01 13:17:57,381 [trainer.py] => init_epochs: 100
2025-09-01 13:17:57,381 [trainer.py] => init_lr: 0.03
2025-09-01 13:17:57,381 [trainer.py] => later_epochs: 80
2025-09-01 13:17:57,381 [trainer.py] => later_lr: 0.02
2025-09-01 13:17:57,381 [trainer.py] => batch_size: 64
2025-09-01 13:17:57,381 [trainer.py] => weight_decay: 0.0005
2025-09-01 13:17:57,381 [trainer.py] => min_lr: 0
2025-09-01 13:17:57,381 [trainer.py] => optimizer: sgd
2025-09-01 13:17:57,381 [trainer.py] => scheduler: cosine
2025-09-01 13:17:57,381 [trainer.py] => pretrained: True
2025-09-01 13:17:57,381 [trainer.py] => vpt_type: Deep
2025-09-01 13:17:57,381 [trainer.py] => prompt_token_num: 10
2025-09-01 13:17:57,381 [trainer.py] => ffn_num: 256
2025-09-01 13:17:57,381 [trainer.py] => use_diagonal: False
2025-09-01 13:17:57,381 [trainer.py] => recalc_sim: True
2025-09-01 13:17:57,381 [trainer.py] => alpha: 0.5
2025-09-01 13:17:57,381 [trainer.py] => use_init_ptm: True
2025-09-01 13:17:57,381 [trainer.py] => beta: 0.3
2025-09-01 13:17:57,381 [trainer.py] => use_old_data: False
2025-09-01 13:17:57,381 [trainer.py] => use_reweight: True
2025-09-01 13:17:57,381 [trainer.py] => moni_adam: False
2025-09-01 13:17:57,381 [trainer.py] => adapter_num: -1
2025-09-01 13:17:57,381 [trainer.py] => data_type: float32
2025-09-01 13:18:43,442 [trainer.py] => config: ./exps/wt.json
2025-09-01 13:18:43,442 [trainer.py] => prefix:  
2025-09-01 13:18:43,442 [trainer.py] => dataset: wt
2025-09-01 13:18:43,442 [trainer.py] => memory_size: 0
2025-09-01 13:18:43,442 [trainer.py] => memory_per_class: 0
2025-09-01 13:18:43,442 [trainer.py] => fixed_memory: False
2025-09-01 13:18:43,442 [trainer.py] => shuffle: True
2025-09-01 13:18:43,442 [trainer.py] => init_cls: 5
2025-09-01 13:18:43,442 [trainer.py] => increment: 5
2025-09-01 13:18:43,442 [trainer.py] => model_name: ease
2025-09-01 13:18:43,442 [trainer.py] => backbone_type: vit_base_patch16_224_ease
2025-09-01 13:18:43,443 [trainer.py] => device: [device(type='cuda', index=0)]
2025-09-01 13:18:43,443 [trainer.py] => seed: 1993
2025-09-01 13:18:43,443 [trainer.py] => init_epochs: 100
2025-09-01 13:18:43,443 [trainer.py] => init_lr: 0.03
2025-09-01 13:18:43,443 [trainer.py] => later_epochs: 80
2025-09-01 13:18:43,443 [trainer.py] => later_lr: 0.02
2025-09-01 13:18:43,443 [trainer.py] => batch_size: 64
2025-09-01 13:18:43,443 [trainer.py] => weight_decay: 0.0005
2025-09-01 13:18:43,443 [trainer.py] => min_lr: 0
2025-09-01 13:18:43,443 [trainer.py] => optimizer: sgd
2025-09-01 13:18:43,443 [trainer.py] => scheduler: cosine
2025-09-01 13:18:43,443 [trainer.py] => pretrained: True
2025-09-01 13:18:43,443 [trainer.py] => vpt_type: Deep
2025-09-01 13:18:43,443 [trainer.py] => prompt_token_num: 10
2025-09-01 13:18:43,443 [trainer.py] => ffn_num: 256
2025-09-01 13:18:43,443 [trainer.py] => use_diagonal: False
2025-09-01 13:18:43,443 [trainer.py] => recalc_sim: True
2025-09-01 13:18:43,443 [trainer.py] => alpha: 0.5
2025-09-01 13:18:43,443 [trainer.py] => use_init_ptm: True
2025-09-01 13:18:43,443 [trainer.py] => beta: 0.3
2025-09-01 13:18:43,443 [trainer.py] => use_old_data: False
2025-09-01 13:18:43,443 [trainer.py] => use_reweight: True
2025-09-01 13:18:43,443 [trainer.py] => moni_adam: False
2025-09-01 13:18:43,443 [trainer.py] => adapter_num: -1
2025-09-01 13:18:43,443 [trainer.py] => data_type: float32
2025-09-01 13:18:46,061 [data_manager.py] => [14, 6, 5, 8, 12, 11, 18, 2, 4, 16, 10, 15, 9, 13, 7, 0, 3, 19, 17, 1]
2025-09-01 13:18:47,370 [_builder.py] => Loading pretrained weights from Hugging Face hub (timm/vit_base_patch16_224.augreg2_in21k_ft_in1k)
2025-09-01 13:18:47,791 [_hub.py] => [timm/vit_base_patch16_224.augreg2_in21k_ft_in1k] Safe alternative available for 'pytorch_model.bin' (as 'model.safetensors'). Loading weights using safetensors.
2025-09-01 13:18:47,931 [trainer.py] => All params: 90529536
2025-09-01 13:18:47,932 [trainer.py] => Trainable params: 4730880
2025-09-01 13:18:47,968 [ease.py] => Learning on 0-5
2025-09-01 13:19:05,039 [trainer.py] => config: ./exps/wt.json
2025-09-01 13:19:05,039 [trainer.py] => prefix:  
2025-09-01 13:19:05,039 [trainer.py] => dataset: wt
2025-09-01 13:19:05,039 [trainer.py] => memory_size: 0
2025-09-01 13:19:05,039 [trainer.py] => memory_per_class: 0
2025-09-01 13:19:05,039 [trainer.py] => fixed_memory: False
2025-09-01 13:19:05,039 [trainer.py] => shuffle: True
2025-09-01 13:19:05,039 [trainer.py] => init_cls: 5
2025-09-01 13:19:05,039 [trainer.py] => increment: 5
2025-09-01 13:19:05,039 [trainer.py] => model_name: ease
2025-09-01 13:19:05,039 [trainer.py] => backbone_type: vit_base_patch16_224_ease
2025-09-01 13:19:05,039 [trainer.py] => device: [device(type='cuda', index=0)]
2025-09-01 13:19:05,039 [trainer.py] => seed: 1993
2025-09-01 13:19:05,039 [trainer.py] => init_epochs: 100
2025-09-01 13:19:05,039 [trainer.py] => init_lr: 0.03
2025-09-01 13:19:05,039 [trainer.py] => later_epochs: 80
2025-09-01 13:19:05,039 [trainer.py] => later_lr: 0.02
2025-09-01 13:19:05,039 [trainer.py] => batch_size: 64
2025-09-01 13:19:05,039 [trainer.py] => weight_decay: 0.0005
2025-09-01 13:19:05,039 [trainer.py] => min_lr: 0
2025-09-01 13:19:05,039 [trainer.py] => optimizer: sgd
2025-09-01 13:19:05,039 [trainer.py] => scheduler: cosine
2025-09-01 13:19:05,039 [trainer.py] => pretrained: True
2025-09-01 13:19:05,039 [trainer.py] => vpt_type: Deep
2025-09-01 13:19:05,039 [trainer.py] => prompt_token_num: 10
2025-09-01 13:19:05,040 [trainer.py] => ffn_num: 256
2025-09-01 13:19:05,040 [trainer.py] => use_diagonal: False
2025-09-01 13:19:05,040 [trainer.py] => recalc_sim: True
2025-09-01 13:19:05,040 [trainer.py] => alpha: 0.5
2025-09-01 13:19:05,040 [trainer.py] => use_init_ptm: True
2025-09-01 13:19:05,040 [trainer.py] => beta: 0.3
2025-09-01 13:19:05,040 [trainer.py] => use_old_data: False
2025-09-01 13:19:05,040 [trainer.py] => use_reweight: True
2025-09-01 13:19:05,040 [trainer.py] => moni_adam: False
2025-09-01 13:19:05,040 [trainer.py] => adapter_num: -1
2025-09-01 13:19:05,040 [trainer.py] => data_type: float32
2025-09-01 13:19:07,707 [data_manager.py] => [14, 6, 5, 8, 12, 11, 18, 2, 4, 16, 10, 15, 9, 13, 7, 0, 3, 19, 17, 1]
2025-09-01 13:19:08,969 [_builder.py] => Loading pretrained weights from Hugging Face hub (timm/vit_base_patch16_224.augreg2_in21k_ft_in1k)
2025-09-01 13:19:09,374 [_hub.py] => [timm/vit_base_patch16_224.augreg2_in21k_ft_in1k] Safe alternative available for 'pytorch_model.bin' (as 'model.safetensors'). Loading weights using safetensors.
2025-09-01 13:19:09,511 [trainer.py] => All params: 90529536
2025-09-01 13:19:09,512 [trainer.py] => Trainable params: 4730880
2025-09-01 13:19:09,539 [ease.py] => Learning on 0-5
2025-09-01 13:59:04,820 [ease.py] => Task 0, Epoch 100/100 => Loss 0.004, Train_accy 100.00
2025-09-01 14:00:07,463 [ease.py] => Task correct: 100.0
2025-09-01 14:00:07,463 [ease.py] => Task acc: 95.33333333333333
2025-09-01 14:00:07,511 [trainer.py] => No NME accuracy.
2025-09-01 14:00:07,511 [trainer.py] => CNN: {'total': 95.33, '00-04': 95.33, 'old': 0, 'new': 95.33}
2025-09-01 14:00:07,512 [trainer.py] => CNN top1 curve: [95.33]
2025-09-01 14:00:07,512 [trainer.py] => CNN top5 curve: [100.0]

2025-09-01 14:00:07,512 [trainer.py] => Average Accuracy (CNN): 95.33 

2025-09-01 14:00:27,952 [trainer.py] => All params: 90541058
2025-09-01 14:00:27,953 [trainer.py] => Trainable params: 4730880
2025-09-01 14:00:27,954 [ease.py] => Learning on 5-10
2025-09-01 14:39:16,125 [ease.py] => Task 1, Epoch 80/80 => Loss 0.008, Train_accy 100.00
2025-09-01 14:41:42,437 [ease.py] => Task correct: 87.0
2025-09-01 14:41:42,437 [ease.py] => Task acc: 95.83333333333333
2025-09-01 14:41:42,473 [trainer.py] => No NME accuracy.
2025-09-01 14:41:42,473 [trainer.py] => CNN: {'total': 84.67, '00-04': 78.33, '05-09': 91.0, 'old': 78.33, 'new': 91.0}
2025-09-01 14:41:42,473 [trainer.py] => CNN top1 curve: [95.33, 84.67]
2025-09-01 14:41:42,473 [trainer.py] => CNN top5 curve: [100.0, 99.83]

2025-09-01 14:41:42,473 [trainer.py] => Average Accuracy (CNN): 90.0 

2025-09-01 14:42:19,313 [trainer.py] => All params: 90556418
2025-09-01 14:42:19,313 [trainer.py] => Trainable params: 4730880
2025-09-01 14:42:19,315 [ease.py] => Learning on 10-15
2025-09-01 15:35:50,857 [ease.py] => Task 2, Epoch 80/80 => Loss 0.006, Train_accy 100.00
2025-09-01 15:38:55,487 [ease.py] => Task correct: 77.11111111111111
2025-09-01 15:38:55,487 [ease.py] => Task acc: 97.0
2025-09-01 15:38:55,539 [trainer.py] => No NME accuracy.
2025-09-01 15:38:55,539 [trainer.py] => CNN: {'total': 75.89, '00-04': 53.0, '05-09': 80.67, '10-14': 94.0, 'old': 66.83, 'new': 94.0}
2025-09-01 15:38:55,539 [trainer.py] => CNN top1 curve: [95.33, 84.67, 75.89]
2025-09-01 15:38:55,539 [trainer.py] => CNN top5 curve: [100.0, 99.83, 99.78]

2025-09-01 15:38:55,539 [trainer.py] => Average Accuracy (CNN): 85.29666666666667 

2025-09-01 15:39:39,407 [trainer.py] => All params: 90579458
2025-09-01 15:39:39,408 [trainer.py] => Trainable params: 4730880
2025-09-01 15:39:39,409 [ease.py] => Learning on 15-20
2025-09-01 16:32:34,420 [ease.py] => Task 3, Epoch 80/80 => Loss 0.013, Train_accy 99.83
2025-09-01 16:36:25,803 [ease.py] => Task correct: 71.16666666666667
2025-09-01 16:36:25,803 [ease.py] => Task acc: 96.25
2025-09-01 16:36:25,850 [trainer.py] => No NME accuracy.
2025-09-01 16:36:25,851 [trainer.py] => CNN: {'total': 70.08, '00-04': 46.67, '05-09': 71.67, '10-14': 86.0, '15-19': 76.0, 'old': 68.11, 'new': 76.0}
2025-09-01 16:36:25,851 [trainer.py] => CNN top1 curve: [95.33, 84.67, 75.89, 70.08]
2025-09-01 16:36:25,851 [trainer.py] => CNN top5 curve: [100.0, 99.83, 99.78, 98.75]

2025-09-01 16:36:25,851 [trainer.py] => Average Accuracy (CNN): 81.49249999999999 

2025-09-01 16:37:17,740 [trainer.py] => Generating TSNE visualization for task 3 with features shape: (1200, 4608)
2025-09-01 16:37:17,799 [trainer.py] => PCA reduced features to shape: (1200, 50)
2025-09-01 16:37:24,202 [trainer.py] => TSNE reduced features to 3D shape: (1200, 3)
2025-09-01 16:37:31,300 [trainer.py] => 3D Legend saved to logs/ease/wt/0/5/ _1993_vit_base_patch16_224_ease_tsne_task_3_legend.png
2025-09-01 16:37:31,300 [trainer.py] => 3D TSNE visualization saved to logs/ease/wt/0/5/ _1993_vit_base_patch16_224_ease_tsne_task_3.png
2025-09-02 09:45:27,972 [trainer.py] => config: ./exps/wt.json
2025-09-02 09:45:27,972 [trainer.py] => prefix:  
2025-09-02 09:45:27,972 [trainer.py] => dataset: wt
2025-09-02 09:45:27,972 [trainer.py] => memory_size: 0
2025-09-02 09:45:27,972 [trainer.py] => memory_per_class: 0
2025-09-02 09:45:27,972 [trainer.py] => fixed_memory: False
2025-09-02 09:45:27,972 [trainer.py] => shuffle: True
2025-09-02 09:45:27,972 [trainer.py] => init_cls: 5
2025-09-02 09:45:27,972 [trainer.py] => increment: 5
2025-09-02 09:45:27,972 [trainer.py] => model_name: ease
2025-09-02 09:45:27,973 [trainer.py] => backbone_type: vit_base_patch16_224_ease
2025-09-02 09:45:27,973 [trainer.py] => device: [device(type='cuda', index=0)]
2025-09-02 09:45:27,973 [trainer.py] => seed: 1993
2025-09-02 09:45:27,973 [trainer.py] => init_epochs: 100
2025-09-02 09:45:27,973 [trainer.py] => init_lr: 0.1
2025-09-02 09:45:27,973 [trainer.py] => later_epochs: 80
2025-09-02 09:45:27,973 [trainer.py] => later_lr: 0.05
2025-09-02 09:45:27,973 [trainer.py] => batch_size: 64
2025-09-02 09:45:27,973 [trainer.py] => weight_decay: 0.0005
2025-09-02 09:45:27,973 [trainer.py] => min_lr: 0
2025-09-02 09:45:27,973 [trainer.py] => optimizer: sgd
2025-09-02 09:45:27,973 [trainer.py] => scheduler: cosine
2025-09-02 09:45:27,973 [trainer.py] => pretrained: True
2025-09-02 09:45:27,973 [trainer.py] => vpt_type: Deep
2025-09-02 09:45:27,973 [trainer.py] => prompt_token_num: 10
2025-09-02 09:45:27,973 [trainer.py] => ffn_num: 256
2025-09-02 09:45:27,973 [trainer.py] => use_diagonal: False
2025-09-02 09:45:27,973 [trainer.py] => recalc_sim: True
2025-09-02 09:45:27,973 [trainer.py] => alpha: 0.5
2025-09-02 09:45:27,973 [trainer.py] => use_init_ptm: True
2025-09-02 09:45:27,973 [trainer.py] => beta: 0.3
2025-09-02 09:45:27,973 [trainer.py] => use_old_data: False
2025-09-02 09:45:27,973 [trainer.py] => use_reweight: True
2025-09-02 09:45:27,973 [trainer.py] => moni_adam: False
2025-09-02 09:45:27,973 [trainer.py] => adapter_num: -1
2025-09-02 09:45:27,973 [trainer.py] => data_type: float32
2025-09-02 09:45:31,965 [data_manager.py] => [14, 6, 5, 8, 12, 11, 18, 2, 4, 16, 10, 15, 9, 13, 7, 0, 3, 19, 17, 1]
2025-09-02 09:45:34,058 [_builder.py] => Loading pretrained weights from Hugging Face hub (timm/vit_base_patch16_224.augreg2_in21k_ft_in1k)
2025-09-02 09:45:34,594 [_hub.py] => [timm/vit_base_patch16_224.augreg2_in21k_ft_in1k] Safe alternative available for 'pytorch_model.bin' (as 'model.safetensors'). Loading weights using safetensors.
2025-09-02 09:45:34,781 [trainer.py] => All params: 90529536
2025-09-02 09:45:34,782 [trainer.py] => Trainable params: 4730880
2025-09-02 09:45:34,819 [ease.py] => Learning on 0-5
2025-09-02 10:51:51,803 [ease.py] => Task 0, Epoch 100/100 => Loss 0.015, Train_accy 99.58
2025-09-02 10:53:41,541 [ease.py] => Task correct: 100.0
2025-09-02 10:53:41,541 [ease.py] => Task acc: 99.33333333333333
2025-09-02 10:53:41,588 [trainer.py] => No NME accuracy.
2025-09-02 10:53:41,588 [trainer.py] => CNN: {'total': 99.33, '00-04': 99.33, 'old': 0, 'new': 99.33}
2025-09-02 10:53:41,588 [trainer.py] => CNN top1 curve: [99.33]
2025-09-02 10:53:41,588 [trainer.py] => CNN top5 curve: [100.0]

2025-09-02 10:53:41,588 [trainer.py] => Average Accuracy (CNN): 99.33 

2025-09-02 10:54:12,739 [trainer.py] => All params: 90541058
2025-09-02 10:54:12,739 [trainer.py] => Trainable params: 4730880
2025-09-02 10:54:12,742 [ease.py] => Learning on 5-10
2025-09-02 11:47:16,539 [ease.py] => Task 1, Epoch 80/80 => Loss 0.008, Train_accy 100.00
2025-09-02 11:49:41,636 [ease.py] => Task correct: 92.83333333333333
2025-09-02 11:49:41,637 [ease.py] => Task acc: 99.33333333333333
2025-09-02 11:49:41,670 [trainer.py] => No NME accuracy.
2025-09-02 11:49:41,670 [trainer.py] => CNN: {'total': 92.33, '00-04': 85.67, '05-09': 99.0, 'old': 85.67, 'new': 99.0}
2025-09-02 11:49:41,670 [trainer.py] => CNN top1 curve: [99.33, 92.33]
2025-09-02 11:49:41,670 [trainer.py] => CNN top5 curve: [100.0, 100.0]

2025-09-02 11:49:41,670 [trainer.py] => Average Accuracy (CNN): 95.83 

2025-09-02 11:50:21,171 [trainer.py] => All params: 90556418
2025-09-02 11:50:21,172 [trainer.py] => Trainable params: 4730880
2025-09-02 11:50:21,174 [ease.py] => Learning on 10-15
2025-09-02 12:43:27,094 [ease.py] => Task 2, Epoch 80/80 => Loss 0.017, Train_accy 99.42
2025-09-02 12:46:40,500 [ease.py] => Task correct: 83.22222222222223
2025-09-02 12:46:40,500 [ease.py] => Task acc: 99.66666666666667
2025-09-02 12:46:40,570 [trainer.py] => No NME accuracy.
2025-09-02 12:46:40,571 [trainer.py] => CNN: {'total': 83.11, '00-04': 56.67, '05-09': 93.0, '10-14': 99.67, 'old': 74.83, 'new': 99.67}
2025-09-02 12:46:40,571 [trainer.py] => CNN top1 curve: [99.33, 92.33, 83.11]
2025-09-02 12:46:40,571 [trainer.py] => CNN top5 curve: [100.0, 100.0, 100.0]

2025-09-02 12:46:40,571 [trainer.py] => Average Accuracy (CNN): 91.58999999999999 

2025-09-02 12:47:25,945 [trainer.py] => All params: 90579458
2025-09-02 12:47:25,945 [trainer.py] => Trainable params: 4730880
2025-09-02 12:47:25,946 [ease.py] => Learning on 15-20
2025-09-02 13:40:23,535 [ease.py] => Task 3, Epoch 80/80 => Loss 0.032, Train_accy 99.25
2025-09-02 13:44:15,614 [ease.py] => Task correct: 72.91666666666667
2025-09-02 13:44:15,614 [ease.py] => Task acc: 99.66666666666667
2025-09-02 13:44:15,656 [trainer.py] => No NME accuracy.
2025-09-02 13:44:15,656 [trainer.py] => CNN: {'total': 72.83, '00-04': 32.0, '05-09': 80.33, '10-14': 88.33, '15-19': 90.67, 'old': 66.89, 'new': 90.67}
2025-09-02 13:44:15,656 [trainer.py] => CNN top1 curve: [99.33, 92.33, 83.11, 72.83]
2025-09-02 13:44:15,656 [trainer.py] => CNN top5 curve: [100.0, 100.0, 100.0, 99.92]

2025-09-02 13:44:15,657 [trainer.py] => Average Accuracy (CNN): 86.89999999999999 

2025-09-02 13:45:00,842 [trainer.py] => Generating TSNE visualization for task 3 with features shape: (1200, 4608)
2025-09-02 13:45:01,091 [trainer.py] => PCA reduced features to shape: (1200, 50)
2025-09-02 13:45:07,260 [trainer.py] => TSNE reduced features to 3D shape: (1200, 3)
2025-09-02 13:45:14,825 [trainer.py] => 3D Legend saved to logs/ease/wt/0/5/ _1993_vit_base_patch16_224_ease_tsne_task_3_legend.png
2025-09-02 13:45:14,825 [trainer.py] => 3D TSNE visualization saved to logs/ease/wt/0/5/ _1993_vit_base_patch16_224_ease_tsne_task_3.png
2025-09-04 14:16:59,405 [trainer.py] => config: ./exps/wt.json
2025-09-04 14:16:59,408 [trainer.py] => prefix:  
2025-09-04 14:16:59,409 [trainer.py] => dataset: wt
2025-09-04 14:16:59,409 [trainer.py] => memory_size: 0
2025-09-04 14:16:59,409 [trainer.py] => memory_per_class: 0
2025-09-04 14:16:59,409 [trainer.py] => fixed_memory: False
2025-09-04 14:16:59,409 [trainer.py] => shuffle: True
2025-09-04 14:16:59,409 [trainer.py] => init_cls: 5
2025-09-04 14:16:59,409 [trainer.py] => increment: 5
2025-09-04 14:16:59,409 [trainer.py] => model_name: ease
2025-09-04 14:16:59,409 [trainer.py] => backbone_type: vit_base_patch16_224_ease
2025-09-04 14:16:59,409 [trainer.py] => device: [device(type='cuda', index=0)]
2025-09-04 14:16:59,409 [trainer.py] => seed: 1993
2025-09-04 14:16:59,409 [trainer.py] => init_epochs: 100
2025-09-04 14:16:59,409 [trainer.py] => init_lr: 0.1
2025-09-04 14:16:59,409 [trainer.py] => later_epochs: 80
2025-09-04 14:16:59,409 [trainer.py] => later_lr: 0.05
2025-09-04 14:16:59,409 [trainer.py] => batch_size: 64
2025-09-04 14:16:59,409 [trainer.py] => weight_decay: 0.0005
2025-09-04 14:16:59,409 [trainer.py] => min_lr: 0
2025-09-04 14:16:59,409 [trainer.py] => optimizer: sgd
2025-09-04 14:16:59,409 [trainer.py] => scheduler: cosine
2025-09-04 14:16:59,409 [trainer.py] => pretrained: True
2025-09-04 14:16:59,409 [trainer.py] => vpt_type: Deep
2025-09-04 14:16:59,409 [trainer.py] => prompt_token_num: 10
2025-09-04 14:16:59,409 [trainer.py] => ffn_num: 256
2025-09-04 14:16:59,409 [trainer.py] => use_diagonal: False
2025-09-04 14:16:59,409 [trainer.py] => recalc_sim: True
2025-09-04 14:16:59,409 [trainer.py] => alpha: 0.5
2025-09-04 14:16:59,409 [trainer.py] => use_init_ptm: True
2025-09-04 14:16:59,409 [trainer.py] => beta: 0.3
2025-09-04 14:16:59,409 [trainer.py] => use_old_data: False
2025-09-04 14:16:59,409 [trainer.py] => use_reweight: True
2025-09-04 14:16:59,409 [trainer.py] => moni_adam: False
2025-09-04 14:16:59,409 [trainer.py] => adapter_num: -1
2025-09-04 14:16:59,409 [trainer.py] => data_type: float32
2025-09-04 14:17:01,223 [data_manager.py] => [4, 2, 7, 6, 0, 3, 5, 8, 9, 1]
2025-09-04 14:17:03,345 [_builder.py] => Loading pretrained weights from Hugging Face hub (timm/vit_base_patch16_224.augreg2_in21k_ft_in1k)
2025-09-04 14:17:03,906 [_hub.py] => [timm/vit_base_patch16_224.augreg2_in21k_ft_in1k] Safe alternative available for 'pytorch_model.bin' (as 'model.safetensors'). Loading weights using safetensors.
2025-09-04 14:17:04,231 [trainer.py] => All params: 90529536
2025-09-04 14:17:04,233 [trainer.py] => Trainable params: 4730880
2025-09-04 14:17:04,289 [ease.py] => Learning on 0-5
