2025-06-25 08:58:09,789 [trainer.py] => config: ./exps/wt.json
2025-06-25 08:58:09,790 [trainer.py] => prefix:  
2025-06-25 08:58:09,790 [trainer.py] => dataset: wt
2025-06-25 08:58:09,790 [trainer.py] => memory_size: 200
2025-06-25 08:58:09,790 [trainer.py] => memory_per_class: 20
2025-06-25 08:58:09,790 [trainer.py] => fixed_memory: False
2025-06-25 08:58:09,790 [trainer.py] => shuffle: True
2025-06-25 08:58:09,790 [trainer.py] => init_cls: 5
2025-06-25 08:58:09,790 [trainer.py] => increment: 5
2025-06-25 08:58:09,790 [trainer.py] => model_name: ease
2025-06-25 08:58:09,790 [trainer.py] => backbone_type: vit_base_patch16_224_ease
2025-06-25 08:58:09,790 [trainer.py] => device: [device(type='cuda', index=0)]
2025-06-25 08:58:09,790 [trainer.py] => seed: 1993
2025-06-25 08:58:09,790 [trainer.py] => init_epochs: 80
2025-06-25 08:58:09,790 [trainer.py] => init_lr: 0.03
2025-06-25 08:58:09,790 [trainer.py] => later_epochs: 80
2025-06-25 08:58:09,790 [trainer.py] => later_lr: 0.02
2025-06-25 08:58:09,790 [trainer.py] => batch_size: 64
2025-06-25 08:58:09,790 [trainer.py] => weight_decay: 0.0005
2025-06-25 08:58:09,790 [trainer.py] => min_lr: 0
2025-06-25 08:58:09,790 [trainer.py] => optimizer: sgd
2025-06-25 08:58:09,790 [trainer.py] => scheduler: cosine
2025-06-25 08:58:09,790 [trainer.py] => pretrained: True
2025-06-25 08:58:09,790 [trainer.py] => vpt_type: Deep
2025-06-25 08:58:09,790 [trainer.py] => prompt_token_num: 10
2025-06-25 08:58:09,790 [trainer.py] => ffn_num: 256
2025-06-25 08:58:09,790 [trainer.py] => use_diagonal: False
2025-06-25 08:58:09,790 [trainer.py] => recalc_sim: False
2025-06-25 08:58:09,790 [trainer.py] => alpha: 0.5
2025-06-25 08:58:09,790 [trainer.py] => use_init_ptm: True
2025-06-25 08:58:09,790 [trainer.py] => beta: 0.3
2025-06-25 08:58:09,790 [trainer.py] => use_old_data: True
2025-06-25 08:58:09,790 [trainer.py] => use_reweight: True
2025-06-25 08:58:09,790 [trainer.py] => moni_adam: False
2025-06-25 08:58:09,790 [trainer.py] => adapter_num: -1
2025-06-25 08:58:09,790 [trainer.py] => data_type: float32
2025-06-25 08:58:19,749 [data_manager.py] => [14, 6, 5, 8, 12, 11, 18, 2, 4, 16, 10, 15, 9, 13, 7, 0, 3, 19, 17, 1]
2025-06-25 08:58:21,311 [_builder.py] => Loading pretrained weights from Hugging Face hub (timm/vit_base_patch16_224.augreg2_in21k_ft_in1k)
2025-06-25 08:58:21,711 [_hub.py] => [timm/vit_base_patch16_224.augreg2_in21k_ft_in1k] Safe alternative available for 'pytorch_model.bin' (as 'model.safetensors'). Loading weights using safetensors.
2025-06-25 08:58:21,871 [trainer.py] => All params: 90529536
2025-06-25 08:58:21,871 [trainer.py] => Trainable params: 4730880
2025-06-25 08:58:21,903 [ease.py] => Learning on 0-5
2025-06-25 09:58:06,861 [ease.py] => Task 0, Epoch 80/80 => Loss 0.016, Train_accy 99.68
2025-06-25 09:59:25,608 [ease.py] => Task correct: 100.0
2025-06-25 09:59:25,608 [ease.py] => Task acc: 99.6
2025-06-25 09:59:25,633 [trainer.py] => No NME accuracy.
2025-06-25 09:59:25,633 [trainer.py] => CNN: {'total': 99.6, '00-04': 99.6, 'old': 0, 'new': 99.6}
2025-06-25 09:59:25,633 [trainer.py] => CNN top1 curve: [99.6]
2025-06-25 09:59:25,633 [trainer.py] => Average Accuracy (CNN): 99.6 

2025-06-25 09:59:25,634 [trainer.py] => All params: 90541058
2025-06-25 09:59:25,634 [trainer.py] => Trainable params: 4730880
2025-06-25 09:59:25,634 [ease.py] => Learning on 5-10
2025-06-25 11:00:06,154 [ease.py] => Task 1, Epoch 80/80 => Loss 0.011, Train_accy 99.72
2025-06-25 11:02:48,163 [ease.py] => Task correct: 95.55
2025-06-25 11:02:48,164 [ease.py] => Task acc: 99.5
2025-06-25 11:02:48,210 [trainer.py] => No NME accuracy.
2025-06-25 11:02:48,210 [trainer.py] => CNN: {'total': 95.15, '00-04': 94.1, '05-09': 96.2, 'old': 94.1, 'new': 96.2}
2025-06-25 11:02:48,210 [trainer.py] => CNN top1 curve: [99.6, 95.15]
2025-06-25 11:02:48,210 [trainer.py] => Average Accuracy (CNN): 97.375 

2025-06-25 11:02:48,210 [trainer.py] => All params: 90556418
2025-06-25 11:02:48,211 [trainer.py] => Trainable params: 4730880
2025-06-25 11:02:48,213 [ease.py] => Learning on 10-15
2025-06-25 12:03:40,419 [ease.py] => Task 2, Epoch 80/80 => Loss 0.012, Train_accy 99.62
2025-06-25 12:07:31,854 [ease.py] => Task correct: 92.53333333333333
2025-06-25 12:07:31,855 [ease.py] => Task acc: 99.66666666666667
2025-06-25 12:07:31,885 [trainer.py] => No NME accuracy.
2025-06-25 12:07:31,885 [trainer.py] => CNN: {'total': 92.33, '00-04': 90.4, '05-09': 91.8, '10-14': 94.8, 'old': 91.1, 'new': 94.8}
2025-06-25 12:07:31,885 [trainer.py] => CNN top1 curve: [99.6, 95.15, 92.33]
2025-06-25 12:07:31,885 [trainer.py] => Average Accuracy (CNN): 95.69333333333333 

2025-06-25 12:07:31,885 [trainer.py] => All params: 90579458
2025-06-25 12:07:31,886 [trainer.py] => Trainable params: 4730880
2025-06-25 12:07:31,887 [ease.py] => Learning on 15-20
2025-06-25 13:03:46,930 [ease.py] => Task 3, Epoch 80/80 => Loss 0.026, Train_accy 99.18
2025-06-25 13:07:49,288 [ease.py] => Task correct: 88.5
2025-06-25 13:07:49,288 [ease.py] => Task acc: 99.4
2025-06-25 13:07:49,312 [trainer.py] => No NME accuracy.
2025-06-25 13:07:49,312 [trainer.py] => CNN: {'total': 88.28, '00-04': 87.0, '05-09': 86.0, '10-14': 90.2, '15-19': 89.9, 'old': 87.73, 'new': 89.9}
2025-06-25 13:07:49,312 [trainer.py] => CNN top1 curve: [99.6, 95.15, 92.33, 88.28]
2025-06-25 13:07:49,313 [trainer.py] => Average Accuracy (CNN): 93.84 

