2025-09-04 14:17:19,549 [trainer.py] => config: ./exps/wt.json
2025-09-04 14:17:19,549 [trainer.py] => prefix:  
2025-09-04 14:17:19,549 [trainer.py] => dataset: wt
2025-09-04 14:17:19,549 [trainer.py] => memory_size: 0
2025-09-04 14:17:19,549 [trainer.py] => memory_per_class: 0
2025-09-04 14:17:19,550 [trainer.py] => fixed_memory: False
2025-09-04 14:17:19,550 [trainer.py] => shuffle: True
2025-09-04 14:17:19,550 [trainer.py] => init_cls: 2
2025-09-04 14:17:19,550 [trainer.py] => increment: 2
2025-09-04 14:17:19,550 [trainer.py] => model_name: ease
2025-09-04 14:17:19,553 [trainer.py] => backbone_type: vit_base_patch16_224_ease
2025-09-04 14:17:19,553 [trainer.py] => device: [device(type='cuda', index=0)]
2025-09-04 14:17:19,553 [trainer.py] => seed: 1993
2025-09-04 14:17:19,553 [trainer.py] => init_epochs: 100
2025-09-04 14:17:19,553 [trainer.py] => init_lr: 0.1
2025-09-04 14:17:19,553 [trainer.py] => later_epochs: 80
2025-09-04 14:17:19,553 [trainer.py] => later_lr: 0.05
2025-09-04 14:17:19,553 [trainer.py] => batch_size: 64
2025-09-04 14:17:19,553 [trainer.py] => weight_decay: 0.0005
2025-09-04 14:17:19,553 [trainer.py] => min_lr: 0
2025-09-04 14:17:19,553 [trainer.py] => optimizer: sgd
2025-09-04 14:17:19,553 [trainer.py] => scheduler: cosine
2025-09-04 14:17:19,553 [trainer.py] => pretrained: True
2025-09-04 14:17:19,554 [trainer.py] => vpt_type: Deep
2025-09-04 14:17:19,554 [trainer.py] => prompt_token_num: 10
2025-09-04 14:17:19,554 [trainer.py] => ffn_num: 256
2025-09-04 14:17:19,554 [trainer.py] => use_diagonal: False
2025-09-04 14:17:19,554 [trainer.py] => recalc_sim: True
2025-09-04 14:17:19,554 [trainer.py] => alpha: 0.5
2025-09-04 14:17:19,554 [trainer.py] => use_init_ptm: True
2025-09-04 14:17:19,554 [trainer.py] => beta: 0.3
2025-09-04 14:17:19,554 [trainer.py] => use_old_data: False
2025-09-04 14:17:19,554 [trainer.py] => use_reweight: True
2025-09-04 14:17:19,554 [trainer.py] => moni_adam: False
2025-09-04 14:17:19,554 [trainer.py] => adapter_num: -1
2025-09-04 14:17:19,554 [trainer.py] => data_type: float32
2025-09-04 14:17:21,200 [data_manager.py] => [4, 2, 7, 6, 0, 3, 5, 8, 9, 1]
2025-09-04 14:17:23,171 [_builder.py] => Loading pretrained weights from Hugging Face hub (timm/vit_base_patch16_224.augreg2_in21k_ft_in1k)
2025-09-04 14:17:23,732 [_hub.py] => [timm/vit_base_patch16_224.augreg2_in21k_ft_in1k] Safe alternative available for 'pytorch_model.bin' (as 'model.safetensors'). Loading weights using safetensors.
2025-09-04 14:17:23,893 [trainer.py] => All params: 90529536
2025-09-04 14:17:23,894 [trainer.py] => Trainable params: 4730880
2025-09-04 14:17:23,926 [ease.py] => Learning on 0-2
2025-09-04 15:05:15,744 [ease.py] => Task 0, Epoch 100/100 => Loss 0.012, Train_accy 99.52
2025-09-04 15:06:38,752 [ease.py] => Task correct: 100.0
2025-09-04 15:06:38,752 [ease.py] => Task acc: 99.44444444444444
2025-09-04 15:06:38,798 [trainer.py] => No NME accuracy.
2025-09-04 15:06:38,798 [trainer.py] => CNN: {'total': 99.44, '00-01': 99.44, 'old': 0, 'new': 99.44}
2025-09-04 16:30:06,051 [trainer.py] => config: ./exps/wt.json
2025-09-04 16:30:06,051 [trainer.py] => prefix:  
2025-09-04 16:30:06,051 [trainer.py] => dataset: wt
2025-09-04 16:30:06,051 [trainer.py] => memory_size: 0
2025-09-04 16:30:06,051 [trainer.py] => memory_per_class: 0
2025-09-04 16:30:06,051 [trainer.py] => fixed_memory: False
2025-09-04 16:30:06,051 [trainer.py] => shuffle: True
2025-09-04 16:30:06,051 [trainer.py] => init_cls: 2
2025-09-04 16:30:06,051 [trainer.py] => increment: 2
2025-09-04 16:30:06,051 [trainer.py] => model_name: ease
2025-09-04 16:30:06,051 [trainer.py] => backbone_type: vit_base_patch16_224_ease
2025-09-04 16:30:06,051 [trainer.py] => device: [device(type='cuda', index=0)]
2025-09-04 16:30:06,051 [trainer.py] => seed: 1993
2025-09-04 16:30:06,051 [trainer.py] => init_epochs: 100
2025-09-04 16:30:06,051 [trainer.py] => init_lr: 0.1
2025-09-04 16:30:06,051 [trainer.py] => later_epochs: 80
2025-09-04 16:30:06,051 [trainer.py] => later_lr: 0.05
2025-09-04 16:30:06,051 [trainer.py] => batch_size: 64
2025-09-04 16:30:06,051 [trainer.py] => weight_decay: 0.0005
2025-09-04 16:30:06,051 [trainer.py] => min_lr: 0
2025-09-04 16:30:06,051 [trainer.py] => optimizer: sgd
2025-09-04 16:30:06,051 [trainer.py] => scheduler: cosine
2025-09-04 16:30:06,051 [trainer.py] => pretrained: True
2025-09-04 16:30:06,051 [trainer.py] => vpt_type: Deep
2025-09-04 16:30:06,051 [trainer.py] => prompt_token_num: 10
2025-09-04 16:30:06,051 [trainer.py] => ffn_num: 256
2025-09-04 16:30:06,051 [trainer.py] => use_diagonal: False
2025-09-04 16:30:06,051 [trainer.py] => recalc_sim: True
2025-09-04 16:30:06,052 [trainer.py] => alpha: 0.5
2025-09-04 16:30:06,052 [trainer.py] => use_init_ptm: True
2025-09-04 16:30:06,052 [trainer.py] => beta: 0.3
2025-09-04 16:30:06,052 [trainer.py] => use_old_data: False
2025-09-04 16:30:06,052 [trainer.py] => use_reweight: True
2025-09-04 16:30:06,052 [trainer.py] => moni_adam: False
2025-09-04 16:30:06,052 [trainer.py] => adapter_num: -1
2025-09-04 16:30:06,052 [trainer.py] => data_type: float32
2025-09-04 16:30:08,596 [data_manager.py] => [4, 2, 7, 6, 0, 3, 5, 8, 9, 1]
2025-09-04 16:30:10,487 [_builder.py] => Loading pretrained weights from Hugging Face hub (timm/vit_base_patch16_224.augreg2_in21k_ft_in1k)
2025-09-04 16:30:11,442 [_hub.py] => [timm/vit_base_patch16_224.augreg2_in21k_ft_in1k] Safe alternative available for 'pytorch_model.bin' (as 'model.safetensors'). Loading weights using safetensors.
2025-09-04 16:30:11,655 [trainer.py] => All params: 90529536
2025-09-04 16:30:11,657 [trainer.py] => Trainable params: 4730880
2025-09-04 16:30:11,714 [ease.py] => Learning on 0-2
2025-09-04 17:19:24,342 [ease.py] => Task 0, Epoch 100/100 => Loss 0.012, Train_accy 99.52
2025-09-04 17:20:50,128 [ease.py] => Task correct: 100.0
2025-09-04 17:20:50,128 [ease.py] => Task acc: 99.44444444444444
2025-09-04 17:20:50,171 [trainer.py] => No NME accuracy.
2025-09-04 17:20:50,171 [trainer.py] => CNN: {'total': 99.44, '00-01': 99.44, 'old': 0, 'new': 99.44}
2025-09-04 17:20:50,171 [trainer.py] => CNN top1 curve: [99.44]
2025-09-04 17:20:50,171 [trainer.py] => Average Accuracy (CNN): 99.44 

2025-09-04 17:21:19,523 [trainer.py] => All params: 90534146
2025-09-04 17:21:19,524 [trainer.py] => Trainable params: 4730880
2025-09-04 17:21:19,525 [ease.py] => Learning on 2-4
2025-09-04 18:00:31,913 [ease.py] => Task 1, Epoch 80/80 => Loss 0.002, Train_accy 100.00
2025-09-04 18:02:26,429 [ease.py] => Task correct: 75.83333333333333
2025-09-04 18:02:26,429 [ease.py] => Task acc: 99.72222222222223
2025-09-04 18:02:26,465 [trainer.py] => No NME accuracy.
2025-09-04 18:02:26,466 [trainer.py] => CNN: {'total': 75.83, '00-01': 52.22, '02-03': 99.44, 'old': 52.22, 'new': 99.44}
2025-09-04 18:02:26,466 [trainer.py] => CNN top1 curve: [99.44, 75.83]
2025-09-04 18:02:26,466 [trainer.py] => Average Accuracy (CNN): 87.63499999999999 

2025-09-04 18:02:56,805 [trainer.py] => All params: 90540290
2025-09-04 18:02:56,806 [trainer.py] => Trainable params: 4730880
2025-09-04 18:02:56,807 [ease.py] => Learning on 4-6
2025-09-04 18:42:06,147 [ease.py] => Task 2, Epoch 80/80 => Loss 0.003, Train_accy 100.00
2025-09-04 18:44:32,097 [ease.py] => Task correct: 76.66666666666667
2025-09-04 18:44:32,097 [ease.py] => Task acc: 99.81481481481481
2025-09-04 18:44:32,144 [trainer.py] => No NME accuracy.
2025-09-04 18:44:32,144 [trainer.py] => CNN: {'total': 76.67, '00-01': 47.22, '02-03': 96.67, '04-05': 86.11, 'old': 71.94, 'new': 86.11}
2025-09-04 18:44:32,144 [trainer.py] => CNN top1 curve: [99.44, 75.83, 76.67]
2025-09-04 18:44:32,144 [trainer.py] => Average Accuracy (CNN): 83.98 

2025-09-04 18:45:05,494 [trainer.py] => All params: 90549506
2025-09-04 18:45:05,495 [trainer.py] => Trainable params: 4730880
2025-09-04 18:45:05,497 [ease.py] => Learning on 6-8
2025-09-04 19:24:47,871 [ease.py] => Task 3, Epoch 80/80 => Loss 0.008, Train_accy 99.76
2025-09-04 19:27:46,368 [ease.py] => Task correct: 74.02777777777777
2025-09-04 19:27:46,368 [ease.py] => Task acc: 99.72222222222223
2025-09-04 19:27:46,405 [trainer.py] => No NME accuracy.
2025-09-04 19:27:46,405 [trainer.py] => CNN: {'total': 74.03, '00-01': 29.44, '02-03': 92.22, '04-05': 83.33, '06-07': 91.11, 'old': 68.33, 'new': 91.11}
2025-09-04 19:27:46,405 [trainer.py] => CNN top1 curve: [99.44, 75.83, 76.67, 74.03]
2025-09-04 19:27:46,405 [trainer.py] => Average Accuracy (CNN): 81.4925 

2025-09-04 19:28:21,585 [trainer.py] => All params: 90561794
2025-09-04 19:28:21,586 [trainer.py] => Trainable params: 4730880
2025-09-04 19:28:21,589 [ease.py] => Learning on 8-10
2025-09-04 20:07:22,569 [ease.py] => Task 4, Epoch 80/80 => Loss 0.002, Train_accy 100.00
2025-09-04 20:10:52,395 [ease.py] => Task correct: 68.0
2025-09-04 20:10:52,396 [ease.py] => Task acc: 99.77777777777777
2025-09-04 20:10:52,435 [trainer.py] => No NME accuracy.
2025-09-04 20:10:52,436 [trainer.py] => CNN: {'total': 68.0, '00-01': 26.67, '02-03': 80.0, '04-05': 69.44, '06-07': 67.22, '08-09': 96.67, 'old': 60.83, 'new': 96.67}
2025-09-04 20:10:52,436 [trainer.py] => CNN top1 curve: [99.44, 75.83, 76.67, 74.03, 68.0]
2025-09-04 20:10:52,436 [trainer.py] => Average Accuracy (CNN): 78.79400000000001 

2025-09-04 20:11:31,161 [trainer.py] => Generating TSNE visualization for task 4 with features shape: (900, 5376)
2025-09-04 20:11:31,225 [trainer.py] => PCA reduced features to shape: (900, 50)
2025-09-04 20:11:34,306 [trainer.py] => TSNE reduced features to 3D shape: (900, 3)
2025-09-04 20:11:40,438 [trainer.py] => 3D Legend saved to logs/ease/wt/0/2/ _1993_vit_base_patch16_224_ease_tsne_task_4_legend.png
2025-09-04 20:11:40,438 [trainer.py] => 3D TSNE visualization saved to logs/ease/wt/0/2/ _1993_vit_base_patch16_224_ease_tsne_task_4.png
2025-09-05 09:55:38,759 [trainer.py] => config: ./exps/wt.json
2025-09-05 09:55:38,759 [trainer.py] => prefix:  
2025-09-05 09:55:38,759 [trainer.py] => dataset: wt
2025-09-05 09:55:38,759 [trainer.py] => memory_size: 0
2025-09-05 09:55:38,759 [trainer.py] => memory_per_class: 0
2025-09-05 09:55:38,759 [trainer.py] => fixed_memory: False
2025-09-05 09:55:38,759 [trainer.py] => shuffle: True
2025-09-05 09:55:38,759 [trainer.py] => init_cls: 2
2025-09-05 09:55:38,759 [trainer.py] => increment: 2
2025-09-05 09:55:38,760 [trainer.py] => model_name: ease
2025-09-05 09:55:38,760 [trainer.py] => backbone_type: vit_base_patch16_224_ease
2025-09-05 09:55:38,760 [trainer.py] => device: [device(type='cuda', index=0)]
2025-09-05 09:55:38,760 [trainer.py] => seed: 1993
2025-09-05 09:55:38,760 [trainer.py] => init_epochs: 100
2025-09-05 09:55:38,760 [trainer.py] => init_lr: 0.01
2025-09-05 09:55:38,760 [trainer.py] => later_epochs: 80
2025-09-05 09:55:38,760 [trainer.py] => later_lr: 0.01
2025-09-05 09:55:38,760 [trainer.py] => batch_size: 32
2025-09-05 09:55:38,760 [trainer.py] => weight_decay: 0.0005
2025-09-05 09:55:38,760 [trainer.py] => min_lr: 0
2025-09-05 09:55:38,760 [trainer.py] => optimizer: sgd
2025-09-05 09:55:38,760 [trainer.py] => scheduler: cosine
2025-09-05 09:55:38,760 [trainer.py] => pretrained: True
2025-09-05 09:55:38,760 [trainer.py] => vpt_type: Deep
2025-09-05 09:55:38,760 [trainer.py] => prompt_token_num: 10
2025-09-05 09:55:38,760 [trainer.py] => ffn_num: 256
2025-09-05 09:55:38,760 [trainer.py] => use_diagonal: False
2025-09-05 09:55:38,760 [trainer.py] => recalc_sim: True
2025-09-05 09:55:38,760 [trainer.py] => alpha: 0.5
2025-09-05 09:55:38,760 [trainer.py] => use_init_ptm: True
2025-09-05 09:55:38,760 [trainer.py] => beta: 0.3
2025-09-05 09:55:38,760 [trainer.py] => use_old_data: False
2025-09-05 09:55:38,760 [trainer.py] => use_reweight: True
2025-09-05 09:55:38,760 [trainer.py] => moni_adam: False
2025-09-05 09:55:38,760 [trainer.py] => adapter_num: -1
2025-09-05 09:55:38,760 [trainer.py] => data_type: float32
2025-09-05 09:55:41,021 [data_manager.py] => [4, 2, 7, 6, 0, 3, 5, 8, 9, 1]
2025-09-05 09:55:43,061 [_builder.py] => Loading pretrained weights from Hugging Face hub (timm/vit_base_patch16_224.augreg2_in21k_ft_in1k)
2025-09-05 09:55:44,313 [_hub.py] => [timm/vit_base_patch16_224.augreg2_in21k_ft_in1k] Safe alternative available for 'pytorch_model.bin' (as 'model.safetensors'). Loading weights using safetensors.
2025-09-05 09:55:44,503 [trainer.py] => All params: 90529536
2025-09-05 09:55:44,504 [trainer.py] => Trainable params: 4730880
2025-09-05 09:55:44,555 [ease.py] => Learning on 0-2
2025-09-05 10:43:43,316 [ease.py] => Task 0, Epoch 100/100 => Loss 0.057, Train_accy 98.33
2025-09-05 10:45:07,986 [ease.py] => Task correct: 100.0
2025-09-05 10:45:07,986 [ease.py] => Task acc: 99.44444444444444
2025-09-05 10:45:08,038 [trainer.py] => No NME accuracy.
2025-09-05 10:45:08,039 [trainer.py] => CNN: {'total': 99.44, '00-01': 99.44, 'old': 0, 'new': 99.44}
2025-09-05 10:45:08,039 [trainer.py] => CNN top1 curve: [99.44]
2025-09-05 10:45:08,039 [trainer.py] => Average Accuracy (CNN): 99.44 

2025-09-05 10:45:36,080 [trainer.py] => All params: 90534146
2025-09-05 10:45:36,081 [trainer.py] => Trainable params: 4730880
2025-09-05 10:45:36,083 [ease.py] => Learning on 2-4
2025-09-05 11:24:19,856 [ease.py] => Task 1, Epoch 80/80 => Loss 0.008, Train_accy 100.00
2025-09-05 11:26:14,400 [ease.py] => Task correct: 74.44444444444444
2025-09-05 11:26:14,400 [ease.py] => Task acc: 99.72222222222223
2025-09-05 11:26:14,441 [trainer.py] => No NME accuracy.
2025-09-05 11:26:14,441 [trainer.py] => CNN: {'total': 74.44, '00-01': 51.67, '02-03': 97.22, 'old': 51.67, 'new': 97.22}
2025-09-05 11:26:14,441 [trainer.py] => CNN top1 curve: [99.44, 74.44]
2025-09-05 11:26:14,441 [trainer.py] => Average Accuracy (CNN): 86.94 

2025-09-05 11:26:45,293 [trainer.py] => All params: 90540290
2025-09-05 11:26:45,293 [trainer.py] => Trainable params: 4730880
2025-09-05 11:26:45,294 [ease.py] => Learning on 4-6
2025-09-05 12:05:45,371 [ease.py] => Task 2, Epoch 80/80 => Loss 0.008, Train_accy 100.00
2025-09-05 12:08:10,373 [ease.py] => Task correct: 75.0
2025-09-05 12:08:10,373 [ease.py] => Task acc: 99.81481481481481
2025-09-05 12:08:10,439 [trainer.py] => No NME accuracy.
2025-09-05 12:08:10,439 [trainer.py] => CNN: {'total': 75.0, '00-01': 48.33, '02-03': 95.0, '04-05': 81.67, 'old': 71.67, 'new': 81.67}
2025-09-05 12:08:10,439 [trainer.py] => CNN top1 curve: [99.44, 74.44, 75.0]
2025-09-05 12:08:10,439 [trainer.py] => Average Accuracy (CNN): 82.96 

2025-09-05 12:08:43,792 [trainer.py] => All params: 90549506
2025-09-05 12:08:43,792 [trainer.py] => Trainable params: 4730880
2025-09-05 12:08:43,794 [ease.py] => Learning on 6-8
2025-09-05 12:47:59,369 [ease.py] => Task 3, Epoch 80/80 => Loss 0.011, Train_accy 100.00
2025-09-05 12:50:54,690 [ease.py] => Task correct: 73.05555555555556
2025-09-05 12:50:54,690 [ease.py] => Task acc: 99.72222222222223
2025-09-05 12:50:54,732 [trainer.py] => No NME accuracy.
2025-09-05 12:50:54,733 [trainer.py] => CNN: {'total': 73.06, '00-01': 37.22, '02-03': 91.11, '04-05': 80.56, '06-07': 83.33, 'old': 69.63, 'new': 83.33}
2025-09-05 12:50:54,733 [trainer.py] => CNN top1 curve: [99.44, 74.44, 75.0, 73.06]
2025-09-05 12:50:54,733 [trainer.py] => Average Accuracy (CNN): 80.485 

2025-09-05 12:51:30,340 [trainer.py] => All params: 90561794
2025-09-05 12:51:30,341 [trainer.py] => Trainable params: 4730880
2025-09-05 12:51:30,342 [ease.py] => Learning on 8-10
2025-09-05 13:31:41,322 [ease.py] => Task 4, Epoch 80/80 => Loss 0.009, Train_accy 100.00
2025-09-05 13:35:08,990 [ease.py] => Task correct: 69.88888888888889
2025-09-05 13:35:08,990 [ease.py] => Task acc: 99.77777777777777
2025-09-05 13:35:09,028 [trainer.py] => No NME accuracy.
2025-09-05 13:35:09,028 [trainer.py] => CNN: {'total': 69.89, '00-01': 35.56, '02-03': 88.89, '04-05': 65.0, '06-07': 65.0, '08-09': 95.0, 'old': 63.61, 'new': 95.0}
2025-09-05 13:35:09,028 [trainer.py] => CNN top1 curve: [99.44, 74.44, 75.0, 73.06, 69.89]
2025-09-05 13:35:09,028 [trainer.py] => Average Accuracy (CNN): 78.366 

2025-09-05 13:35:47,646 [trainer.py] => Generating TSNE visualization for task 4 with features shape: (900, 5376)
2025-09-05 13:35:47,712 [trainer.py] => PCA reduced features to shape: (900, 50)
2025-09-05 13:35:50,702 [trainer.py] => TSNE reduced features to 3D shape: (900, 3)
2025-09-05 13:35:56,732 [trainer.py] => 3D Legend saved to logs/ease/wt/0/2/ _1993_vit_base_patch16_224_ease_tsne_task_4_legend.png
2025-09-05 13:35:56,732 [trainer.py] => 3D TSNE visualization saved to logs/ease/wt/0/2/ _1993_vit_base_patch16_224_ease_tsne_task_4.png
2025-12-29 10:13:06,496 [trainer.py] => config: ./exps/wt.json
2025-12-29 10:13:06,496 [trainer.py] => prefix:  
2025-12-29 10:13:06,496 [trainer.py] => dataset: wt
2025-12-29 10:13:06,496 [trainer.py] => memory_size: 0
2025-12-29 10:13:06,496 [trainer.py] => memory_per_class: 0
2025-12-29 10:13:06,496 [trainer.py] => fixed_memory: False
2025-12-29 10:13:06,496 [trainer.py] => shuffle: True
2025-12-29 10:13:06,497 [trainer.py] => init_cls: 2
2025-12-29 10:13:06,497 [trainer.py] => increment: 2
2025-12-29 10:13:06,497 [trainer.py] => model_name: ease
2025-12-29 10:13:06,497 [trainer.py] => backbone_type: vit_base_patch16_224_ease
2025-12-29 10:13:06,497 [trainer.py] => device: [device(type='cuda', index=0)]
2025-12-29 10:13:06,497 [trainer.py] => seed: 1993
2025-12-29 10:13:06,497 [trainer.py] => init_epochs: 100
2025-12-29 10:13:06,497 [trainer.py] => init_lr: 0.01
2025-12-29 10:13:06,497 [trainer.py] => later_epochs: 80
2025-12-29 10:13:06,497 [trainer.py] => later_lr: 0.01
2025-12-29 10:13:06,497 [trainer.py] => batch_size: 32
2025-12-29 10:13:06,497 [trainer.py] => weight_decay: 0.0005
2025-12-29 10:13:06,497 [trainer.py] => min_lr: 0
2025-12-29 10:13:06,497 [trainer.py] => optimizer: sgd
2025-12-29 10:13:06,497 [trainer.py] => scheduler: cosine
2025-12-29 10:13:06,498 [trainer.py] => pretrained: True
2025-12-29 10:13:06,498 [trainer.py] => vpt_type: Deep
2025-12-29 10:13:06,498 [trainer.py] => prompt_token_num: 10
2025-12-29 10:13:06,498 [trainer.py] => ffn_num: 256
2025-12-29 10:13:06,498 [trainer.py] => use_diagonal: False
2025-12-29 10:13:06,498 [trainer.py] => recalc_sim: True
2025-12-29 10:13:06,498 [trainer.py] => alpha: 0.5
2025-12-29 10:13:06,498 [trainer.py] => use_init_ptm: True
2025-12-29 10:13:06,498 [trainer.py] => beta: 0.3
2025-12-29 10:13:06,498 [trainer.py] => use_old_data: False
2025-12-29 10:13:06,498 [trainer.py] => use_reweight: True
2025-12-29 10:13:06,498 [trainer.py] => moni_adam: False
2025-12-29 10:13:06,498 [trainer.py] => adapter_num: -1
2025-12-29 10:13:06,498 [trainer.py] => data_type: float32
2025-12-29 10:13:08,211 [data_manager.py] => [4, 2, 7, 6, 0, 3, 5, 8, 9, 1]
2025-12-29 10:13:09,658 [_builder.py] => Loading pretrained weights from Hugging Face hub (timm/vit_base_patch16_224.augreg2_in21k_ft_in1k)
2025-12-29 10:13:29,745 [_hub.py] => [timm/vit_base_patch16_224.augreg2_in21k_ft_in1k] Safe alternative available for 'pytorch_model.bin' (as 'model.safetensors'). Loading weights using safetensors.
2025-12-29 10:13:29,900 [trainer.py] => All params: 90529536
2025-12-29 10:13:29,901 [trainer.py] => Trainable params: 4730880
2025-12-29 10:13:29,940 [ease.py] => Learning on 0-2
