2025-02-20 10:27:07,292 [trainer.py] => config: ./exps/北交.json
2025-02-20 10:27:07,292 [trainer.py] => prefix:  
2025-02-20 10:27:07,292 [trainer.py] => dataset: beijiao
2025-02-20 10:27:07,292 [trainer.py] => memory_size: 0
2025-02-20 10:27:07,292 [trainer.py] => memory_per_class: 0
2025-02-20 10:27:07,292 [trainer.py] => fixed_memory: False
2025-02-20 10:27:07,293 [trainer.py] => shuffle: True
2025-02-20 10:27:07,293 [trainer.py] => init_cls: 2
2025-02-20 10:27:07,293 [trainer.py] => increment: 1
2025-02-20 10:27:07,293 [trainer.py] => model_name: ease
2025-02-20 10:27:07,301 [trainer.py] => backbone_type: vit_base_patch16_224_ease
2025-02-20 10:27:07,301 [trainer.py] => device: [device(type='cuda', index=0)]
2025-02-20 10:27:07,301 [trainer.py] => seed: 1993
2025-02-20 10:27:07,301 [trainer.py] => init_epochs: 20
2025-02-20 10:27:07,301 [trainer.py] => init_lr: 0.005
2025-02-20 10:27:07,301 [trainer.py] => later_epochs: 20
2025-02-20 10:27:07,301 [trainer.py] => later_lr: 0.005
2025-02-20 10:27:07,301 [trainer.py] => batch_size: 16
2025-02-20 10:27:07,302 [trainer.py] => weight_decay: 0.0001
2025-02-20 10:27:07,302 [trainer.py] => min_lr: 1e-06
2025-02-20 10:27:07,302 [trainer.py] => optimizer: adamw
2025-02-20 10:27:07,302 [trainer.py] => scheduler: cosine
2025-02-20 10:27:07,302 [trainer.py] => pretrained: False
2025-02-20 10:27:07,302 [trainer.py] => vpt_type: Deep
2025-02-20 10:27:07,302 [trainer.py] => prompt_token_num: 5
2025-02-20 10:27:07,302 [trainer.py] => ffn_num: 128
2025-02-20 10:27:07,302 [trainer.py] => use_diagonal: False
2025-02-20 10:27:07,302 [trainer.py] => recalc_sim: True
2025-02-20 10:27:07,302 [trainer.py] => alpha: 0.1
2025-02-20 10:27:07,302 [trainer.py] => use_init_ptm: False
2025-02-20 10:27:07,302 [trainer.py] => beta: 0
2025-02-20 10:27:07,302 [trainer.py] => use_old_data: False
2025-02-20 10:27:07,302 [trainer.py] => use_reweight: True
2025-02-20 10:27:07,302 [trainer.py] => moni_adam: False
2025-02-20 10:27:07,302 [trainer.py] => adapter_num: -1
2025-02-20 10:27:07,302 [trainer.py] => data_type: float32
2025-02-20 10:27:09,975 [_builder.py] => Loading pretrained weights from Hugging Face hub (timm/vit_base_patch16_224.augreg2_in21k_ft_in1k)
2025-02-20 10:27:10,544 [_hub.py] => [timm/vit_base_patch16_224.augreg2_in21k_ft_in1k] Safe alternative available for 'pytorch_model.bin' (as 'model.safetensors'). Loading weights using safetensors.
2025-02-20 10:27:10,636 [trainer.py] => All params: 88168704
2025-02-20 10:27:10,636 [trainer.py] => Trainable params: 2370048
2025-02-20 10:27:10,664 [ease.py] => Learning on 0-2
2025-02-23 15:10:51,916 [trainer.py] => config: ./exps/北交.json
2025-02-23 15:10:51,916 [trainer.py] => prefix:  
2025-02-23 15:10:51,916 [trainer.py] => dataset: beijiao
2025-02-23 15:10:51,916 [trainer.py] => memory_size: 0
2025-02-23 15:10:51,916 [trainer.py] => memory_per_class: 0
2025-02-23 15:10:51,916 [trainer.py] => fixed_memory: False
2025-02-23 15:10:51,916 [trainer.py] => shuffle: True
2025-02-23 15:10:51,917 [trainer.py] => init_cls: 2
2025-02-23 15:10:51,917 [trainer.py] => increment: 1
2025-02-23 15:10:51,917 [trainer.py] => model_name: ease
2025-02-23 15:10:51,917 [trainer.py] => backbone_type: vit_base_patch16_224_ease
2025-02-23 15:10:51,917 [trainer.py] => device: [device(type='cuda', index=0)]
2025-02-23 15:10:51,917 [trainer.py] => seed: 1993
2025-02-23 15:10:51,917 [trainer.py] => init_epochs: 20
2025-02-23 15:10:51,917 [trainer.py] => init_lr: 0.005
2025-02-23 15:10:51,917 [trainer.py] => later_epochs: 20
2025-02-23 15:10:51,917 [trainer.py] => later_lr: 0.005
2025-02-23 15:10:51,917 [trainer.py] => batch_size: 16
2025-02-23 15:10:51,917 [trainer.py] => weight_decay: 0.0001
2025-02-23 15:10:51,917 [trainer.py] => min_lr: 1e-06
2025-02-23 15:10:51,917 [trainer.py] => optimizer: adamw
2025-02-23 15:10:51,917 [trainer.py] => scheduler: cosine
2025-02-23 15:10:51,917 [trainer.py] => pretrained: False
2025-02-23 15:10:51,917 [trainer.py] => vpt_type: Deep
2025-02-23 15:10:51,917 [trainer.py] => prompt_token_num: 5
2025-02-23 15:10:51,917 [trainer.py] => ffn_num: 128
2025-02-23 15:10:51,917 [trainer.py] => use_diagonal: False
2025-02-23 15:10:51,917 [trainer.py] => recalc_sim: True
2025-02-23 15:10:51,917 [trainer.py] => alpha: 0.1
2025-02-23 15:10:51,917 [trainer.py] => use_init_ptm: False
2025-02-23 15:10:51,917 [trainer.py] => beta: 0
2025-02-23 15:10:51,917 [trainer.py] => use_old_data: False
2025-02-23 15:10:51,917 [trainer.py] => use_reweight: True
2025-02-23 15:10:51,917 [trainer.py] => moni_adam: False
2025-02-23 15:10:51,917 [trainer.py] => adapter_num: -1
2025-02-23 15:10:51,917 [trainer.py] => data_type: float32
2025-02-23 15:10:54,402 [_builder.py] => Loading pretrained weights from Hugging Face hub (timm/vit_base_patch16_224.augreg2_in21k_ft_in1k)
2025-02-23 15:15:39,185 [trainer.py] => config: ./exps/北交.json
2025-02-23 15:15:39,187 [trainer.py] => prefix:  
2025-02-23 15:15:39,187 [trainer.py] => dataset: beijiao
2025-02-23 15:15:39,187 [trainer.py] => memory_size: 0
2025-02-23 15:15:39,187 [trainer.py] => memory_per_class: 0
2025-02-23 15:15:39,187 [trainer.py] => fixed_memory: False
2025-02-23 15:15:39,187 [trainer.py] => shuffle: True
2025-02-23 15:15:39,187 [trainer.py] => init_cls: 2
2025-02-23 15:15:39,187 [trainer.py] => increment: 1
2025-02-23 15:15:39,187 [trainer.py] => model_name: ease
2025-02-23 15:15:39,187 [trainer.py] => backbone_type: vit_base_patch16_224_ease
2025-02-23 15:15:39,187 [trainer.py] => device: [device(type='cuda', index=0)]
2025-02-23 15:15:39,187 [trainer.py] => seed: 1993
2025-02-23 15:15:39,187 [trainer.py] => init_epochs: 20
2025-02-23 15:15:39,187 [trainer.py] => init_lr: 0.005
2025-02-23 15:15:39,187 [trainer.py] => later_epochs: 20
2025-02-23 15:15:39,187 [trainer.py] => later_lr: 0.005
2025-02-23 15:15:39,187 [trainer.py] => batch_size: 16
2025-02-23 15:15:39,187 [trainer.py] => weight_decay: 0.0001
2025-02-23 15:15:39,187 [trainer.py] => min_lr: 1e-06
2025-02-23 15:15:39,187 [trainer.py] => optimizer: adamw
2025-02-23 15:15:39,187 [trainer.py] => scheduler: cosine
2025-02-23 15:15:39,187 [trainer.py] => pretrained: False
2025-02-23 15:15:39,187 [trainer.py] => vpt_type: Deep
2025-02-23 15:15:39,187 [trainer.py] => prompt_token_num: 5
2025-02-23 15:15:39,187 [trainer.py] => ffn_num: 128
2025-02-23 15:15:39,187 [trainer.py] => use_diagonal: False
2025-02-23 15:15:39,187 [trainer.py] => recalc_sim: True
2025-02-23 15:15:39,187 [trainer.py] => alpha: 0.1
2025-02-23 15:15:39,187 [trainer.py] => use_init_ptm: False
2025-02-23 15:15:39,187 [trainer.py] => beta: 0
2025-02-23 15:15:39,187 [trainer.py] => use_old_data: False
2025-02-23 15:15:39,187 [trainer.py] => use_reweight: True
2025-02-23 15:15:39,187 [trainer.py] => moni_adam: False
2025-02-23 15:15:39,187 [trainer.py] => adapter_num: -1
2025-02-23 15:15:39,187 [trainer.py] => data_type: float32
2025-02-23 15:15:41,706 [_builder.py] => Loading pretrained weights from Hugging Face hub (timm/vit_base_patch16_224.augreg2_in21k_ft_in1k)
2025-02-23 15:15:42,418 [_hub.py] => [timm/vit_base_patch16_224.augreg2_in21k_ft_in1k] Safe alternative available for 'pytorch_model.bin' (as 'model.safetensors'). Loading weights using safetensors.
2025-02-23 15:15:42,762 [trainer.py] => All params: 88168704
2025-02-23 15:15:42,763 [trainer.py] => Trainable params: 2370048
2025-02-23 15:15:42,812 [ease.py] => Learning on 0-2
2025-02-25 11:01:15,013 [trainer.py] => config: ./exps/北交.json
2025-02-25 11:01:15,014 [trainer.py] => prefix:  
2025-02-25 11:01:15,014 [trainer.py] => dataset: beijiao
2025-02-25 11:01:15,014 [trainer.py] => memory_size: 0
2025-02-25 11:01:15,014 [trainer.py] => memory_per_class: 0
2025-02-25 11:01:15,014 [trainer.py] => fixed_memory: False
2025-02-25 11:01:15,014 [trainer.py] => shuffle: True
2025-02-25 11:01:15,014 [trainer.py] => init_cls: 2
2025-02-25 11:01:15,014 [trainer.py] => increment: 1
2025-02-25 11:01:15,014 [trainer.py] => model_name: ease
2025-02-25 11:01:15,014 [trainer.py] => backbone_type: vit_base_patch16_224_ease
2025-02-25 11:01:15,014 [trainer.py] => device: [device(type='cuda', index=0)]
2025-02-25 11:01:15,014 [trainer.py] => seed: 1993
2025-02-25 11:01:15,014 [trainer.py] => init_epochs: 20
2025-02-25 11:01:15,014 [trainer.py] => init_lr: 0.005
2025-02-25 11:01:15,014 [trainer.py] => later_epochs: 20
2025-02-25 11:01:15,014 [trainer.py] => later_lr: 0.005
2025-02-25 11:01:15,014 [trainer.py] => batch_size: 16
2025-02-25 11:01:15,015 [trainer.py] => weight_decay: 0.0001
2025-02-25 11:01:15,015 [trainer.py] => min_lr: 1e-06
2025-02-25 11:01:15,015 [trainer.py] => optimizer: adamw
2025-02-25 11:01:15,015 [trainer.py] => scheduler: cosine
2025-02-25 11:01:15,015 [trainer.py] => pretrained: False
2025-02-25 11:01:15,015 [trainer.py] => vpt_type: Deep
2025-02-25 11:01:15,015 [trainer.py] => prompt_token_num: 5
2025-02-25 11:01:15,015 [trainer.py] => ffn_num: 128
2025-02-25 11:01:15,015 [trainer.py] => use_diagonal: False
2025-02-25 11:01:15,015 [trainer.py] => recalc_sim: True
2025-02-25 11:01:15,015 [trainer.py] => alpha: 0.1
2025-02-25 11:01:15,015 [trainer.py] => use_init_ptm: False
2025-02-25 11:01:15,015 [trainer.py] => beta: 0
2025-02-25 11:01:15,015 [trainer.py] => use_old_data: False
2025-02-25 11:01:15,015 [trainer.py] => use_reweight: True
2025-02-25 11:01:15,015 [trainer.py] => moni_adam: False
2025-02-25 11:01:15,015 [trainer.py] => adapter_num: -1
2025-02-25 11:01:15,015 [trainer.py] => data_type: float32
2025-02-25 11:01:17,921 [_builder.py] => Loading pretrained weights from Hugging Face hub (timm/vit_base_patch16_224.augreg2_in21k_ft_in1k)
2025-02-25 11:01:18,593 [_hub.py] => [timm/vit_base_patch16_224.augreg2_in21k_ft_in1k] Safe alternative available for 'pytorch_model.bin' (as 'model.safetensors'). Loading weights using safetensors.
2025-02-25 11:01:18,952 [trainer.py] => All params: 88168704
2025-02-25 11:01:18,953 [trainer.py] => Trainable params: 2370048
2025-02-25 11:01:19,009 [ease.py] => Learning on 0-2
2025-02-25 17:34:30,932 [trainer.py] => config: ./exps/北交.json
2025-02-25 17:34:30,934 [trainer.py] => prefix:  
2025-02-25 17:34:30,934 [trainer.py] => dataset: beijiao
2025-02-25 17:34:30,934 [trainer.py] => memory_size: 0
2025-02-25 17:34:30,934 [trainer.py] => memory_per_class: 0
2025-02-25 17:34:30,934 [trainer.py] => fixed_memory: False
2025-02-25 17:34:30,934 [trainer.py] => shuffle: True
2025-02-25 17:34:30,934 [trainer.py] => init_cls: 2
2025-02-25 17:34:30,934 [trainer.py] => increment: 1
2025-02-25 17:34:30,934 [trainer.py] => model_name: ease
2025-02-25 17:34:30,934 [trainer.py] => backbone_type: vit_base_patch16_224_ease
2025-02-25 17:34:30,934 [trainer.py] => device: [device(type='cuda', index=0)]
2025-02-25 17:34:30,934 [trainer.py] => seed: 1993
2025-02-25 17:34:30,934 [trainer.py] => init_epochs: 20
2025-02-25 17:34:30,934 [trainer.py] => init_lr: 0.005
2025-02-25 17:34:30,935 [trainer.py] => later_epochs: 20
2025-02-25 17:34:30,935 [trainer.py] => later_lr: 0.005
2025-02-25 17:34:30,935 [trainer.py] => batch_size: 16
2025-02-25 17:34:30,935 [trainer.py] => weight_decay: 0.0001
2025-02-25 17:34:30,935 [trainer.py] => min_lr: 1e-06
2025-02-25 17:34:30,935 [trainer.py] => optimizer: adamw
2025-02-25 17:34:30,935 [trainer.py] => scheduler: cosine
2025-02-25 17:34:30,935 [trainer.py] => pretrained: False
2025-02-25 17:34:30,935 [trainer.py] => vpt_type: Deep
2025-02-25 17:34:30,935 [trainer.py] => prompt_token_num: 5
2025-02-25 17:34:30,935 [trainer.py] => ffn_num: 128
2025-02-25 17:34:30,935 [trainer.py] => use_diagonal: False
2025-02-25 17:34:30,935 [trainer.py] => recalc_sim: True
2025-02-25 17:34:30,935 [trainer.py] => alpha: 0.1
2025-02-25 17:34:30,935 [trainer.py] => use_init_ptm: False
2025-02-25 17:34:30,935 [trainer.py] => beta: 0
2025-02-25 17:34:30,935 [trainer.py] => use_old_data: False
2025-02-25 17:34:30,935 [trainer.py] => use_reweight: True
2025-02-25 17:34:30,935 [trainer.py] => moni_adam: False
2025-02-25 17:34:30,935 [trainer.py] => adapter_num: -1
2025-02-25 17:34:30,935 [trainer.py] => data_type: float32
2025-02-25 17:34:33,725 [_builder.py] => Loading pretrained weights from Hugging Face hub (timm/vit_base_patch16_224.augreg2_in21k_ft_in1k)
2025-02-25 17:34:35,642 [_hub.py] => [timm/vit_base_patch16_224.augreg2_in21k_ft_in1k] Safe alternative available for 'pytorch_model.bin' (as 'model.safetensors'). Loading weights using safetensors.
2025-02-25 17:34:35,750 [trainer.py] => All params: 88168704
2025-02-25 17:34:35,751 [trainer.py] => Trainable params: 2370048
2025-02-25 17:34:35,778 [ease.py] => Learning on 0-2
2025-02-25 17:42:06,435 [trainer.py] => config: ./exps/北交.json
2025-02-25 17:42:06,443 [trainer.py] => prefix:  
2025-02-25 17:42:06,443 [trainer.py] => dataset: beijiao
2025-02-25 17:42:06,443 [trainer.py] => memory_size: 0
2025-02-25 17:42:06,443 [trainer.py] => memory_per_class: 0
2025-02-25 17:42:06,443 [trainer.py] => fixed_memory: False
2025-02-25 17:42:06,443 [trainer.py] => shuffle: True
2025-02-25 17:42:06,443 [trainer.py] => init_cls: 2
2025-02-25 17:42:06,443 [trainer.py] => increment: 1
2025-02-25 17:42:06,443 [trainer.py] => model_name: ease
2025-02-25 17:42:06,443 [trainer.py] => backbone_type: vit_base_patch16_224_ease
2025-02-25 17:42:06,443 [trainer.py] => device: [device(type='cuda', index=0)]
2025-02-25 17:42:06,443 [trainer.py] => seed: 1993
2025-02-25 17:42:06,443 [trainer.py] => init_epochs: 20
2025-02-25 17:42:06,443 [trainer.py] => init_lr: 0.005
2025-02-25 17:42:06,443 [trainer.py] => later_epochs: 20
2025-02-25 17:42:06,443 [trainer.py] => later_lr: 0.005
2025-02-25 17:42:06,443 [trainer.py] => batch_size: 16
2025-02-25 17:42:06,443 [trainer.py] => weight_decay: 0.0001
2025-02-25 17:42:06,443 [trainer.py] => min_lr: 1e-06
2025-02-25 17:42:06,443 [trainer.py] => optimizer: adamw
2025-02-25 17:42:06,443 [trainer.py] => scheduler: cosine
2025-02-25 17:42:06,443 [trainer.py] => pretrained: False
2025-02-25 17:42:06,443 [trainer.py] => vpt_type: Deep
2025-02-25 17:42:06,443 [trainer.py] => prompt_token_num: 5
2025-02-25 17:42:06,443 [trainer.py] => ffn_num: 128
2025-02-25 17:42:06,443 [trainer.py] => use_diagonal: False
2025-02-25 17:42:06,443 [trainer.py] => recalc_sim: True
2025-02-25 17:42:06,443 [trainer.py] => alpha: 0.1
2025-02-25 17:42:06,443 [trainer.py] => use_init_ptm: False
2025-02-25 17:42:06,443 [trainer.py] => beta: 0
2025-02-25 17:42:06,443 [trainer.py] => use_old_data: False
2025-02-25 17:42:06,443 [trainer.py] => use_reweight: True
2025-02-25 17:42:06,443 [trainer.py] => moni_adam: False
2025-02-25 17:42:06,445 [trainer.py] => adapter_num: -1
2025-02-25 17:42:06,445 [trainer.py] => data_type: float32
2025-02-25 17:42:08,722 [_builder.py] => Loading pretrained weights from Hugging Face hub (timm/vit_base_patch16_224.augreg2_in21k_ft_in1k)
2025-02-25 17:42:09,266 [_hub.py] => [timm/vit_base_patch16_224.augreg2_in21k_ft_in1k] Safe alternative available for 'pytorch_model.bin' (as 'model.safetensors'). Loading weights using safetensors.
2025-02-25 17:42:09,362 [trainer.py] => All params: 88168704
2025-02-25 17:42:09,368 [trainer.py] => Trainable params: 2370048
2025-02-25 17:42:09,388 [ease.py] => Learning on 0-2
2025-02-25 17:42:26,952 [trainer.py] => config: ./exps/北交.json
2025-02-25 17:42:26,953 [trainer.py] => prefix:  
2025-02-25 17:42:26,954 [trainer.py] => dataset: beijiao
2025-02-25 17:42:26,954 [trainer.py] => memory_size: 0
2025-02-25 17:42:26,954 [trainer.py] => memory_per_class: 0
2025-02-25 17:42:26,954 [trainer.py] => fixed_memory: False
2025-02-25 17:42:26,954 [trainer.py] => shuffle: True
2025-02-25 17:42:26,954 [trainer.py] => init_cls: 2
2025-02-25 17:42:26,954 [trainer.py] => increment: 1
2025-02-25 17:42:26,954 [trainer.py] => model_name: ease
2025-02-25 17:42:26,954 [trainer.py] => backbone_type: vit_base_patch16_224_ease
2025-02-25 17:42:26,954 [trainer.py] => device: [device(type='cuda', index=0)]
2025-02-25 17:42:26,954 [trainer.py] => seed: 1993
2025-02-25 17:42:26,954 [trainer.py] => init_epochs: 2
2025-02-25 17:42:26,954 [trainer.py] => init_lr: 0.005
2025-02-25 17:42:26,954 [trainer.py] => later_epochs: 2
2025-02-25 17:42:26,954 [trainer.py] => later_lr: 0.005
2025-02-25 17:42:26,954 [trainer.py] => batch_size: 16
2025-02-25 17:42:26,954 [trainer.py] => weight_decay: 0.0001
2025-02-25 17:42:26,954 [trainer.py] => min_lr: 1e-06
2025-02-25 17:42:26,954 [trainer.py] => optimizer: adamw
2025-02-25 17:42:26,954 [trainer.py] => scheduler: cosine
2025-02-25 17:42:26,954 [trainer.py] => pretrained: False
2025-02-25 17:42:26,954 [trainer.py] => vpt_type: Deep
2025-02-25 17:42:26,954 [trainer.py] => prompt_token_num: 5
2025-02-25 17:42:26,954 [trainer.py] => ffn_num: 128
2025-02-25 17:42:26,955 [trainer.py] => use_diagonal: False
2025-02-25 17:42:26,955 [trainer.py] => recalc_sim: True
2025-02-25 17:42:26,955 [trainer.py] => alpha: 0.1
2025-02-25 17:42:26,955 [trainer.py] => use_init_ptm: False
2025-02-25 17:42:26,955 [trainer.py] => beta: 0
2025-02-25 17:42:26,955 [trainer.py] => use_old_data: False
2025-02-25 17:42:26,955 [trainer.py] => use_reweight: True
2025-02-25 17:42:26,955 [trainer.py] => moni_adam: False
2025-02-25 17:42:26,955 [trainer.py] => adapter_num: -1
2025-02-25 17:42:26,955 [trainer.py] => data_type: float32
2025-02-25 17:42:29,237 [_builder.py] => Loading pretrained weights from Hugging Face hub (timm/vit_base_patch16_224.augreg2_in21k_ft_in1k)
2025-02-25 17:42:29,814 [_hub.py] => [timm/vit_base_patch16_224.augreg2_in21k_ft_in1k] Safe alternative available for 'pytorch_model.bin' (as 'model.safetensors'). Loading weights using safetensors.
2025-02-25 17:42:29,910 [trainer.py] => All params: 88168704
2025-02-25 17:42:29,911 [trainer.py] => Trainable params: 2370048
2025-02-25 17:42:29,937 [ease.py] => Learning on 0-2
2025-02-25 17:43:40,761 [ease.py] => Task 0, Epoch 2/2 => Loss 0.173, Train_accy 96.56
2025-02-25 17:44:31,282 [ease.py] => Task correct: 100.0
2025-02-25 17:44:31,282 [ease.py] => Task acc: 100.0
2025-02-25 17:44:31,322 [trainer.py] => No NME accuracy.
2025-02-25 17:44:31,322 [trainer.py] => CNN: {'total': 100.0, '00-00': 100.0, 'old': 0, 'new': 100.0}
2025-02-25 17:44:31,322 [trainer.py] => CNN top1 curve: [100.0]
2025-02-25 17:44:31,322 [trainer.py] => Average Accuracy (CNN): 100.0 

2025-02-25 17:44:31,323 [trainer.py] => All params: 88171778
2025-02-25 17:44:31,323 [trainer.py] => Trainable params: 2373122
2025-02-25 17:44:31,326 [ease.py] => Learning on 2-3
2025-02-25 17:45:26,231 [ease.py] => Task 1, Epoch 2/2 => Loss 0.000, Train_accy 100.00
2025-02-25 17:46:43,367 [ease.py] => Task correct: 68.33333333333333
2025-02-25 17:46:43,367 [ease.py] => Task acc: 100.0
2025-02-25 17:46:43,393 [trainer.py] => No NME accuracy.
2025-02-25 17:46:43,393 [trainer.py] => CNN: {'total': 68.33, '00-00': 100.0, '01-01': 100.0, 'old': 100.0, 'new': 5.0}
2025-02-25 17:46:43,393 [trainer.py] => CNN top1 curve: [100.0, 68.33]
2025-02-25 17:46:43,393 [trainer.py] => Average Accuracy (CNN): 84.16499999999999 

2025-02-25 17:46:43,393 [trainer.py] => All params: 88174082
2025-02-25 17:46:43,393 [trainer.py] => Trainable params: 2375426
2025-02-25 17:46:43,394 [ease.py] => Learning on 3-4
2025-02-25 17:46:57,948 [trainer.py] => config: ./exps/北交.json
2025-02-25 17:46:57,949 [trainer.py] => prefix:  
2025-02-25 17:46:57,949 [trainer.py] => dataset: beijiao
2025-02-25 17:46:57,949 [trainer.py] => memory_size: 0
2025-02-25 17:46:57,949 [trainer.py] => memory_per_class: 0
2025-02-25 17:46:57,949 [trainer.py] => fixed_memory: False
2025-02-25 17:46:57,949 [trainer.py] => shuffle: True
2025-02-25 17:46:57,949 [trainer.py] => init_cls: 2
2025-02-25 17:46:57,949 [trainer.py] => increment: 1
2025-02-25 17:46:57,950 [trainer.py] => model_name: ease
2025-02-25 17:46:57,950 [trainer.py] => backbone_type: vit_base_patch16_224_ease
2025-02-25 17:46:57,950 [trainer.py] => device: [device(type='cuda', index=0)]
2025-02-25 17:46:57,950 [trainer.py] => seed: 1993
2025-02-25 17:46:57,950 [trainer.py] => init_epochs: 2
2025-02-25 17:46:57,950 [trainer.py] => init_lr: 0.005
2025-02-25 17:46:57,950 [trainer.py] => later_epochs: 2
2025-02-25 17:46:57,950 [trainer.py] => later_lr: 0.005
2025-02-25 17:46:57,950 [trainer.py] => batch_size: 16
2025-02-25 17:46:57,950 [trainer.py] => weight_decay: 0.0001
2025-02-25 17:46:57,950 [trainer.py] => min_lr: 1e-06
2025-02-25 17:46:57,950 [trainer.py] => optimizer: adamw
2025-02-25 17:46:57,950 [trainer.py] => scheduler: cosine
2025-02-25 17:46:57,950 [trainer.py] => pretrained: False
2025-02-25 17:46:57,950 [trainer.py] => vpt_type: Deep
2025-02-25 17:46:57,950 [trainer.py] => prompt_token_num: 5
2025-02-25 17:46:57,950 [trainer.py] => ffn_num: 128
2025-02-25 17:46:57,950 [trainer.py] => use_diagonal: False
2025-02-25 17:46:57,950 [trainer.py] => recalc_sim: True
2025-02-25 17:46:57,950 [trainer.py] => alpha: 0.1
2025-02-25 17:46:57,950 [trainer.py] => use_init_ptm: False
2025-02-25 17:46:57,950 [trainer.py] => beta: 0
2025-02-25 17:46:57,950 [trainer.py] => use_old_data: False
2025-02-25 17:46:57,950 [trainer.py] => use_reweight: True
2025-02-25 17:46:57,950 [trainer.py] => moni_adam: False
2025-02-25 17:46:57,950 [trainer.py] => adapter_num: -1
2025-02-25 17:46:57,950 [trainer.py] => data_type: float32
2025-02-25 17:47:00,409 [_builder.py] => Loading pretrained weights from Hugging Face hub (timm/vit_base_patch16_224.augreg2_in21k_ft_in1k)
2025-02-25 17:47:01,945 [_hub.py] => [timm/vit_base_patch16_224.augreg2_in21k_ft_in1k] Safe alternative available for 'pytorch_model.bin' (as 'model.safetensors'). Loading weights using safetensors.
2025-02-25 17:47:02,055 [trainer.py] => All params: 88168704
2025-02-25 17:47:02,056 [trainer.py] => Trainable params: 2370048
2025-02-25 17:47:02,082 [ease.py] => Learning on 0-2
2025-02-25 17:48:16,254 [ease.py] => Task 0, Epoch 2/2 => Loss 0.173, Train_accy 96.56
2025-02-25 17:49:09,803 [ease.py] => Task correct: 100.0
2025-02-25 17:49:09,803 [ease.py] => Task acc: 100.0
2025-02-25 17:49:09,835 [trainer.py] => No NME accuracy.
2025-02-25 17:49:09,835 [trainer.py] => CNN: {'total': 100.0, '00-00': 100.0, 'old': 0, 'new': 100.0}
2025-02-25 17:49:09,836 [trainer.py] => CNN top1 curve: [100.0]
2025-02-25 17:49:09,836 [trainer.py] => Average Accuracy (CNN): 100.0 

2025-02-25 17:49:09,836 [trainer.py] => All params: 88171778
2025-02-25 17:49:09,837 [trainer.py] => Trainable params: 2373122
2025-02-25 17:49:09,838 [ease.py] => Learning on 2-3
2025-02-26 14:50:24,142 [trainer.py] => config: ./exps/北交.json
2025-02-26 14:50:24,142 [trainer.py] => prefix:  
2025-02-26 14:50:24,142 [trainer.py] => dataset: beijiao
2025-02-26 14:50:24,142 [trainer.py] => memory_size: 0
2025-02-26 14:50:24,142 [trainer.py] => memory_per_class: 0
2025-02-26 14:50:24,142 [trainer.py] => fixed_memory: False
2025-02-26 14:50:24,142 [trainer.py] => shuffle: True
2025-02-26 14:50:24,142 [trainer.py] => init_cls: 2
2025-02-26 14:50:24,142 [trainer.py] => increment: 1
2025-02-26 14:50:24,142 [trainer.py] => model_name: ease
2025-02-26 14:50:24,142 [trainer.py] => backbone_type: vit_base_patch16_224_ease
2025-02-26 14:50:24,143 [trainer.py] => device: [device(type='cuda', index=0)]
2025-02-26 14:50:24,143 [trainer.py] => seed: 1993
2025-02-26 14:50:24,143 [trainer.py] => init_epochs: 2
2025-02-26 14:50:24,143 [trainer.py] => init_lr: 0.005
2025-02-26 14:50:24,143 [trainer.py] => later_epochs: 2
2025-02-26 14:50:24,143 [trainer.py] => later_lr: 0.005
2025-02-26 14:50:24,143 [trainer.py] => batch_size: 16
2025-02-26 14:50:24,143 [trainer.py] => weight_decay: 0.0001
2025-02-26 14:50:24,143 [trainer.py] => min_lr: 1e-06
2025-02-26 14:50:24,143 [trainer.py] => optimizer: adamw
2025-02-26 14:50:24,143 [trainer.py] => scheduler: cosine
2025-02-26 14:50:24,143 [trainer.py] => pretrained: False
2025-02-26 14:50:24,143 [trainer.py] => vpt_type: Deep
2025-02-26 14:50:24,143 [trainer.py] => prompt_token_num: 5
2025-02-26 14:50:24,143 [trainer.py] => ffn_num: 128
2025-02-26 14:50:24,143 [trainer.py] => use_diagonal: False
2025-02-26 14:50:24,143 [trainer.py] => recalc_sim: True
2025-02-26 14:50:24,143 [trainer.py] => alpha: 0.1
2025-02-26 14:50:24,143 [trainer.py] => use_init_ptm: False
2025-02-26 14:50:24,143 [trainer.py] => beta: 0
2025-02-26 14:50:24,143 [trainer.py] => use_old_data: False
2025-02-26 14:50:24,143 [trainer.py] => use_reweight: True
2025-02-26 14:50:24,143 [trainer.py] => moni_adam: False
2025-02-26 14:50:24,143 [trainer.py] => adapter_num: -1
2025-02-26 14:50:24,143 [trainer.py] => data_type: float32
2025-02-26 14:50:26,418 [_builder.py] => Loading pretrained weights from Hugging Face hub (timm/vit_base_patch16_224.augreg2_in21k_ft_in1k)
2025-02-26 14:50:26,919 [_hub.py] => [timm/vit_base_patch16_224.augreg2_in21k_ft_in1k] Safe alternative available for 'pytorch_model.bin' (as 'model.safetensors'). Loading weights using safetensors.
2025-02-26 14:50:27,020 [trainer.py] => All params: 88168704
2025-02-26 14:50:27,020 [trainer.py] => Trainable params: 2370048
2025-02-26 14:50:27,042 [ease.py] => Learning on 0-2
2025-02-26 14:51:18,488 [ease.py] => Task 0, Epoch 2/2 => Loss 0.173, Train_accy 96.56
2025-02-26 14:52:01,133 [ease.py] => Task correct: 100.0
2025-02-26 14:52:01,134 [ease.py] => Task acc: 100.0
2025-02-26 14:52:01,157 [trainer.py] => No NME accuracy.
2025-02-26 14:52:01,157 [trainer.py] => CNN: {'total': 100.0, '00-00': 100.0, 'old': 0, 'new': 100.0}
2025-02-26 14:52:01,157 [trainer.py] => CNN top1 curve: [100.0]
2025-02-26 14:52:01,157 [trainer.py] => Average Accuracy (CNN): 100.0 

2025-02-26 14:52:01,159 [trainer.py] => All params: 88171778
2025-02-26 14:52:01,159 [trainer.py] => Trainable params: 2373122
2025-02-26 14:52:01,167 [ease.py] => Learning on 2-3
2025-02-27 15:11:29,749 [trainer.py] => config: ./exps/北交.json
2025-02-27 15:11:29,749 [trainer.py] => prefix:  
2025-02-27 15:11:29,749 [trainer.py] => dataset: beijiao
2025-02-27 15:11:29,749 [trainer.py] => memory_size: 0
2025-02-27 15:11:29,749 [trainer.py] => memory_per_class: 0
2025-02-27 15:11:29,749 [trainer.py] => fixed_memory: False
2025-02-27 15:11:29,749 [trainer.py] => shuffle: True
2025-02-27 15:11:29,749 [trainer.py] => init_cls: 2
2025-02-27 15:11:29,749 [trainer.py] => increment: 1
2025-02-27 15:11:29,749 [trainer.py] => model_name: ease
2025-02-27 15:11:29,749 [trainer.py] => backbone_type: vit_base_patch16_224_ease
2025-02-27 15:11:29,750 [trainer.py] => device: [device(type='cuda', index=0)]
2025-02-27 15:11:29,750 [trainer.py] => seed: 1993
2025-02-27 15:11:29,750 [trainer.py] => init_epochs: 2
2025-02-27 15:11:29,750 [trainer.py] => init_lr: 0.005
2025-02-27 15:11:29,750 [trainer.py] => later_epochs: 2
2025-02-27 15:11:29,750 [trainer.py] => later_lr: 0.005
2025-02-27 15:11:29,750 [trainer.py] => batch_size: 16
2025-02-27 15:11:29,750 [trainer.py] => weight_decay: 0.0001
2025-02-27 15:11:29,750 [trainer.py] => min_lr: 1e-06
2025-02-27 15:11:29,750 [trainer.py] => optimizer: adamw
2025-02-27 15:11:29,750 [trainer.py] => scheduler: cosine
2025-02-27 15:11:29,750 [trainer.py] => pretrained: False
2025-02-27 15:11:29,750 [trainer.py] => vpt_type: Deep
2025-02-27 15:11:29,750 [trainer.py] => prompt_token_num: 5
2025-02-27 15:11:29,750 [trainer.py] => ffn_num: 128
2025-02-27 15:11:29,750 [trainer.py] => use_diagonal: False
2025-02-27 15:11:29,750 [trainer.py] => recalc_sim: True
2025-02-27 15:11:29,750 [trainer.py] => alpha: 0.1
2025-02-27 15:11:29,750 [trainer.py] => use_init_ptm: False
2025-02-27 15:11:29,750 [trainer.py] => beta: 0
2025-02-27 15:11:29,750 [trainer.py] => use_old_data: False
2025-02-27 15:11:29,750 [trainer.py] => use_reweight: True
2025-02-27 15:11:29,750 [trainer.py] => moni_adam: False
2025-02-27 15:11:29,750 [trainer.py] => adapter_num: -1
2025-02-27 15:11:29,750 [trainer.py] => data_type: float32
2025-02-27 19:47:08,528 [trainer.py] => config: ./exps/北交.json
2025-02-27 19:47:08,529 [trainer.py] => prefix:  
2025-02-27 19:47:08,529 [trainer.py] => dataset: beijiao
2025-02-27 19:47:08,529 [trainer.py] => memory_size: 0
2025-02-27 19:47:08,529 [trainer.py] => memory_per_class: 0
2025-02-27 19:47:08,529 [trainer.py] => fixed_memory: False
2025-02-27 19:47:08,529 [trainer.py] => shuffle: True
2025-02-27 19:47:08,529 [trainer.py] => init_cls: 2
2025-02-27 19:47:08,529 [trainer.py] => increment: 1
2025-02-27 19:47:08,529 [trainer.py] => model_name: ease
2025-02-27 19:47:08,529 [trainer.py] => backbone_type: vit_base_patch16_224_ease
2025-02-27 19:47:08,529 [trainer.py] => device: [device(type='cuda', index=0)]
2025-02-27 19:47:08,529 [trainer.py] => seed: 1993
2025-02-27 19:47:08,529 [trainer.py] => init_epochs: 2
2025-02-27 19:47:08,529 [trainer.py] => init_lr: 0.005
2025-02-27 19:47:08,529 [trainer.py] => later_epochs: 2
2025-02-27 19:47:08,529 [trainer.py] => later_lr: 0.005
2025-02-27 19:47:08,529 [trainer.py] => batch_size: 16
2025-02-27 19:47:08,529 [trainer.py] => weight_decay: 0.0001
2025-02-27 19:47:08,529 [trainer.py] => min_lr: 1e-06
2025-02-27 19:47:08,529 [trainer.py] => optimizer: adamw
2025-02-27 19:47:08,529 [trainer.py] => scheduler: cosine
2025-02-27 19:47:08,529 [trainer.py] => pretrained: False
2025-02-27 19:47:08,529 [trainer.py] => vpt_type: Deep
2025-02-27 19:47:08,529 [trainer.py] => prompt_token_num: 5
2025-02-27 19:47:08,529 [trainer.py] => ffn_num: 128
2025-02-27 19:47:08,529 [trainer.py] => use_diagonal: False
2025-02-27 19:47:08,529 [trainer.py] => recalc_sim: True
2025-02-27 19:47:08,529 [trainer.py] => alpha: 0.1
2025-02-27 19:47:08,529 [trainer.py] => use_init_ptm: False
2025-02-27 19:47:08,530 [trainer.py] => beta: 0
2025-02-27 19:47:08,530 [trainer.py] => use_old_data: False
2025-02-27 19:47:08,530 [trainer.py] => use_reweight: True
2025-02-27 19:47:08,530 [trainer.py] => moni_adam: False
2025-02-27 19:47:08,530 [trainer.py] => adapter_num: -1
2025-02-27 19:47:08,530 [trainer.py] => data_type: float32
2025-02-27 19:47:10,957 [_builder.py] => Loading pretrained weights from Hugging Face hub (timm/vit_base_patch16_224.augreg2_in21k_ft_in1k)
2025-02-27 19:47:11,502 [_hub.py] => [timm/vit_base_patch16_224.augreg2_in21k_ft_in1k] Safe alternative available for 'pytorch_model.bin' (as 'model.safetensors'). Loading weights using safetensors.
2025-02-27 19:47:11,595 [trainer.py] => All params: 88168704
2025-02-27 19:47:11,596 [trainer.py] => Trainable params: 2370048
2025-02-27 19:47:11,622 [ease.py] => Learning on 0-2
2025-02-27 19:48:00,867 [ease.py] => Task 0, Epoch 2/2 => Loss 0.173, Train_accy 96.56
2025-02-27 19:48:42,805 [ease.py] => Task correct: 100.0
2025-02-27 19:48:42,806 [ease.py] => Task acc: 100.0
2025-02-27 19:48:42,837 [trainer.py] => No NME accuracy.
2025-02-27 19:48:42,837 [trainer.py] => CNN: {'total': 100.0, '00-00': 100.0, 'old': 0, 'new': 100.0}
2025-02-27 19:48:42,837 [trainer.py] => CNN top1 curve: [100.0]
2025-02-27 19:48:42,837 [trainer.py] => Average Accuracy (CNN): 100.0 

2025-02-27 19:48:42,838 [trainer.py] => All params: 88171778
2025-02-27 19:48:42,838 [trainer.py] => Trainable params: 2373122
2025-02-27 19:48:42,840 [ease.py] => Learning on 2-3
2025-02-27 19:49:25,585 [ease.py] => Task 1, Epoch 2/2 => Loss 0.000, Train_accy 100.00
2025-02-27 19:50:24,120 [ease.py] => Task correct: 68.33333333333333
2025-02-27 19:50:24,120 [ease.py] => Task acc: 100.0
2025-02-27 19:50:24,139 [trainer.py] => No NME accuracy.
2025-02-27 19:50:24,139 [trainer.py] => CNN: {'total': 68.33, '00-00': 100.0, '01-01': 100.0, 'old': 100.0, 'new': 5.0}
2025-02-27 19:50:24,139 [trainer.py] => CNN top1 curve: [100.0, 68.33]
2025-02-27 19:50:24,140 [trainer.py] => Average Accuracy (CNN): 84.16499999999999 

2025-02-27 19:50:24,140 [trainer.py] => All params: 88174082
2025-02-27 19:50:24,140 [trainer.py] => Trainable params: 2375426
2025-02-27 19:50:24,141 [ease.py] => Learning on 3-4
2025-02-27 19:51:04,745 [ease.py] => Task 2, Epoch 2/2 => Loss 0.000, Train_accy 100.00
2025-02-27 19:55:10,426 [trainer.py] => config: ./exps/北交.json
2025-02-27 19:55:10,426 [trainer.py] => prefix:  
2025-02-27 19:55:10,426 [trainer.py] => dataset: beijiao
2025-02-27 19:55:10,426 [trainer.py] => memory_size: 0
2025-02-27 19:55:10,426 [trainer.py] => memory_per_class: 0
2025-02-27 19:55:10,426 [trainer.py] => fixed_memory: False
2025-02-27 19:55:10,426 [trainer.py] => shuffle: True
2025-02-27 19:55:10,435 [trainer.py] => init_cls: 2
2025-02-27 19:55:10,435 [trainer.py] => increment: 1
2025-02-27 19:55:10,435 [trainer.py] => model_name: ease
2025-02-27 19:55:10,435 [trainer.py] => backbone_type: vit_base_patch16_224_ease
2025-02-27 19:55:10,435 [trainer.py] => device: [device(type='cuda', index=0)]
2025-02-27 19:55:10,435 [trainer.py] => seed: 1993
2025-02-27 19:55:10,435 [trainer.py] => init_epochs: 1
2025-02-27 19:55:10,435 [trainer.py] => init_lr: 0.005
2025-02-27 19:55:10,435 [trainer.py] => later_epochs: 1
2025-02-27 19:55:10,435 [trainer.py] => later_lr: 0.005
2025-02-27 19:55:10,435 [trainer.py] => batch_size: 16
2025-02-27 19:55:10,435 [trainer.py] => weight_decay: 0.0001
2025-02-27 19:55:10,435 [trainer.py] => min_lr: 1e-06
2025-02-27 19:55:10,435 [trainer.py] => optimizer: adamw
2025-02-27 19:55:10,435 [trainer.py] => scheduler: cosine
2025-02-27 19:55:10,435 [trainer.py] => pretrained: False
2025-02-27 19:55:10,435 [trainer.py] => vpt_type: Deep
2025-02-27 19:55:10,435 [trainer.py] => prompt_token_num: 5
2025-02-27 19:55:10,435 [trainer.py] => ffn_num: 128
2025-02-27 19:55:10,435 [trainer.py] => use_diagonal: False
2025-02-27 19:55:10,435 [trainer.py] => recalc_sim: True
2025-02-27 19:55:10,435 [trainer.py] => alpha: 0.1
2025-02-27 19:55:10,436 [trainer.py] => use_init_ptm: False
2025-02-27 19:55:10,436 [trainer.py] => beta: 0
2025-02-27 19:55:10,436 [trainer.py] => use_old_data: False
2025-02-27 19:55:10,436 [trainer.py] => use_reweight: True
2025-02-27 19:55:10,436 [trainer.py] => moni_adam: False
2025-02-27 19:55:10,436 [trainer.py] => adapter_num: -1
2025-02-27 19:55:10,436 [trainer.py] => data_type: float32
2025-02-27 19:55:12,547 [_builder.py] => Loading pretrained weights from Hugging Face hub (timm/vit_base_patch16_224.augreg2_in21k_ft_in1k)
2025-02-27 19:55:14,101 [_hub.py] => [timm/vit_base_patch16_224.augreg2_in21k_ft_in1k] Safe alternative available for 'pytorch_model.bin' (as 'model.safetensors'). Loading weights using safetensors.
2025-02-27 19:55:14,191 [trainer.py] => All params: 88168704
2025-02-27 19:55:14,192 [trainer.py] => Trainable params: 2370048
2025-02-27 19:55:14,211 [ease.py] => Learning on 0-2
2025-02-27 19:55:38,013 [ease.py] => Task 0, Epoch 1/1 => Loss 0.321, Train_accy 90.94
2025-02-27 19:56:20,516 [ease.py] => Task correct: 100.0
2025-02-27 19:56:20,516 [ease.py] => Task acc: 100.0
2025-02-27 19:56:20,542 [trainer.py] => No NME accuracy.
2025-02-27 19:56:20,542 [trainer.py] => CNN: {'total': 100.0, '00-00': 100.0, 'old': 0, 'new': 100.0}
2025-02-27 19:56:20,542 [trainer.py] => CNN top1 curve: [100.0]
2025-02-27 19:56:20,542 [trainer.py] => Average Accuracy (CNN): 100.0 

2025-02-27 19:56:20,543 [trainer.py] => All params: 88171778
2025-02-27 19:56:20,543 [trainer.py] => Trainable params: 2373122
2025-02-27 19:56:20,544 [ease.py] => Learning on 2-3
2025-02-27 19:56:41,798 [ease.py] => Task 1, Epoch 1/1 => Loss 0.000, Train_accy 100.00
2025-02-27 19:57:40,162 [ease.py] => Task correct: 71.66666666666667
2025-02-27 19:57:40,162 [ease.py] => Task acc: 100.0
2025-02-27 19:57:40,181 [trainer.py] => No NME accuracy.
2025-02-27 19:57:40,181 [trainer.py] => CNN: {'total': 71.67, '00-00': 100.0, '01-01': 100.0, 'old': 100.0, 'new': 15.0}
2025-02-27 19:57:40,181 [trainer.py] => CNN top1 curve: [100.0, 71.67]
2025-02-27 19:57:40,182 [trainer.py] => Average Accuracy (CNN): 85.83500000000001 

2025-02-27 19:57:40,182 [trainer.py] => All params: 88174082
2025-02-27 19:57:40,182 [trainer.py] => Trainable params: 2375426
2025-02-27 19:57:40,183 [ease.py] => Learning on 3-4
2025-02-27 19:58:00,699 [ease.py] => Task 2, Epoch 1/1 => Loss 0.000, Train_accy 100.00
2025-02-27 19:59:20,938 [ease.py] => Task correct: 54.375
2025-02-27 19:59:20,938 [ease.py] => Task acc: 100.0
2025-02-27 19:59:20,957 [trainer.py] => No NME accuracy.
2025-02-27 19:59:20,957 [trainer.py] => CNN: {'total': 54.38, '00-00': 100.0, '01-01': 100.0, '02-02': 15.0, 'old': 71.67, 'new': 2.5}
2025-02-27 19:59:20,957 [trainer.py] => CNN top1 curve: [100.0, 71.67, 54.38]
2025-02-27 19:59:20,957 [trainer.py] => Average Accuracy (CNN): 75.35000000000001 

2025-02-27 19:59:20,958 [trainer.py] => All params: 88178690
2025-02-27 19:59:20,958 [trainer.py] => Trainable params: 2380034
2025-02-27 19:59:20,959 [ease.py] => Learning on 4-5
2025-02-27 19:59:46,733 [ease.py] => Task 3, Epoch 1/1 => Loss 0.000, Train_accy 100.00
2025-02-28 09:28:32,519 [trainer.py] => config: ./exps/北交.json
2025-02-28 09:28:32,519 [trainer.py] => prefix:  
2025-02-28 09:28:32,519 [trainer.py] => dataset: beijiao
2025-02-28 09:28:32,519 [trainer.py] => memory_size: 0
2025-02-28 09:28:32,519 [trainer.py] => memory_per_class: 0
2025-02-28 09:28:32,519 [trainer.py] => fixed_memory: False
2025-02-28 09:28:32,519 [trainer.py] => shuffle: True
2025-02-28 09:28:32,520 [trainer.py] => init_cls: 2
2025-02-28 09:28:32,520 [trainer.py] => increment: 1
2025-02-28 09:28:32,520 [trainer.py] => model_name: ease
2025-02-28 09:28:32,520 [trainer.py] => backbone_type: vit_base_patch16_224_ease
2025-02-28 09:28:32,520 [trainer.py] => device: [device(type='cuda', index=0)]
2025-02-28 09:28:32,520 [trainer.py] => seed: 1993
2025-02-28 09:28:32,520 [trainer.py] => init_epochs: 1
2025-02-28 09:28:32,520 [trainer.py] => init_lr: 0.005
2025-02-28 09:28:32,520 [trainer.py] => later_epochs: 1
2025-02-28 09:28:32,520 [trainer.py] => later_lr: 0.005
2025-02-28 09:28:32,520 [trainer.py] => batch_size: 16
2025-02-28 09:28:32,520 [trainer.py] => weight_decay: 0.0001
2025-02-28 09:28:32,520 [trainer.py] => min_lr: 1e-06
2025-02-28 09:28:32,520 [trainer.py] => optimizer: adamw
2025-02-28 09:28:32,520 [trainer.py] => scheduler: cosine
2025-02-28 09:28:32,520 [trainer.py] => pretrained: False
2025-02-28 09:28:32,520 [trainer.py] => vpt_type: Deep
2025-02-28 09:28:32,520 [trainer.py] => prompt_token_num: 5
2025-02-28 09:28:32,520 [trainer.py] => ffn_num: 128
2025-02-28 09:28:32,520 [trainer.py] => use_diagonal: False
2025-02-28 09:28:32,520 [trainer.py] => recalc_sim: True
2025-02-28 09:28:32,520 [trainer.py] => alpha: 0.1
2025-02-28 09:28:32,520 [trainer.py] => use_init_ptm: False
2025-02-28 09:28:32,520 [trainer.py] => beta: 0
2025-02-28 09:28:32,520 [trainer.py] => use_old_data: False
2025-02-28 09:28:32,520 [trainer.py] => use_reweight: True
2025-02-28 09:28:32,520 [trainer.py] => moni_adam: False
2025-02-28 09:28:32,520 [trainer.py] => adapter_num: -1
2025-02-28 09:28:32,520 [trainer.py] => data_type: float32
2025-02-28 09:28:35,035 [_builder.py] => Loading pretrained weights from Hugging Face hub (timm/vit_base_patch16_224.augreg2_in21k_ft_in1k)
2025-02-28 09:28:35,592 [_hub.py] => [timm/vit_base_patch16_224.augreg2_in21k_ft_in1k] Safe alternative available for 'pytorch_model.bin' (as 'model.safetensors'). Loading weights using safetensors.
2025-02-28 09:28:35,686 [trainer.py] => All params: 88168704
2025-02-28 09:28:35,687 [trainer.py] => Trainable params: 2370048
2025-02-28 09:28:35,715 [ease.py] => Learning on 0-2
2025-02-28 09:29:02,162 [ease.py] => Task 0, Epoch 1/1 => Loss 0.321, Train_accy 90.94
2025-02-28 09:29:43,072 [ease.py] => Task correct: 100.0
2025-02-28 09:29:43,072 [ease.py] => Task acc: 100.0
2025-02-28 09:29:43,096 [trainer.py] => No NME accuracy.
2025-02-28 09:29:43,096 [trainer.py] => CNN: {'total': 100.0, '00-00': 100.0, 'old': 0, 'new': 100.0}
2025-02-28 09:29:43,096 [trainer.py] => CNN top1 curve: [100.0]
2025-02-28 09:29:43,096 [trainer.py] => Average Accuracy (CNN): 100.0 

2025-02-28 09:29:43,097 [trainer.py] => All params: 88171778
2025-02-28 09:29:43,097 [trainer.py] => Trainable params: 2373122
2025-02-28 09:29:43,097 [ease.py] => Learning on 2-3
2025-02-28 09:30:03,942 [ease.py] => Task 1, Epoch 1/1 => Loss 0.000, Train_accy 100.00
2025-02-28 09:31:02,601 [ease.py] => Task correct: 71.66666666666667
2025-02-28 09:31:02,601 [ease.py] => Task acc: 100.0
2025-02-28 09:31:02,628 [trainer.py] => No NME accuracy.
2025-02-28 09:31:02,628 [trainer.py] => CNN: {'total': 71.67, '00-00': 100.0, '01-01': 100.0, 'old': 100.0, 'new': 15.0}
2025-02-28 09:31:02,628 [trainer.py] => CNN top1 curve: [100.0, 71.67]
2025-02-28 09:31:02,628 [trainer.py] => Average Accuracy (CNN): 85.83500000000001 

2025-02-28 09:31:02,629 [trainer.py] => All params: 88174082
2025-02-28 09:31:02,629 [trainer.py] => Trainable params: 2375426
2025-02-28 09:31:02,630 [ease.py] => Learning on 3-4
2025-02-28 09:31:22,641 [ease.py] => Task 2, Epoch 1/1 => Loss 0.000, Train_accy 100.00
2025-02-28 09:32:41,459 [ease.py] => Task correct: 54.375
2025-02-28 09:32:41,459 [ease.py] => Task acc: 100.0
2025-02-28 09:32:41,478 [trainer.py] => No NME accuracy.
2025-02-28 09:32:41,478 [trainer.py] => CNN: {'total': 54.38, '00-00': 100.0, '01-01': 100.0, '02-02': 15.0, 'old': 71.67, 'new': 2.5}
2025-02-28 09:32:41,478 [trainer.py] => CNN top1 curve: [100.0, 71.67, 54.38]
2025-02-28 09:32:41,478 [trainer.py] => Average Accuracy (CNN): 75.35000000000001 

2025-02-28 09:32:41,479 [trainer.py] => All params: 88178690
2025-02-28 09:32:41,479 [trainer.py] => Trainable params: 2380034
2025-02-28 09:32:41,480 [ease.py] => Learning on 4-5
2025-02-28 09:33:02,685 [ease.py] => Task 3, Epoch 1/1 => Loss 0.000, Train_accy 100.00
2025-02-28 09:34:44,381 [ease.py] => Task correct: 54.5
2025-02-28 09:34:44,381 [ease.py] => Task acc: 100.0
2025-02-28 09:34:44,399 [trainer.py] => No NME accuracy.
2025-02-28 09:34:44,399 [trainer.py] => CNN: {'total': 54.5, '00-00': 100.0, '01-01': 100.0, '02-02': 15.0, '03-03': 2.5, 'old': 54.38, 'new': 55.0}
2025-02-28 09:34:44,399 [trainer.py] => CNN top1 curve: [100.0, 71.67, 54.38, 54.5]
2025-02-28 09:34:44,399 [trainer.py] => Average Accuracy (CNN): 70.1375 

2025-03-01 09:14:20,200 [trainer.py] => config: ./exps/北交.json
2025-03-01 09:14:20,202 [trainer.py] => prefix:  
2025-03-01 09:14:20,202 [trainer.py] => dataset: beijiao
2025-03-01 09:14:20,202 [trainer.py] => memory_size: 0
2025-03-01 09:14:20,202 [trainer.py] => memory_per_class: 0
2025-03-01 09:14:20,202 [trainer.py] => fixed_memory: False
2025-03-01 09:14:20,202 [trainer.py] => shuffle: True
2025-03-01 09:14:20,202 [trainer.py] => init_cls: 2
2025-03-01 09:14:20,202 [trainer.py] => increment: 1
2025-03-01 09:14:20,202 [trainer.py] => model_name: ease
2025-03-01 09:14:20,202 [trainer.py] => backbone_type: vit_base_patch16_224_ease
2025-03-01 09:14:20,202 [trainer.py] => device: [device(type='cuda', index=0)]
2025-03-01 09:14:20,202 [trainer.py] => seed: 1993
2025-03-01 09:14:20,202 [trainer.py] => init_epochs: 1
2025-03-01 09:14:20,202 [trainer.py] => init_lr: 0.005
2025-03-01 09:14:20,202 [trainer.py] => later_epochs: 1
2025-03-01 09:14:20,202 [trainer.py] => later_lr: 0.005
2025-03-01 09:14:20,202 [trainer.py] => batch_size: 16
2025-03-01 09:14:20,202 [trainer.py] => weight_decay: 0.0001
2025-03-01 09:14:20,202 [trainer.py] => min_lr: 1e-06
2025-03-01 09:14:20,202 [trainer.py] => optimizer: adamw
2025-03-01 09:14:20,202 [trainer.py] => scheduler: cosine
2025-03-01 09:14:20,202 [trainer.py] => pretrained: False
2025-03-01 09:14:20,202 [trainer.py] => vpt_type: Deep
2025-03-01 09:14:20,202 [trainer.py] => prompt_token_num: 5
2025-03-01 09:14:20,202 [trainer.py] => ffn_num: 128
2025-03-01 09:14:20,202 [trainer.py] => use_diagonal: False
2025-03-01 09:14:20,202 [trainer.py] => recalc_sim: True
2025-03-01 09:14:20,203 [trainer.py] => alpha: 0.1
2025-03-01 09:14:20,203 [trainer.py] => use_init_ptm: False
2025-03-01 09:14:20,203 [trainer.py] => beta: 0
2025-03-01 09:14:20,203 [trainer.py] => use_old_data: False
2025-03-01 09:14:20,203 [trainer.py] => use_reweight: True
2025-03-01 09:14:20,203 [trainer.py] => moni_adam: False
2025-03-01 09:14:20,203 [trainer.py] => adapter_num: -1
2025-03-01 09:14:20,203 [trainer.py] => data_type: float32
2025-03-01 09:14:22,699 [_builder.py] => Loading pretrained weights from Hugging Face hub (timm/vit_base_patch16_224.augreg2_in21k_ft_in1k)
2025-03-01 09:14:28,237 [_hub.py] => [timm/vit_base_patch16_224.augreg2_in21k_ft_in1k] Safe alternative available for 'pytorch_model.bin' (as 'model.safetensors'). Loading weights using safetensors.
2025-03-01 09:14:28,575 [trainer.py] => All params: 88168704
2025-03-01 09:14:28,575 [trainer.py] => Trainable params: 2370048
2025-03-01 09:14:28,629 [ease.py] => Learning on 0-2
2025-03-01 09:27:38,938 [trainer.py] => config: ./exps/北交.json
2025-03-01 09:27:38,939 [trainer.py] => prefix:  
2025-03-01 09:27:38,939 [trainer.py] => dataset: beijiao
2025-03-01 09:27:38,939 [trainer.py] => memory_size: 0
2025-03-01 09:27:38,939 [trainer.py] => memory_per_class: 0
2025-03-01 09:27:38,939 [trainer.py] => fixed_memory: False
2025-03-01 09:27:38,939 [trainer.py] => shuffle: True
2025-03-01 09:27:38,939 [trainer.py] => init_cls: 2
2025-03-01 09:27:38,939 [trainer.py] => increment: 1
2025-03-01 09:27:38,939 [trainer.py] => model_name: ease
2025-03-01 09:27:38,939 [trainer.py] => backbone_type: vit_base_patch16_224_ease
2025-03-01 09:27:38,939 [trainer.py] => device: [device(type='cuda', index=0)]
2025-03-01 09:27:38,939 [trainer.py] => seed: 1993
2025-03-01 09:27:38,939 [trainer.py] => init_epochs: 1
2025-03-01 09:27:38,939 [trainer.py] => init_lr: 0.005
2025-03-01 09:27:38,939 [trainer.py] => later_epochs: 1
2025-03-01 09:27:38,939 [trainer.py] => later_lr: 0.005
2025-03-01 09:27:38,939 [trainer.py] => batch_size: 16
2025-03-01 09:27:38,939 [trainer.py] => weight_decay: 0.0001
2025-03-01 09:27:38,940 [trainer.py] => min_lr: 1e-06
2025-03-01 09:27:38,940 [trainer.py] => optimizer: adamw
2025-03-01 09:27:38,940 [trainer.py] => scheduler: cosine
2025-03-01 09:27:38,940 [trainer.py] => pretrained: False
2025-03-01 09:27:38,940 [trainer.py] => vpt_type: Deep
2025-03-01 09:27:38,940 [trainer.py] => prompt_token_num: 5
2025-03-01 09:27:38,940 [trainer.py] => ffn_num: 128
2025-03-01 09:27:38,940 [trainer.py] => use_diagonal: False
2025-03-01 09:27:38,940 [trainer.py] => recalc_sim: True
2025-03-01 09:27:38,940 [trainer.py] => alpha: 0.1
2025-03-01 09:27:38,940 [trainer.py] => use_init_ptm: False
2025-03-01 09:27:38,940 [trainer.py] => beta: 0
2025-03-01 09:27:38,940 [trainer.py] => use_old_data: False
2025-03-01 09:27:38,940 [trainer.py] => use_reweight: True
2025-03-01 09:27:38,940 [trainer.py] => moni_adam: False
2025-03-01 09:27:38,940 [trainer.py] => adapter_num: -1
2025-03-01 09:27:38,940 [trainer.py] => data_type: float32
2025-03-01 09:27:41,144 [_builder.py] => Loading pretrained weights from Hugging Face hub (timm/vit_base_patch16_224.augreg2_in21k_ft_in1k)
2025-03-01 09:27:41,689 [_hub.py] => [timm/vit_base_patch16_224.augreg2_in21k_ft_in1k] Safe alternative available for 'pytorch_model.bin' (as 'model.safetensors'). Loading weights using safetensors.
2025-03-01 09:27:41,791 [trainer.py] => All params: 88168704
2025-03-01 09:27:41,791 [trainer.py] => Trainable params: 2370048
2025-03-01 09:27:41,809 [ease.py] => Learning on 0-2
2025-03-01 09:28:09,717 [ease.py] => Task 0, Epoch 1/1 => Loss 0.321, Train_accy 90.94
2025-03-01 09:28:58,080 [ease.py] => Task correct: 100.0
2025-03-01 09:28:58,080 [ease.py] => Task acc: 100.0
2025-03-01 09:28:58,100 [trainer.py] => No NME accuracy.
2025-03-01 09:28:58,100 [trainer.py] => CNN: {'total': 100.0, '00-00': 100.0, 'old': 0, 'new': 100.0}
2025-03-01 09:28:58,100 [trainer.py] => CNN top1 curve: [100.0]
2025-03-01 09:28:58,100 [trainer.py] => Average Accuracy (CNN): 100.0 

2025-03-01 09:28:58,101 [trainer.py] => All params: 88171778
2025-03-01 09:28:58,101 [trainer.py] => Trainable params: 2373122
2025-03-01 09:28:58,102 [ease.py] => Learning on 2-3
2025-03-01 09:29:22,360 [ease.py] => Task 1, Epoch 1/1 => Loss 0.000, Train_accy 100.00
2025-03-01 09:30:35,081 [ease.py] => Task correct: 71.66666666666667
2025-03-01 09:30:35,081 [ease.py] => Task acc: 100.0
2025-03-01 09:30:35,111 [trainer.py] => No NME accuracy.
2025-03-01 09:30:35,111 [trainer.py] => CNN: {'total': 71.67, '00-00': 100.0, '01-01': 100.0, 'old': 100.0, 'new': 15.0}
2025-03-01 09:30:35,111 [trainer.py] => CNN top1 curve: [100.0, 71.67]
2025-03-01 09:30:35,111 [trainer.py] => Average Accuracy (CNN): 85.83500000000001 

2025-03-01 09:30:35,112 [trainer.py] => All params: 88174082
2025-03-01 09:30:35,112 [trainer.py] => Trainable params: 2375426
2025-03-01 09:30:35,113 [ease.py] => Learning on 3-4
2025-03-01 09:31:06,514 [ease.py] => Task 2, Epoch 1/1 => Loss 0.000, Train_accy 100.00
2025-03-01 09:32:38,677 [ease.py] => Task correct: 54.375
2025-03-01 09:32:38,677 [ease.py] => Task acc: 100.0
2025-03-01 09:32:38,699 [trainer.py] => No NME accuracy.
2025-03-01 09:32:38,699 [trainer.py] => CNN: {'total': 54.38, '00-00': 100.0, '01-01': 100.0, '02-02': 15.0, 'old': 71.67, 'new': 2.5}
2025-03-01 09:32:38,700 [trainer.py] => CNN top1 curve: [100.0, 71.67, 54.38]
2025-03-01 09:32:38,700 [trainer.py] => Average Accuracy (CNN): 75.35000000000001 

2025-03-01 09:32:38,700 [trainer.py] => All params: 88178690
2025-03-01 09:32:38,700 [trainer.py] => Trainable params: 2380034
2025-03-01 09:32:38,700 [ease.py] => Learning on 4-5
2025-03-01 09:33:01,299 [ease.py] => Task 3, Epoch 1/1 => Loss 0.000, Train_accy 100.00
2025-03-01 09:34:49,052 [ease.py] => Task correct: 54.5
2025-03-01 09:34:49,052 [ease.py] => Task acc: 100.0
2025-03-01 09:34:49,071 [trainer.py] => No NME accuracy.
2025-03-01 09:34:49,071 [trainer.py] => CNN: {'total': 54.5, '00-00': 100.0, '01-01': 100.0, '02-02': 15.0, '03-03': 2.5, 'old': 54.38, 'new': 55.0}
2025-03-01 09:34:49,071 [trainer.py] => CNN top1 curve: [100.0, 71.67, 54.38, 54.5]
2025-03-01 09:34:49,071 [trainer.py] => Average Accuracy (CNN): 70.1375 

2025-03-03 15:26:59,705 [trainer.py] => config: ./exps/北交.json
2025-03-03 15:26:59,705 [trainer.py] => prefix:  
2025-03-03 15:26:59,705 [trainer.py] => dataset: beijiao
2025-03-03 15:26:59,705 [trainer.py] => memory_size: 0
2025-03-03 15:26:59,705 [trainer.py] => memory_per_class: 0
2025-03-03 15:26:59,707 [trainer.py] => fixed_memory: False
2025-03-03 15:26:59,707 [trainer.py] => shuffle: True
2025-03-03 15:26:59,707 [trainer.py] => init_cls: 2
2025-03-03 15:26:59,707 [trainer.py] => increment: 1
2025-03-03 15:26:59,707 [trainer.py] => model_name: ease
2025-03-03 15:26:59,707 [trainer.py] => backbone_type: vit_base_patch16_224_ease
2025-03-03 15:26:59,707 [trainer.py] => device: [device(type='cuda', index=0)]
2025-03-03 15:26:59,707 [trainer.py] => seed: 1993
2025-03-03 15:26:59,707 [trainer.py] => init_epochs: 1
2025-03-03 15:26:59,707 [trainer.py] => init_lr: 0.005
2025-03-03 15:26:59,707 [trainer.py] => later_epochs: 1
2025-03-03 15:26:59,707 [trainer.py] => later_lr: 0.005
2025-03-03 15:26:59,707 [trainer.py] => batch_size: 16
2025-03-03 15:26:59,707 [trainer.py] => weight_decay: 0.0001
2025-03-03 15:26:59,707 [trainer.py] => min_lr: 1e-06
2025-03-03 15:26:59,707 [trainer.py] => optimizer: adamw
2025-03-03 15:26:59,707 [trainer.py] => scheduler: cosine
2025-03-03 15:26:59,707 [trainer.py] => pretrained: False
2025-03-03 15:26:59,707 [trainer.py] => vpt_type: Deep
2025-03-03 15:26:59,707 [trainer.py] => prompt_token_num: 5
2025-03-03 15:26:59,707 [trainer.py] => ffn_num: 128
2025-03-03 15:26:59,707 [trainer.py] => use_diagonal: False
2025-03-03 15:26:59,707 [trainer.py] => recalc_sim: True
2025-03-03 15:26:59,707 [trainer.py] => alpha: 0.1
2025-03-03 15:26:59,707 [trainer.py] => use_init_ptm: False
2025-03-03 15:26:59,707 [trainer.py] => beta: 0
2025-03-03 15:26:59,707 [trainer.py] => use_old_data: False
2025-03-03 15:26:59,707 [trainer.py] => use_reweight: True
2025-03-03 15:26:59,707 [trainer.py] => moni_adam: False
2025-03-03 15:26:59,707 [trainer.py] => adapter_num: -1
2025-03-03 15:26:59,707 [trainer.py] => data_type: float32
2025-03-03 15:27:02,560 [_builder.py] => Loading pretrained weights from Hugging Face hub (timm/vit_base_patch16_224.augreg2_in21k_ft_in1k)
2025-03-03 15:28:14,095 [trainer.py] => config: ./exps/北交.json
2025-03-03 15:28:14,096 [trainer.py] => prefix:  
2025-03-03 15:28:14,097 [trainer.py] => dataset: beijiao
2025-03-03 15:28:14,097 [trainer.py] => memory_size: 0
2025-03-03 15:28:14,097 [trainer.py] => memory_per_class: 0
2025-03-03 15:28:14,097 [trainer.py] => fixed_memory: False
2025-03-03 15:28:14,097 [trainer.py] => shuffle: True
2025-03-03 15:28:14,097 [trainer.py] => init_cls: 2
2025-03-03 15:28:14,097 [trainer.py] => increment: 1
2025-03-03 15:28:14,097 [trainer.py] => model_name: ease
2025-03-03 15:28:14,097 [trainer.py] => backbone_type: vit_base_patch16_224_ease
2025-03-03 15:28:14,097 [trainer.py] => device: [device(type='cuda', index=0)]
2025-03-03 15:28:14,097 [trainer.py] => seed: 1993
2025-03-03 15:28:14,097 [trainer.py] => init_epochs: 1
2025-03-03 15:28:14,097 [trainer.py] => init_lr: 0.005
2025-03-03 15:28:14,097 [trainer.py] => later_epochs: 1
2025-03-03 15:28:14,097 [trainer.py] => later_lr: 0.005
2025-03-03 15:28:14,097 [trainer.py] => batch_size: 16
2025-03-03 15:28:14,097 [trainer.py] => weight_decay: 0.0001
2025-03-03 15:28:14,097 [trainer.py] => min_lr: 1e-06
2025-03-03 15:28:14,097 [trainer.py] => optimizer: adamw
2025-03-03 15:28:14,097 [trainer.py] => scheduler: cosine
2025-03-03 15:28:14,097 [trainer.py] => pretrained: False
2025-03-03 15:28:14,097 [trainer.py] => vpt_type: Deep
2025-03-03 15:28:14,097 [trainer.py] => prompt_token_num: 5
2025-03-03 15:28:14,098 [trainer.py] => ffn_num: 128
2025-03-03 15:28:14,098 [trainer.py] => use_diagonal: False
2025-03-03 15:28:14,098 [trainer.py] => recalc_sim: True
2025-03-03 15:28:14,098 [trainer.py] => alpha: 0.1
2025-03-03 15:28:14,098 [trainer.py] => use_init_ptm: False
2025-03-03 15:28:14,098 [trainer.py] => beta: 0
2025-03-03 15:28:14,098 [trainer.py] => use_old_data: False
2025-03-03 15:28:14,098 [trainer.py] => use_reweight: True
2025-03-03 15:28:14,098 [trainer.py] => moni_adam: False
2025-03-03 15:28:14,098 [trainer.py] => adapter_num: -1
2025-03-03 15:28:14,098 [trainer.py] => data_type: float32
2025-03-03 15:28:16,349 [_builder.py] => Loading pretrained weights from Hugging Face hub (timm/vit_base_patch16_224.augreg2_in21k_ft_in1k)
2025-03-03 15:28:22,892 [_hub.py] => [timm/vit_base_patch16_224.augreg2_in21k_ft_in1k] Safe alternative available for 'pytorch_model.bin' (as 'model.safetensors'). Loading weights using safetensors.
2025-03-03 15:28:23,237 [trainer.py] => All params: 88168704
2025-03-03 15:28:23,237 [trainer.py] => Trainable params: 2370048
2025-03-03 15:28:23,291 [ease.py] => Learning on 0-2
2025-03-03 15:28:52,099 [ease.py] => Task 0, Epoch 1/1 => Loss 0.321, Train_accy 90.94
2025-03-03 15:29:36,118 [ease.py] => Task correct: 100.0
2025-03-03 15:29:36,118 [ease.py] => Task acc: 100.0
2025-03-03 15:29:36,139 [trainer.py] => No NME accuracy.
2025-03-03 15:29:36,139 [trainer.py] => CNN: {'total': 100.0, '00-00': 100.0, 'old': 0, 'new': 100.0}
2025-03-03 15:29:36,139 [trainer.py] => CNN top1 curve: [100.0]
2025-03-03 15:29:36,139 [trainer.py] => Average Accuracy (CNN): 100.0 

2025-03-03 15:29:36,140 [trainer.py] => All params: 88171778
2025-03-03 15:29:36,140 [trainer.py] => Trainable params: 2373122
2025-03-03 15:29:36,141 [ease.py] => Learning on 2-3
2025-03-03 15:29:59,481 [ease.py] => Task 1, Epoch 1/1 => Loss 0.000, Train_accy 100.00
2025-04-08 09:29:41,056 [trainer.py] => config: ./exps/北交.json
2025-04-08 09:29:41,057 [trainer.py] => prefix:  
2025-04-08 09:29:41,057 [trainer.py] => dataset: beijiao
2025-04-08 09:29:41,057 [trainer.py] => memory_size: 0
2025-04-08 09:29:41,057 [trainer.py] => memory_per_class: 0
2025-04-08 09:29:41,057 [trainer.py] => fixed_memory: False
2025-04-08 09:29:41,057 [trainer.py] => shuffle: True
2025-04-08 09:29:41,057 [trainer.py] => init_cls: 2
2025-04-08 09:29:41,057 [trainer.py] => increment: 1
2025-04-08 09:29:41,057 [trainer.py] => model_name: ease
2025-04-08 09:29:41,057 [trainer.py] => backbone_type: vit_base_patch16_224_ease
2025-04-08 09:29:41,057 [trainer.py] => device: [device(type='cuda', index=0)]
2025-04-08 09:29:41,057 [trainer.py] => seed: 1993
2025-04-08 09:29:41,057 [trainer.py] => init_epochs: 1
2025-04-08 09:29:41,057 [trainer.py] => init_lr: 0.005
2025-04-08 09:29:41,057 [trainer.py] => later_epochs: 1
2025-04-08 09:29:41,057 [trainer.py] => later_lr: 0.005
2025-04-08 09:29:41,057 [trainer.py] => batch_size: 16
2025-04-08 09:29:41,057 [trainer.py] => weight_decay: 0.0001
2025-04-08 09:29:41,057 [trainer.py] => min_lr: 1e-06
2025-04-08 09:29:41,057 [trainer.py] => optimizer: adamw
2025-04-08 09:29:41,057 [trainer.py] => scheduler: cosine
2025-04-08 09:29:41,057 [trainer.py] => pretrained: False
2025-04-08 09:29:41,057 [trainer.py] => vpt_type: Deep
2025-04-08 09:29:41,057 [trainer.py] => prompt_token_num: 5
2025-04-08 09:29:41,057 [trainer.py] => ffn_num: 128
2025-04-08 09:29:41,057 [trainer.py] => use_diagonal: False
2025-04-08 09:29:41,057 [trainer.py] => recalc_sim: True
2025-04-08 09:29:41,057 [trainer.py] => alpha: 0.1
2025-04-08 09:29:41,057 [trainer.py] => use_init_ptm: False
2025-04-08 09:29:41,057 [trainer.py] => beta: 0
2025-04-08 09:29:41,057 [trainer.py] => use_old_data: False
2025-04-08 09:29:41,057 [trainer.py] => use_reweight: True
2025-04-08 09:29:41,058 [trainer.py] => moni_adam: False
2025-04-08 09:29:41,058 [trainer.py] => adapter_num: -1
2025-04-08 09:29:41,058 [trainer.py] => data_type: float32
2025-04-08 09:29:44,271 [_builder.py] => Loading pretrained weights from Hugging Face hub (timm/vit_base_patch16_224.augreg2_in21k_ft_in1k)
2025-04-08 09:29:44,822 [_hub.py] => [timm/vit_base_patch16_224.augreg2_in21k_ft_in1k] Safe alternative available for 'pytorch_model.bin' (as 'model.safetensors'). Loading weights using safetensors.
2025-04-08 09:29:45,263 [trainer.py] => All params: 88168704
2025-04-08 09:29:45,263 [trainer.py] => Trainable params: 2370048
2025-04-08 09:29:45,330 [ease.py] => Learning on 0-2
2025-04-08 09:30:13,754 [ease.py] => Task 0, Epoch 1/1 => Loss 0.321, Train_accy 90.94
2025-04-08 09:40:03,949 [trainer.py] => config: ./exps/北交.json
2025-04-08 09:40:03,950 [trainer.py] => prefix:  
2025-04-08 09:40:03,950 [trainer.py] => dataset: beijiao
2025-04-08 09:40:03,950 [trainer.py] => memory_size: 0
2025-04-08 09:40:03,950 [trainer.py] => memory_per_class: 0
2025-04-08 09:40:03,950 [trainer.py] => fixed_memory: False
2025-04-08 09:40:03,950 [trainer.py] => shuffle: True
2025-04-08 09:40:03,950 [trainer.py] => init_cls: 2
2025-04-08 09:40:03,950 [trainer.py] => increment: 1
2025-04-08 09:40:03,950 [trainer.py] => model_name: ease
2025-04-08 09:40:03,950 [trainer.py] => backbone_type: vit_base_patch16_224_ease
2025-04-08 09:40:03,950 [trainer.py] => device: [device(type='cuda', index=0)]
2025-04-08 09:40:03,950 [trainer.py] => seed: 1993
2025-04-08 09:40:03,950 [trainer.py] => init_epochs: 1
2025-04-08 09:40:03,950 [trainer.py] => init_lr: 0.005
2025-04-08 09:40:03,950 [trainer.py] => later_epochs: 1
2025-04-08 09:40:03,950 [trainer.py] => later_lr: 0.005
2025-04-08 09:40:03,950 [trainer.py] => batch_size: 16
2025-04-08 09:40:03,950 [trainer.py] => weight_decay: 0.0001
2025-04-08 09:40:03,950 [trainer.py] => min_lr: 1e-06
2025-04-08 09:40:03,950 [trainer.py] => optimizer: adamw
2025-04-08 09:40:03,950 [trainer.py] => scheduler: cosine
2025-04-08 09:40:03,950 [trainer.py] => pretrained: False
2025-04-08 09:40:03,950 [trainer.py] => vpt_type: Deep
2025-04-08 09:40:03,950 [trainer.py] => prompt_token_num: 5
2025-04-08 09:40:03,950 [trainer.py] => ffn_num: 128
2025-04-08 09:40:03,950 [trainer.py] => use_diagonal: False
2025-04-08 09:40:03,950 [trainer.py] => recalc_sim: True
2025-04-08 09:40:03,950 [trainer.py] => alpha: 0.1
2025-04-08 09:40:03,950 [trainer.py] => use_init_ptm: False
2025-04-08 09:40:03,950 [trainer.py] => beta: 0
2025-04-08 09:40:03,951 [trainer.py] => use_old_data: False
2025-04-08 09:40:03,951 [trainer.py] => use_reweight: True
2025-04-08 09:40:03,951 [trainer.py] => moni_adam: False
2025-04-08 09:40:03,951 [trainer.py] => adapter_num: -1
2025-04-08 09:40:03,951 [trainer.py] => data_type: float32
2025-04-08 09:40:06,373 [_builder.py] => Loading pretrained weights from Hugging Face hub (timm/vit_base_patch16_224.augreg2_in21k_ft_in1k)
2025-04-08 09:40:06,888 [_hub.py] => [timm/vit_base_patch16_224.augreg2_in21k_ft_in1k] Safe alternative available for 'pytorch_model.bin' (as 'model.safetensors'). Loading weights using safetensors.
2025-04-08 09:40:06,986 [trainer.py] => All params: 88168704
2025-04-08 09:40:06,987 [trainer.py] => Trainable params: 2370048
2025-04-08 09:40:07,011 [ease.py] => Learning on 0-2
2025-04-08 09:40:35,571 [ease.py] => Task 0, Epoch 1/1 => Loss 0.311, Train_accy 92.50
2025-04-08 10:06:01,936 [trainer.py] => config: ./exps/北交.json
2025-04-08 10:06:01,936 [trainer.py] => prefix:  
2025-04-08 10:06:01,936 [trainer.py] => dataset: beijiao
2025-04-08 10:06:01,936 [trainer.py] => memory_size: 0
2025-04-08 10:06:01,936 [trainer.py] => memory_per_class: 0
2025-04-08 10:06:01,936 [trainer.py] => fixed_memory: False
2025-04-08 10:06:01,936 [trainer.py] => shuffle: True
2025-04-08 10:06:01,936 [trainer.py] => init_cls: 2
2025-04-08 10:06:01,936 [trainer.py] => increment: 1
2025-04-08 10:06:01,936 [trainer.py] => model_name: ease
2025-04-08 10:06:01,936 [trainer.py] => backbone_type: vit_base_patch16_224_ease
2025-04-08 10:06:01,938 [trainer.py] => device: [device(type='cuda', index=0)]
2025-04-08 10:06:01,938 [trainer.py] => seed: 1993
2025-04-08 10:06:01,938 [trainer.py] => init_epochs: 1
2025-04-08 10:06:01,938 [trainer.py] => init_lr: 0.005
2025-04-08 10:06:01,938 [trainer.py] => later_epochs: 1
2025-04-08 10:06:01,938 [trainer.py] => later_lr: 0.005
2025-04-08 10:06:01,938 [trainer.py] => batch_size: 16
2025-04-08 10:06:01,938 [trainer.py] => weight_decay: 0.0001
2025-04-08 10:06:01,938 [trainer.py] => min_lr: 1e-06
2025-04-08 10:06:01,938 [trainer.py] => optimizer: adamw
2025-04-08 10:06:01,938 [trainer.py] => scheduler: cosine
2025-04-08 10:06:01,938 [trainer.py] => pretrained: False
2025-04-08 10:06:01,938 [trainer.py] => vpt_type: Deep
2025-04-08 10:06:01,938 [trainer.py] => prompt_token_num: 5
2025-04-08 10:06:01,938 [trainer.py] => ffn_num: 128
2025-04-08 10:06:01,938 [trainer.py] => use_diagonal: False
2025-04-08 10:06:01,938 [trainer.py] => recalc_sim: True
2025-04-08 10:06:01,938 [trainer.py] => alpha: 0.1
2025-04-08 10:06:01,938 [trainer.py] => use_init_ptm: False
2025-04-08 10:06:01,938 [trainer.py] => beta: 0
2025-04-08 10:06:01,938 [trainer.py] => use_old_data: False
2025-04-08 10:06:01,938 [trainer.py] => use_reweight: True
2025-04-08 10:06:01,938 [trainer.py] => moni_adam: False
2025-04-08 10:06:01,938 [trainer.py] => adapter_num: -1
2025-04-08 10:06:01,938 [trainer.py] => data_type: float32
2025-04-08 10:06:04,282 [_builder.py] => Loading pretrained weights from Hugging Face hub (timm/vit_base_patch16_224.augreg2_in21k_ft_in1k)
2025-04-08 10:06:05,870 [_hub.py] => [timm/vit_base_patch16_224.augreg2_in21k_ft_in1k] Safe alternative available for 'pytorch_model.bin' (as 'model.safetensors'). Loading weights using safetensors.
2025-04-08 10:06:05,981 [trainer.py] => All params: 88168704
2025-04-08 10:06:05,983 [trainer.py] => Trainable params: 2370048
2025-04-08 10:06:06,007 [ease.py] => Learning on 0-2
2025-04-08 10:06:36,707 [ease.py] => Task 0, Epoch 1/1 => Loss 0.311, Train_accy 92.50
2025-04-08 10:07:26,615 [ease.py] => Task correct: 98.75
2025-04-08 10:07:26,615 [ease.py] => Task acc: 98.75
2025-04-08 10:07:26,652 [trainer.py] => No NME accuracy.
2025-04-08 10:07:26,652 [trainer.py] => CNN: {'total': 98.75, '00-00': 97.5, 'old': 0, 'new': 98.75}
2025-04-08 10:07:26,653 [trainer.py] => CNN top1 curve: [98.75]
2025-04-08 10:07:26,653 [trainer.py] => Average Accuracy (CNN): 98.75 

2025-04-08 10:07:26,653 [trainer.py] => All params: 88171778
2025-04-08 10:07:26,654 [trainer.py] => Trainable params: 2373122
2025-04-08 10:07:26,664 [ease.py] => Learning on 2-3
2025-04-08 10:07:52,974 [ease.py] => Task 1, Epoch 1/1 => Loss 0.000, Train_accy 100.00
2025-04-08 10:09:10,447 [ease.py] => Task correct: 65.83333333333333
2025-04-08 10:09:10,447 [ease.py] => Task acc: 99.16666666666667
2025-04-08 10:09:10,468 [trainer.py] => No NME accuracy.
2025-04-08 10:09:10,468 [trainer.py] => CNN: {'total': 65.83, '00-00': 97.5, '01-01': 100.0, 'old': 98.75, 'new': 0.0}
2025-04-08 10:09:10,469 [trainer.py] => CNN top1 curve: [98.75, 65.83]
2025-04-08 10:09:10,469 [trainer.py] => Average Accuracy (CNN): 82.28999999999999 

2025-04-08 10:09:10,469 [trainer.py] => All params: 88174082
2025-04-08 10:09:10,470 [trainer.py] => Trainable params: 2375426
2025-04-08 10:09:10,470 [ease.py] => Learning on 3-4
