2025-06-24 20:28:26,581 [trainer.py] => config: ./exps/ку╢С.json
2025-06-24 20:28:26,581 [trainer.py] => prefix:  
2025-06-24 20:28:26,581 [trainer.py] => dataset: suda
2025-06-24 20:28:26,581 [trainer.py] => memory_size: 200
2025-06-24 20:28:26,581 [trainer.py] => memory_per_class: 20
2025-06-24 20:28:26,581 [trainer.py] => fixed_memory: False
2025-06-24 20:28:26,581 [trainer.py] => shuffle: True
2025-06-24 20:28:26,581 [trainer.py] => init_cls: 5
2025-06-24 20:28:26,581 [trainer.py] => increment: 5
2025-06-24 20:28:26,581 [trainer.py] => model_name: ease
2025-06-24 20:28:26,581 [trainer.py] => backbone_type: vit_base_patch16_224_ease
2025-06-24 20:28:26,581 [trainer.py] => device: [device(type='cuda', index=0)]
2025-06-24 20:28:26,581 [trainer.py] => seed: 1993
2025-06-24 20:28:26,582 [trainer.py] => init_epochs: 80
2025-06-24 20:28:26,582 [trainer.py] => init_lr: 0.03
2025-06-24 20:28:26,582 [trainer.py] => later_epochs: 80
2025-06-24 20:28:26,582 [trainer.py] => later_lr: 0.02
2025-06-24 20:28:26,582 [trainer.py] => batch_size: 64
2025-06-24 20:28:26,582 [trainer.py] => weight_decay: 0.0005
2025-06-24 20:28:26,582 [trainer.py] => min_lr: 0
2025-06-24 20:28:26,582 [trainer.py] => optimizer: sgd
2025-06-24 20:28:26,582 [trainer.py] => scheduler: cosine
2025-06-24 20:28:26,582 [trainer.py] => pretrained: True
2025-06-24 20:28:26,582 [trainer.py] => vpt_type: Deep
2025-06-24 20:28:26,582 [trainer.py] => prompt_token_num: 10
2025-06-24 20:28:26,582 [trainer.py] => ffn_num: 256
2025-06-24 20:28:26,582 [trainer.py] => use_diagonal: False
2025-06-24 20:28:26,582 [trainer.py] => recalc_sim: False
2025-06-24 20:28:26,582 [trainer.py] => alpha: 0.5
2025-06-24 20:28:26,582 [trainer.py] => use_init_ptm: True
2025-06-24 20:28:26,582 [trainer.py] => beta: 0.3
2025-06-24 20:28:26,582 [trainer.py] => use_old_data: True
2025-06-24 20:28:26,582 [trainer.py] => use_reweight: True
2025-06-24 20:28:26,582 [trainer.py] => moni_adam: False
2025-06-24 20:28:26,582 [trainer.py] => adapter_num: -1
2025-06-24 20:28:26,582 [trainer.py] => data_type: float32
2025-06-24 20:28:28,819 [data_manager.py] => [2, 3, 0, 4, 5, 6, 7, 1]
2025-06-24 20:28:30,273 [_builder.py] => Loading pretrained weights from Hugging Face hub (timm/vit_base_patch16_224.augreg2_in21k_ft_in1k)
2025-06-24 20:28:30,639 [_hub.py] => [timm/vit_base_patch16_224.augreg2_in21k_ft_in1k] Safe alternative available for 'pytorch_model.bin' (as 'model.safetensors'). Loading weights using safetensors.
2025-06-24 20:28:30,791 [trainer.py] => All params: 90529536
2025-06-24 20:28:30,792 [trainer.py] => Trainable params: 4730880
2025-06-24 20:28:30,823 [ease.py] => Learning on 0-5
2025-06-24 20:29:03,909 [trainer.py] => config: ./exps/ку╢С.json
2025-06-24 20:29:03,909 [trainer.py] => prefix:  
2025-06-24 20:29:03,909 [trainer.py] => dataset: suda
2025-06-24 20:29:03,909 [trainer.py] => memory_size: 200
2025-06-24 20:29:03,909 [trainer.py] => memory_per_class: 20
2025-06-24 20:29:03,909 [trainer.py] => fixed_memory: False
2025-06-24 20:29:03,909 [trainer.py] => shuffle: True
2025-06-24 20:29:03,909 [trainer.py] => init_cls: 5
2025-06-24 20:29:03,909 [trainer.py] => increment: 5
2025-06-24 20:29:03,909 [trainer.py] => model_name: ease
2025-06-24 20:29:03,910 [trainer.py] => backbone_type: vit_base_patch16_224_ease
2025-06-24 20:29:03,910 [trainer.py] => device: [device(type='cuda', index=0)]
2025-06-24 20:29:03,910 [trainer.py] => seed: 1993
2025-06-24 20:29:03,910 [trainer.py] => init_epochs: 80
2025-06-24 20:29:03,910 [trainer.py] => init_lr: 0.03
2025-06-24 20:29:03,910 [trainer.py] => later_epochs: 80
2025-06-24 20:29:03,910 [trainer.py] => later_lr: 0.02
2025-06-24 20:29:03,910 [trainer.py] => batch_size: 64
2025-06-24 20:29:03,910 [trainer.py] => weight_decay: 0.0005
2025-06-24 20:29:03,910 [trainer.py] => min_lr: 0
2025-06-24 20:29:03,910 [trainer.py] => optimizer: sgd
2025-06-24 20:29:03,910 [trainer.py] => scheduler: cosine
2025-06-24 20:29:03,910 [trainer.py] => pretrained: True
2025-06-24 20:29:03,910 [trainer.py] => vpt_type: Deep
2025-06-24 20:29:03,910 [trainer.py] => prompt_token_num: 10
2025-06-24 20:29:03,910 [trainer.py] => ffn_num: 256
2025-06-24 20:29:03,910 [trainer.py] => use_diagonal: False
2025-06-24 20:29:03,910 [trainer.py] => recalc_sim: False
2025-06-24 20:29:03,910 [trainer.py] => alpha: 0.5
2025-06-24 20:29:03,910 [trainer.py] => use_init_ptm: True
2025-06-24 20:29:03,910 [trainer.py] => beta: 0.3
2025-06-24 20:29:03,910 [trainer.py] => use_old_data: True
2025-06-24 20:29:03,910 [trainer.py] => use_reweight: True
2025-06-24 20:29:03,910 [trainer.py] => moni_adam: False
2025-06-24 20:29:03,910 [trainer.py] => adapter_num: -1
2025-06-24 20:29:03,910 [trainer.py] => data_type: float32
2025-06-24 20:29:09,761 [data_manager.py] => [13, 22, 8, 6, 10, 15, 23, 12, 14, 19, 21, 11, 5, 0, 18, 2, 4, 20, 9, 7, 16, 3, 24, 17, 1]
2025-06-24 20:29:11,152 [_builder.py] => Loading pretrained weights from Hugging Face hub (timm/vit_base_patch16_224.augreg2_in21k_ft_in1k)
2025-06-24 20:29:11,561 [_hub.py] => [timm/vit_base_patch16_224.augreg2_in21k_ft_in1k] Safe alternative available for 'pytorch_model.bin' (as 'model.safetensors'). Loading weights using safetensors.
2025-06-24 20:29:11,708 [trainer.py] => All params: 90529536
2025-06-24 20:29:11,708 [trainer.py] => Trainable params: 4730880
2025-06-24 20:29:11,747 [ease.py] => Learning on 0-5
2025-06-24 21:07:30,626 [ease.py] => Task 0, Epoch 80/80 => Loss 0.013, Train_accy 99.58
2025-06-24 21:08:41,443 [ease.py] => Task correct: 100.0
2025-06-24 21:08:41,444 [ease.py] => Task acc: 99.79166666666667
2025-06-24 21:08:41,476 [trainer.py] => No NME accuracy.
2025-06-24 21:08:41,476 [trainer.py] => CNN: {'total': 99.79, '00-04': 99.79, 'old': 0, 'new': 99.79}
2025-06-24 21:08:41,476 [trainer.py] => CNN top1 curve: [99.79]
2025-06-24 21:08:41,476 [trainer.py] => Average Accuracy (CNN): 99.79 

2025-06-24 21:08:41,477 [trainer.py] => All params: 90541058
2025-06-24 21:08:41,478 [trainer.py] => Trainable params: 4730880
2025-06-24 21:08:41,480 [ease.py] => Learning on 5-10
2025-06-24 21:46:53,290 [ease.py] => Task 1, Epoch 80/80 => Loss 0.008, Train_accy 99.90
2025-06-24 21:48:48,522 [ease.py] => Task correct: 96.35416666666667
2025-06-24 21:48:48,522 [ease.py] => Task acc: 99.89583333333333
2025-06-24 21:48:48,547 [trainer.py] => No NME accuracy.
2025-06-24 21:48:48,547 [trainer.py] => CNN: {'total': 96.35, '00-04': 95.0, '05-09': 97.71, 'old': 95.0, 'new': 97.71}
2025-06-24 21:48:48,547 [trainer.py] => CNN top1 curve: [99.79, 96.35]
2025-06-24 21:48:48,547 [trainer.py] => Average Accuracy (CNN): 98.07 

2025-06-24 21:48:48,548 [trainer.py] => All params: 90556418
2025-06-24 21:48:48,548 [trainer.py] => Trainable params: 4730880
2025-06-24 21:48:48,549 [ease.py] => Learning on 10-15
2025-06-24 22:28:08,011 [ease.py] => Task 2, Epoch 80/80 => Loss 0.008, Train_accy 99.84
2025-06-24 22:30:36,451 [ease.py] => Task correct: 95.41666666666667
2025-06-24 22:30:36,451 [ease.py] => Task acc: 99.86111111111111
2025-06-24 22:30:36,480 [trainer.py] => No NME accuracy.
2025-06-24 22:30:36,480 [trainer.py] => CNN: {'total': 95.42, '00-04': 93.75, '05-09': 95.42, '10-14': 97.08, 'old': 94.58, 'new': 97.08}
2025-06-24 22:30:36,480 [trainer.py] => CNN top1 curve: [99.79, 96.35, 95.42]
2025-06-24 22:30:36,480 [trainer.py] => Average Accuracy (CNN): 97.18666666666667 

2025-06-24 22:30:36,481 [trainer.py] => All params: 90579458
2025-06-24 22:30:36,481 [trainer.py] => Trainable params: 4730880
2025-06-24 22:30:36,482 [ease.py] => Learning on 15-20
2025-06-24 23:09:41,976 [ease.py] => Task 3, Epoch 80/80 => Loss 0.018, Train_accy 99.48
2025-06-24 23:12:31,537 [ease.py] => Task correct: 95.10416666666667
2025-06-24 23:12:31,537 [ease.py] => Task acc: 99.94791666666667
2025-06-24 23:12:31,599 [trainer.py] => No NME accuracy.
2025-06-24 23:12:31,599 [trainer.py] => CNN: {'total': 95.1, '00-04': 93.96, '05-09': 93.96, '10-14': 96.67, '15-19': 95.83, 'old': 94.86, 'new': 95.83}
2025-06-24 23:12:31,599 [trainer.py] => CNN top1 curve: [99.79, 96.35, 95.42, 95.1]
2025-06-24 23:12:31,599 [trainer.py] => Average Accuracy (CNN): 96.66499999999999 

2025-06-24 23:12:31,600 [trainer.py] => All params: 90610178
2025-06-24 23:12:31,602 [trainer.py] => Trainable params: 4730880
2025-06-24 23:12:31,604 [ease.py] => Learning on 20-25
2025-06-24 23:45:05,091 [ease.py] => Task 4, Epoch 80/80 => Loss 0.036, Train_accy 99.01
2025-06-24 23:48:28,824 [ease.py] => Task correct: 90.875
2025-06-24 23:48:28,824 [ease.py] => Task acc: 99.70833333333333
2025-06-24 23:48:28,851 [trainer.py] => No NME accuracy.
2025-06-24 23:48:28,851 [trainer.py] => CNN: {'total': 90.83, '00-04': 92.71, '05-09': 92.29, '10-14': 95.83, '15-19': 95.21, '20-24': 78.12, 'old': 94.01, 'new': 78.12}
2025-06-24 23:48:28,851 [trainer.py] => CNN top1 curve: [99.79, 96.35, 95.42, 95.1, 90.83]
2025-06-24 23:48:28,851 [trainer.py] => Average Accuracy (CNN): 95.49799999999999 

