2025-12-15 09:59:45,082 [trainer.py] => config: ./exps/wt.json
2025-12-15 09:59:45,082 [trainer.py] => prefix:  
2025-12-15 09:59:45,082 [trainer.py] => dataset: wt
2025-12-15 09:59:45,082 [trainer.py] => memory_size: 0
2025-12-15 09:59:45,082 [trainer.py] => memory_per_class: 0
2025-12-15 09:59:45,082 [trainer.py] => fixed_memory: False
2025-12-15 09:59:45,082 [trainer.py] => shuffle: True
2025-12-15 09:59:45,082 [trainer.py] => init_cls: 2
2025-12-15 09:59:45,083 [trainer.py] => increment: 2
2025-12-15 09:59:45,083 [trainer.py] => model_name: ease
2025-12-15 09:59:45,083 [trainer.py] => backbone_type: vit_base_patch16_224_ease
2025-12-15 09:59:45,083 [trainer.py] => device: [device(type='cuda', index=0)]
2025-12-15 09:59:45,083 [trainer.py] => seed: 1993
2025-12-15 09:59:45,083 [trainer.py] => init_epochs: 1
2025-12-15 09:59:45,083 [trainer.py] => init_lr: 0.01
2025-12-15 09:59:45,083 [trainer.py] => later_epochs: 1
2025-12-15 09:59:45,083 [trainer.py] => later_lr: 0.01
2025-12-15 09:59:45,083 [trainer.py] => batch_size: 32
2025-12-15 09:59:45,083 [trainer.py] => weight_decay: 0.0005
2025-12-15 09:59:45,083 [trainer.py] => min_lr: 0
2025-12-15 09:59:45,083 [trainer.py] => optimizer: sgd
2025-12-15 09:59:45,083 [trainer.py] => scheduler: cosine
2025-12-15 09:59:45,083 [trainer.py] => pretrained: True
2025-12-15 09:59:45,083 [trainer.py] => vpt_type: Deep
2025-12-15 09:59:45,083 [trainer.py] => prompt_token_num: 10
2025-12-15 09:59:45,083 [trainer.py] => ffn_num: 256
2025-12-15 09:59:45,083 [trainer.py] => use_diagonal: False
2025-12-15 09:59:45,083 [trainer.py] => recalc_sim: True
2025-12-15 09:59:45,083 [trainer.py] => alpha: 0.5
2025-12-15 09:59:45,083 [trainer.py] => use_init_ptm: True
2025-12-15 09:59:45,083 [trainer.py] => beta: 0.3
2025-12-15 09:59:45,083 [trainer.py] => use_old_data: False
2025-12-15 09:59:45,083 [trainer.py] => use_reweight: True
2025-12-15 09:59:45,083 [trainer.py] => moni_adam: False
2025-12-15 09:59:45,083 [trainer.py] => adapter_num: -1
2025-12-15 09:59:45,083 [trainer.py] => data_type: float32
2025-12-15 09:59:46,262 [data_manager.py] => [4, 2, 7, 6, 0, 3, 5, 8, 9, 1]
2025-12-15 09:59:48,870 [_builder.py] => Loading pretrained weights from Hugging Face hub (timm/vit_base_patch16_224.augreg2_in21k_ft_in1k)
2025-12-15 10:02:47,842 [trainer.py] => config: ./exps/wt.json
2025-12-15 10:02:47,842 [trainer.py] => prefix:  
2025-12-15 10:02:47,842 [trainer.py] => dataset: wt
2025-12-15 10:02:47,842 [trainer.py] => memory_size: 0
2025-12-15 10:02:47,843 [trainer.py] => memory_per_class: 0
2025-12-15 10:02:47,843 [trainer.py] => fixed_memory: False
2025-12-15 10:02:47,843 [trainer.py] => shuffle: True
2025-12-15 10:02:47,843 [trainer.py] => init_cls: 2
2025-12-15 10:02:47,843 [trainer.py] => increment: 2
2025-12-15 10:02:47,843 [trainer.py] => model_name: ease
2025-12-15 10:02:47,843 [trainer.py] => backbone_type: vit_base_patch16_224_ease
2025-12-15 10:02:47,843 [trainer.py] => device: [device(type='cuda', index=0)]
2025-12-15 10:02:47,843 [trainer.py] => seed: 1993
2025-12-15 10:02:47,843 [trainer.py] => init_epochs: 1
2025-12-15 10:02:47,843 [trainer.py] => init_lr: 0.01
2025-12-15 10:02:47,843 [trainer.py] => later_epochs: 1
2025-12-15 10:02:47,843 [trainer.py] => later_lr: 0.01
2025-12-15 10:02:47,843 [trainer.py] => batch_size: 32
2025-12-15 10:02:47,843 [trainer.py] => weight_decay: 0.0005
2025-12-15 10:02:47,844 [trainer.py] => min_lr: 0
2025-12-15 10:02:47,844 [trainer.py] => optimizer: sgd
2025-12-15 10:02:47,844 [trainer.py] => scheduler: cosine
2025-12-15 10:02:47,844 [trainer.py] => pretrained: True
2025-12-15 10:02:47,844 [trainer.py] => vpt_type: Deep
2025-12-15 10:02:47,844 [trainer.py] => prompt_token_num: 10
2025-12-15 10:02:47,844 [trainer.py] => ffn_num: 256
2025-12-15 10:02:47,844 [trainer.py] => use_diagonal: False
2025-12-15 10:02:47,844 [trainer.py] => recalc_sim: True
2025-12-15 10:02:47,844 [trainer.py] => alpha: 0.5
2025-12-15 10:02:47,844 [trainer.py] => use_init_ptm: True
2025-12-15 10:02:47,844 [trainer.py] => beta: 0.3
2025-12-15 10:02:47,844 [trainer.py] => use_old_data: False
2025-12-15 10:02:47,844 [trainer.py] => use_reweight: True
2025-12-15 10:02:47,844 [trainer.py] => moni_adam: False
2025-12-15 10:02:47,844 [trainer.py] => adapter_num: -1
2025-12-15 10:02:47,844 [trainer.py] => data_type: float32
2025-12-15 10:02:49,441 [data_manager.py] => [4, 2, 7, 6, 0, 3, 5, 8, 9, 1]
2025-12-15 10:02:51,383 [_builder.py] => Loading pretrained weights from Hugging Face hub (timm/vit_base_patch16_224.augreg2_in21k_ft_in1k)
2025-12-15 10:03:01,428 [_hub.py] => [timm/vit_base_patch16_224.augreg2_in21k_ft_in1k] Safe alternative available for 'pytorch_model.bin' (as 'model.safetensors'). Loading weights using safetensors.
2025-12-15 10:03:01,936 [trainer.py] => All params: 90529536
2025-12-15 10:03:01,937 [trainer.py] => Trainable params: 4730880
2025-12-15 10:03:01,968 [ease.py] => Learning on 0-2
2025-12-15 10:03:58,113 [ease.py] => Task 0, Epoch 1/1 => Loss 0.676, Train_accy 55.48
2025-12-15 10:06:01,850 [ease.py] => Task correct: 100.0
2025-12-15 10:06:01,850 [ease.py] => Task acc: 92.77777777777777
2025-12-15 10:06:01,891 [trainer.py] => No NME accuracy.
2025-12-15 10:06:01,891 [trainer.py] => CNN: {'total': 92.78, '00-01': 92.78, 'old': 0, 'new': 92.78}
2025-12-15 10:06:01,891 [trainer.py] => CNN top1 curve: [92.78]
2025-12-15 10:06:01,891 [trainer.py] => Average Accuracy (CNN): 92.78 

2025-12-15 10:06:48,128 [trainer.py] => All params: 90534146
2025-12-15 10:06:48,128 [trainer.py] => Trainable params: 4730880
2025-12-15 10:06:48,130 [ease.py] => Learning on 2-4
2025-12-15 10:07:44,587 [ease.py] => Task 1, Epoch 1/1 => Loss 0.667, Train_accy 79.76
2025-12-15 10:10:54,807 [ease.py] => Task correct: 82.77777777777777
2025-12-15 10:10:54,807 [ease.py] => Task acc: 96.66666666666667
2025-12-15 10:10:54,853 [trainer.py] => No NME accuracy.
2025-12-15 10:10:54,853 [trainer.py] => CNN: {'total': 80.0, '00-01': 67.22, '02-03': 92.78, 'old': 67.22, 'new': 92.78}
2025-12-15 10:10:54,853 [trainer.py] => CNN top1 curve: [92.78, 80.0]
2025-12-15 10:10:54,853 [trainer.py] => Average Accuracy (CNN): 86.39 

2025-12-15 10:12:08,846 [trainer.py] => All params: 90540290
2025-12-15 10:12:08,846 [trainer.py] => Trainable params: 4730880
2025-12-15 10:12:08,847 [ease.py] => Learning on 4-6
2025-12-15 10:13:04,595 [ease.py] => Task 2, Epoch 1/1 => Loss 0.684, Train_accy 63.57
2025-12-16 10:25:41,706 [trainer.py] => config: ./exps/wt.json
2025-12-16 10:25:41,707 [trainer.py] => prefix:  
2025-12-16 10:25:41,707 [trainer.py] => dataset: wt
2025-12-16 10:25:41,707 [trainer.py] => memory_size: 0
2025-12-16 10:25:41,707 [trainer.py] => memory_per_class: 0
2025-12-16 10:25:41,707 [trainer.py] => fixed_memory: False
2025-12-16 10:25:41,707 [trainer.py] => shuffle: True
2025-12-16 10:25:41,707 [trainer.py] => init_cls: 2
2025-12-16 10:25:41,707 [trainer.py] => increment: 2
2025-12-16 10:25:41,707 [trainer.py] => model_name: ease
2025-12-16 10:25:41,707 [trainer.py] => backbone_type: vit_base_patch16_224_ease
2025-12-16 10:25:41,707 [trainer.py] => device: [device(type='cuda', index=0)]
2025-12-16 10:25:41,707 [trainer.py] => seed: 1993
2025-12-16 10:25:41,707 [trainer.py] => init_epochs: 1
2025-12-16 10:25:41,707 [trainer.py] => init_lr: 0.01
2025-12-16 10:25:41,707 [trainer.py] => later_epochs: 1
2025-12-16 10:25:41,707 [trainer.py] => later_lr: 0.01
2025-12-16 10:25:41,707 [trainer.py] => batch_size: 32
2025-12-16 10:25:41,707 [trainer.py] => weight_decay: 0.0005
2025-12-16 10:25:41,707 [trainer.py] => min_lr: 0
2025-12-16 10:25:41,707 [trainer.py] => optimizer: sgd
2025-12-16 10:25:41,707 [trainer.py] => scheduler: cosine
2025-12-16 10:25:41,707 [trainer.py] => pretrained: True
2025-12-16 10:25:41,707 [trainer.py] => vpt_type: Deep
2025-12-16 10:25:41,707 [trainer.py] => prompt_token_num: 10
2025-12-16 10:25:41,707 [trainer.py] => ffn_num: 256
2025-12-16 10:25:41,707 [trainer.py] => use_diagonal: False
2025-12-16 10:25:41,707 [trainer.py] => recalc_sim: True
2025-12-16 10:25:41,707 [trainer.py] => alpha: 0.5
2025-12-16 10:25:41,707 [trainer.py] => use_init_ptm: True
2025-12-16 10:25:41,707 [trainer.py] => beta: 0.3
2025-12-16 10:25:41,707 [trainer.py] => use_old_data: False
2025-12-16 10:25:41,707 [trainer.py] => use_reweight: True
2025-12-16 10:25:41,707 [trainer.py] => moni_adam: False
2025-12-16 10:25:41,708 [trainer.py] => adapter_num: -1
2025-12-16 10:25:41,708 [trainer.py] => data_type: float32
2025-12-16 10:26:07,768 [trainer.py] => config: ./exps/wt.json
2025-12-16 10:26:07,768 [trainer.py] => prefix:  
2025-12-16 10:26:07,768 [trainer.py] => dataset: wt
2025-12-16 10:26:07,768 [trainer.py] => memory_size: 0
2025-12-16 10:26:07,768 [trainer.py] => memory_per_class: 0
2025-12-16 10:26:07,768 [trainer.py] => fixed_memory: False
2025-12-16 10:26:07,768 [trainer.py] => shuffle: True
2025-12-16 10:26:07,768 [trainer.py] => init_cls: 2
2025-12-16 10:26:07,768 [trainer.py] => increment: 2
2025-12-16 10:26:07,768 [trainer.py] => model_name: ease
2025-12-16 10:26:07,768 [trainer.py] => backbone_type: vit_base_patch16_224_ease
2025-12-16 10:26:07,768 [trainer.py] => device: [device(type='cuda', index=0)]
2025-12-16 10:26:07,768 [trainer.py] => seed: 1993
2025-12-16 10:26:07,768 [trainer.py] => init_epochs: 1
2025-12-16 10:26:07,768 [trainer.py] => init_lr: 0.01
2025-12-16 10:26:07,768 [trainer.py] => later_epochs: 1
2025-12-16 10:26:07,768 [trainer.py] => later_lr: 0.01
2025-12-16 10:26:07,768 [trainer.py] => batch_size: 32
2025-12-16 10:26:07,768 [trainer.py] => weight_decay: 0.0005
2025-12-16 10:26:07,768 [trainer.py] => min_lr: 0
2025-12-16 10:26:07,768 [trainer.py] => optimizer: sgd
2025-12-16 10:26:07,768 [trainer.py] => scheduler: cosine
2025-12-16 10:26:07,768 [trainer.py] => pretrained: True
2025-12-16 10:26:07,769 [trainer.py] => vpt_type: Deep
2025-12-16 10:26:07,769 [trainer.py] => prompt_token_num: 10
2025-12-16 10:26:07,769 [trainer.py] => ffn_num: 256
2025-12-16 10:26:07,769 [trainer.py] => use_diagonal: False
2025-12-16 10:26:07,769 [trainer.py] => recalc_sim: True
2025-12-16 10:26:07,769 [trainer.py] => alpha: 0.5
2025-12-16 10:26:07,769 [trainer.py] => use_init_ptm: True
2025-12-16 10:26:07,769 [trainer.py] => beta: 0.3
2025-12-16 10:26:07,769 [trainer.py] => use_old_data: False
2025-12-16 10:26:07,769 [trainer.py] => use_reweight: True
2025-12-16 10:26:07,769 [trainer.py] => moni_adam: False
2025-12-16 10:26:07,769 [trainer.py] => adapter_num: -1
2025-12-16 10:26:07,769 [trainer.py] => data_type: float32
2025-12-16 10:26:08,145 [data_manager.py] => [4, 2, 7, 6, 0, 3, 5, 8, 9, 1]
2025-12-16 10:26:10,113 [_builder.py] => Loading pretrained weights from Hugging Face hub (timm/vit_base_patch16_224.augreg2_in21k_ft_in1k)
2025-12-16 10:26:20,142 [_hub.py] => [timm/vit_base_patch16_224.augreg2_in21k_ft_in1k] Safe alternative available for 'pytorch_model.bin' (as 'model.safetensors'). Loading weights using safetensors.
2025-12-16 10:26:20,657 [trainer.py] => All params: 90529536
2025-12-16 10:26:20,657 [trainer.py] => Trainable params: 4730880
2025-12-16 10:26:20,694 [ease.py] => Learning on 0-2
