2025-12-16 10:28:03,431 [trainer.py] => config: ./exps/wt_mamba_64.json
2025-12-16 10:28:03,431 [trainer.py] => prefix: mamba_64x64_hybrid
2025-12-16 10:28:03,431 [trainer.py] => dataset: wt
2025-12-16 10:28:03,431 [trainer.py] => memory_size: 0
2025-12-16 10:28:03,431 [trainer.py] => memory_per_class: 0
2025-12-16 10:28:03,431 [trainer.py] => fixed_memory: False
2025-12-16 10:28:03,431 [trainer.py] => shuffle: True
2025-12-16 10:28:03,431 [trainer.py] => init_cls: 2
2025-12-16 10:28:03,432 [trainer.py] => increment: 2
2025-12-16 10:28:03,432 [trainer.py] => model_name: ease
2025-12-16 10:28:03,432 [trainer.py] => backbone_type: vim_base_patch16_64_ease
2025-12-16 10:28:03,432 [trainer.py] => device: [device(type='cuda', index=0)]
2025-12-16 10:28:03,432 [trainer.py] => seed: 1993
2025-12-16 10:28:03,432 [trainer.py] => input_size: 64
2025-12-16 10:28:03,432 [trainer.py] => init_epochs: 50
2025-12-16 10:28:03,432 [trainer.py] => init_lr: 0.01
2025-12-16 10:28:03,432 [trainer.py] => later_epochs: 40
2025-12-16 10:28:03,432 [trainer.py] => later_lr: 0.005
2025-12-16 10:28:03,432 [trainer.py] => batch_size: 64
2025-12-16 10:28:03,432 [trainer.py] => weight_decay: 0.0005
2025-12-16 10:28:03,432 [trainer.py] => min_lr: 1e-06
2025-12-16 10:28:03,432 [trainer.py] => optimizer: adamw
2025-12-16 10:28:03,432 [trainer.py] => scheduler: cosine
2025-12-16 10:28:03,432 [trainer.py] => pretrained: True
2025-12-16 10:28:03,432 [trainer.py] => use_pretrained_embedding: True
2025-12-16 10:28:03,432 [trainer.py] => vpt_type: Deep
2025-12-16 10:28:03,432 [trainer.py] => prompt_token_num: 10
2025-12-16 10:28:03,432 [trainer.py] => ffn_num: 256
2025-12-16 10:28:03,432 [trainer.py] => use_diagonal: False
2025-12-16 10:28:03,432 [trainer.py] => recalc_sim: True
2025-12-16 10:28:03,432 [trainer.py] => alpha: 0.5
2025-12-16 10:28:03,432 [trainer.py] => use_init_ptm: True
2025-12-16 10:28:03,432 [trainer.py] => beta: 0.3
2025-12-16 10:28:03,432 [trainer.py] => use_old_data: False
2025-12-16 10:28:03,432 [trainer.py] => use_reweight: True
2025-12-16 10:28:03,432 [trainer.py] => moni_adam: False
2025-12-16 10:28:03,432 [trainer.py] => adapter_num: -1
2025-12-16 10:28:03,432 [trainer.py] => data_type: float32
2025-12-16 10:28:03,712 [data_manager.py] => [4, 2, 7, 6, 0, 3, 5, 8, 9, 1]
2025-12-16 10:28:06,695 [_builder.py] => Loading pretrained weights from Hugging Face hub (timm/vit_base_patch16_224.augreg2_in21k_ft_in1k)
2025-12-16 10:28:06,727 [trainer.py] => All params: 118721280
2025-12-16 10:28:06,728 [trainer.py] => Trainable params: 118129920
2025-12-16 10:28:06,729 [ease.py] => Learning on 0-2
2025-12-16 10:39:33,467 [trainer.py] => config: ./exps/wt_mamba_64.json
2025-12-16 10:39:33,467 [trainer.py] => prefix: mamba_64x64_hybrid
2025-12-16 10:39:33,467 [trainer.py] => dataset: wt
2025-12-16 10:39:33,467 [trainer.py] => memory_size: 0
2025-12-16 10:39:33,467 [trainer.py] => memory_per_class: 0
2025-12-16 10:39:33,467 [trainer.py] => fixed_memory: False
2025-12-16 10:39:33,467 [trainer.py] => shuffle: True
2025-12-16 10:39:33,467 [trainer.py] => init_cls: 2
2025-12-16 10:39:33,467 [trainer.py] => increment: 2
2025-12-16 10:39:33,467 [trainer.py] => model_name: ease
2025-12-16 10:39:33,467 [trainer.py] => backbone_type: vim_base_patch16_64_ease
2025-12-16 10:39:33,467 [trainer.py] => device: [device(type='cuda', index=0)]
2025-12-16 10:39:33,467 [trainer.py] => seed: 1993
2025-12-16 10:39:33,467 [trainer.py] => input_size: 64
2025-12-16 10:39:33,467 [trainer.py] => init_epochs: 50
2025-12-16 10:39:33,467 [trainer.py] => init_lr: 0.01
2025-12-16 10:39:33,467 [trainer.py] => later_epochs: 40
2025-12-16 10:39:33,467 [trainer.py] => later_lr: 0.005
2025-12-16 10:39:33,467 [trainer.py] => batch_size: 64
2025-12-16 10:39:33,467 [trainer.py] => weight_decay: 0.0005
2025-12-16 10:39:33,467 [trainer.py] => min_lr: 1e-06
2025-12-16 10:39:33,467 [trainer.py] => optimizer: adamw
2025-12-16 10:39:33,467 [trainer.py] => scheduler: cosine
2025-12-16 10:39:33,467 [trainer.py] => pretrained: True
2025-12-16 10:39:33,467 [trainer.py] => use_pretrained_embedding: True
2025-12-16 10:39:33,468 [trainer.py] => vpt_type: Deep
2025-12-16 10:39:33,468 [trainer.py] => prompt_token_num: 10
2025-12-16 10:39:33,468 [trainer.py] => ffn_num: 256
2025-12-16 10:39:33,468 [trainer.py] => use_diagonal: False
2025-12-16 10:39:33,468 [trainer.py] => recalc_sim: True
2025-12-16 10:39:33,468 [trainer.py] => alpha: 0.5
2025-12-16 10:39:33,468 [trainer.py] => use_init_ptm: True
2025-12-16 10:39:33,468 [trainer.py] => beta: 0.3
2025-12-16 10:39:33,468 [trainer.py] => use_old_data: False
2025-12-16 10:39:33,468 [trainer.py] => use_reweight: True
2025-12-16 10:39:33,468 [trainer.py] => moni_adam: False
2025-12-16 10:39:33,468 [trainer.py] => adapter_num: -1
2025-12-16 10:39:33,468 [trainer.py] => data_type: float32
2025-12-16 10:39:33,732 [data_manager.py] => [4, 2, 7, 6, 0, 3, 5, 8, 9, 1]
2025-12-16 10:39:37,588 [_builder.py] => Loading pretrained weights from Hugging Face hub (timm/vit_base_patch16_224.augreg2_in21k_ft_in1k)
2025-12-16 10:39:37,612 [trainer.py] => All params: 205628160
2025-12-16 10:39:37,613 [trainer.py] => Trainable params: 205036800
2025-12-16 10:39:37,614 [ease.py] => Learning on 0-2
