2025-04-08 10:42:18,360 [trainer.py] => config: ./exps/苏大.json
2025-04-08 10:42:18,360 [trainer.py] => prefix:  
2025-04-08 10:42:18,360 [trainer.py] => dataset: suda
2025-04-08 10:42:18,360 [trainer.py] => memory_size: 0
2025-04-08 10:42:18,360 [trainer.py] => memory_per_class: 0
2025-04-08 10:42:18,360 [trainer.py] => fixed_memory: False
2025-04-08 10:42:18,360 [trainer.py] => shuffle: True
2025-04-08 10:42:18,360 [trainer.py] => init_cls: 2
2025-04-08 10:42:18,360 [trainer.py] => increment: 2
2025-04-08 10:42:18,360 [trainer.py] => model_name: ease
2025-04-08 10:42:18,360 [trainer.py] => backbone_type: vit_base_patch16_224_ease
2025-04-08 10:42:18,361 [trainer.py] => device: [device(type='cuda', index=0)]
2025-04-08 10:42:18,361 [trainer.py] => seed: 1993
2025-04-08 10:42:18,361 [trainer.py] => init_epochs: 1
2025-04-08 10:42:18,361 [trainer.py] => init_lr: 0.005
2025-04-08 10:42:18,361 [trainer.py] => later_epochs: 1
2025-04-08 10:42:18,361 [trainer.py] => later_lr: 0.005
2025-04-08 10:42:18,361 [trainer.py] => batch_size: 16
2025-04-08 10:42:18,361 [trainer.py] => weight_decay: 0.0001
2025-04-08 10:42:18,361 [trainer.py] => min_lr: 1e-06
2025-04-08 10:42:18,361 [trainer.py] => optimizer: adamw
2025-04-08 10:42:18,361 [trainer.py] => scheduler: cosine
2025-04-08 10:42:18,361 [trainer.py] => pretrained: False
2025-04-08 10:42:18,361 [trainer.py] => vpt_type: Deep
2025-04-08 10:42:18,361 [trainer.py] => prompt_token_num: 5
2025-04-08 10:42:18,361 [trainer.py] => ffn_num: 128
2025-04-08 10:42:18,361 [trainer.py] => use_diagonal: False
2025-04-08 10:42:18,361 [trainer.py] => recalc_sim: True
2025-04-08 10:42:18,361 [trainer.py] => alpha: 0.1
2025-04-08 10:42:18,361 [trainer.py] => use_init_ptm: False
2025-04-08 10:42:18,361 [trainer.py] => beta: 0
2025-04-08 10:42:18,361 [trainer.py] => use_old_data: False
2025-04-08 10:42:18,361 [trainer.py] => use_reweight: True
2025-04-08 10:42:18,361 [trainer.py] => moni_adam: False
2025-04-08 10:42:18,361 [trainer.py] => adapter_num: -1
2025-04-08 10:42:18,361 [trainer.py] => data_type: float32
2025-04-08 10:42:21,074 [_builder.py] => Loading pretrained weights from Hugging Face hub (timm/vit_base_patch16_224.augreg2_in21k_ft_in1k)
2025-04-08 10:42:21,896 [_hub.py] => [timm/vit_base_patch16_224.augreg2_in21k_ft_in1k] Safe alternative available for 'pytorch_model.bin' (as 'model.safetensors'). Loading weights using safetensors.
2025-04-08 10:42:22,006 [trainer.py] => All params: 88168704
2025-04-08 10:42:22,006 [trainer.py] => Trainable params: 2370048
2025-04-08 10:42:22,025 [ease.py] => Learning on 0-2
2025-04-08 10:42:50,855 [ease.py] => Task 0, Epoch 1/1 => Loss 0.291, Train_accy 91.88
2025-04-08 10:43:40,490 [ease.py] => Task correct: 100.0
2025-04-08 10:43:40,490 [ease.py] => Task acc: 100.0
2025-04-08 10:43:40,513 [trainer.py] => No NME accuracy.
2025-04-08 10:43:40,513 [trainer.py] => CNN: {'total': 100.0, '00-01': 100.0, 'old': 0, 'new': 100.0}
2025-04-08 10:43:40,513 [trainer.py] => CNN top1 curve: [100.0]
2025-04-08 10:43:40,513 [trainer.py] => Average Accuracy (CNN): 100.0 

2025-04-08 10:43:40,514 [trainer.py] => All params: 88171778
2025-04-08 10:43:40,514 [trainer.py] => Trainable params: 2373122
2025-04-08 10:43:40,515 [ease.py] => Learning on 2-4
2025-04-08 10:44:09,920 [ease.py] => Task 1, Epoch 1/1 => Loss 0.501, Train_accy 80.31
2025-04-08 10:45:32,819 [ease.py] => Task correct: 81.875
2025-04-08 10:45:32,819 [ease.py] => Task acc: 96.875
2025-04-08 10:45:32,845 [trainer.py] => No NME accuracy.
2025-04-08 10:45:32,845 [trainer.py] => CNN: {'total': 81.88, '00-01': 96.25, '02-03': 67.5, 'old': 96.25, 'new': 67.5}
2025-04-08 10:45:32,845 [trainer.py] => CNN top1 curve: [100.0, 81.88]
2025-04-08 10:45:32,845 [trainer.py] => Average Accuracy (CNN): 90.94 

2025-04-08 10:45:32,846 [trainer.py] => All params: 88176386
2025-04-08 10:45:32,846 [trainer.py] => Trainable params: 2377730
2025-04-08 10:45:32,847 [ease.py] => Learning on 4-6
2025-04-08 10:46:01,301 [ease.py] => Task 2, Epoch 1/1 => Loss 0.277, Train_accy 93.12
2025-04-08 10:47:46,312 [ease.py] => Task correct: 79.16666666666667
2025-04-08 10:47:46,312 [ease.py] => Task acc: 95.41666666666667
2025-04-08 10:47:46,361 [trainer.py] => No NME accuracy.
2025-04-08 10:47:46,361 [trainer.py] => CNN: {'total': 79.17, '00-01': 100.0, '02-03': 53.75, '04-05': 83.75, 'old': 76.88, 'new': 83.75}
2025-04-08 10:47:46,361 [trainer.py] => CNN top1 curve: [100.0, 81.88, 79.17]
2025-04-08 10:47:46,361 [trainer.py] => Average Accuracy (CNN): 87.01666666666667 

2025-04-08 10:47:46,362 [trainer.py] => All params: 88184066
2025-04-08 10:47:46,363 [trainer.py] => Trainable params: 2385410
2025-04-08 10:47:46,363 [ease.py] => Learning on 6-8
2025-04-08 10:48:14,081 [ease.py] => Task 3, Epoch 1/1 => Loss 0.314, Train_accy 90.00
2025-04-08 10:50:26,977 [ease.py] => Task correct: 55.9375
2025-04-08 10:50:26,977 [ease.py] => Task acc: 96.25
2025-04-08 10:50:27,017 [trainer.py] => No NME accuracy.
2025-04-08 10:50:27,017 [trainer.py] => CNN: {'total': 55.94, '00-01': 46.25, '02-03': 30.0, '04-05': 50.0, '06-07': 97.5, 'old': 42.08, 'new': 97.5}
2025-04-08 10:50:27,017 [trainer.py] => CNN top1 curve: [100.0, 81.88, 79.17, 55.94]
2025-04-08 10:50:27,017 [trainer.py] => Average Accuracy (CNN): 79.2475 

2025-04-08 11:17:12,469 [trainer.py] => config: ./exps/苏大.json
2025-04-08 11:17:12,474 [trainer.py] => prefix:  
2025-04-08 11:17:12,474 [trainer.py] => dataset: suda
2025-04-08 11:17:12,474 [trainer.py] => memory_size: 0
2025-04-08 11:17:12,474 [trainer.py] => memory_per_class: 0
2025-04-08 11:17:12,474 [trainer.py] => fixed_memory: False
2025-04-08 11:17:12,474 [trainer.py] => shuffle: True
2025-04-08 11:17:12,474 [trainer.py] => init_cls: 2
2025-04-08 11:17:12,474 [trainer.py] => increment: 2
2025-04-08 11:17:12,474 [trainer.py] => model_name: ease
2025-04-08 11:17:12,474 [trainer.py] => backbone_type: vit_base_patch16_224_ease
2025-04-08 11:17:12,474 [trainer.py] => device: [device(type='cuda', index=0)]
2025-04-08 11:17:12,474 [trainer.py] => seed: 1993
2025-04-08 11:17:12,474 [trainer.py] => init_epochs: 80
2025-04-08 11:17:12,474 [trainer.py] => init_lr: 0.005
2025-04-08 11:17:12,474 [trainer.py] => later_epochs: 60
2025-04-08 11:17:12,474 [trainer.py] => later_lr: 0.005
2025-04-08 11:17:12,474 [trainer.py] => batch_size: 16
2025-04-08 11:17:12,474 [trainer.py] => weight_decay: 0.0001
2025-04-08 11:17:12,474 [trainer.py] => min_lr: 1e-06
2025-04-08 11:17:12,474 [trainer.py] => optimizer: adamw
2025-04-08 11:17:12,474 [trainer.py] => scheduler: cosine
2025-04-08 11:17:12,474 [trainer.py] => pretrained: False
2025-04-08 11:17:12,474 [trainer.py] => vpt_type: Deep
2025-04-08 11:17:12,474 [trainer.py] => prompt_token_num: 5
2025-04-08 11:17:12,474 [trainer.py] => ffn_num: 128
2025-04-08 11:17:12,474 [trainer.py] => use_diagonal: False
2025-04-08 11:17:12,474 [trainer.py] => recalc_sim: True
2025-04-08 11:17:12,474 [trainer.py] => alpha: 0.1
2025-04-08 11:17:12,474 [trainer.py] => use_init_ptm: False
2025-04-08 11:17:12,474 [trainer.py] => beta: 0
2025-04-08 11:17:12,474 [trainer.py] => use_old_data: False
2025-04-08 11:17:12,474 [trainer.py] => use_reweight: True
2025-04-08 11:17:12,474 [trainer.py] => moni_adam: False
2025-04-08 11:17:12,475 [trainer.py] => adapter_num: -1
2025-04-08 11:17:12,475 [trainer.py] => data_type: float32
2025-04-08 11:17:24,495 [trainer.py] => config: ./exps/苏大.json
2025-04-08 11:17:24,500 [trainer.py] => prefix:  
2025-04-08 11:17:24,500 [trainer.py] => dataset: suda
2025-04-08 11:17:24,500 [trainer.py] => memory_size: 0
2025-04-08 11:17:24,500 [trainer.py] => memory_per_class: 0
2025-04-08 11:17:24,500 [trainer.py] => fixed_memory: False
2025-04-08 11:17:24,500 [trainer.py] => shuffle: True
2025-04-08 11:17:24,500 [trainer.py] => init_cls: 2
2025-04-08 11:17:24,500 [trainer.py] => increment: 2
2025-04-08 11:17:24,500 [trainer.py] => model_name: ease
2025-04-08 11:17:24,500 [trainer.py] => backbone_type: vit_base_patch16_224_ease
2025-04-08 11:17:24,500 [trainer.py] => device: [device(type='cuda', index=0)]
2025-04-08 11:17:24,500 [trainer.py] => seed: 1993
2025-04-08 11:17:24,500 [trainer.py] => init_epochs: 80
2025-04-08 11:17:24,500 [trainer.py] => init_lr: 0.005
2025-04-08 11:17:24,500 [trainer.py] => later_epochs: 60
2025-04-08 11:17:24,500 [trainer.py] => later_lr: 0.005
2025-04-08 11:17:24,500 [trainer.py] => batch_size: 16
2025-04-08 11:17:24,500 [trainer.py] => weight_decay: 0.0001
2025-04-08 11:17:24,500 [trainer.py] => min_lr: 1e-06
2025-04-08 11:17:24,500 [trainer.py] => optimizer: adamw
2025-04-08 11:17:24,500 [trainer.py] => scheduler: cosine
2025-04-08 11:17:24,500 [trainer.py] => pretrained: False
2025-04-08 11:17:24,500 [trainer.py] => vpt_type: Deep
2025-04-08 11:17:24,500 [trainer.py] => prompt_token_num: 5
2025-04-08 11:17:24,500 [trainer.py] => ffn_num: 128
2025-04-08 11:17:24,500 [trainer.py] => use_diagonal: False
2025-04-08 11:17:24,500 [trainer.py] => recalc_sim: True
2025-04-08 11:17:24,500 [trainer.py] => alpha: 0.1
2025-04-08 11:17:24,500 [trainer.py] => use_init_ptm: False
2025-04-08 11:17:24,500 [trainer.py] => beta: 0
2025-04-08 11:17:24,500 [trainer.py] => use_old_data: False
2025-04-08 11:17:24,500 [trainer.py] => use_reweight: True
2025-04-08 11:17:24,500 [trainer.py] => moni_adam: False
2025-04-08 11:17:24,500 [trainer.py] => adapter_num: -1
2025-04-08 11:17:24,500 [trainer.py] => data_type: float32
2025-04-08 11:17:52,445 [trainer.py] => config: ./exps/苏大.json
2025-04-08 11:17:52,449 [trainer.py] => prefix:  
2025-04-08 11:17:52,449 [trainer.py] => dataset: suda
2025-04-08 11:17:52,449 [trainer.py] => memory_size: 0
2025-04-08 11:17:52,449 [trainer.py] => memory_per_class: 0
2025-04-08 11:17:52,450 [trainer.py] => fixed_memory: False
2025-04-08 11:17:52,450 [trainer.py] => shuffle: True
2025-04-08 11:17:52,450 [trainer.py] => init_cls: 2
2025-04-08 11:17:52,450 [trainer.py] => increment: 2
2025-04-08 11:17:52,450 [trainer.py] => model_name: ease
2025-04-08 11:17:52,450 [trainer.py] => backbone_type: vit_base_patch16_224_ease
2025-04-08 11:17:52,450 [trainer.py] => device: [device(type='cuda', index=0)]
2025-04-08 11:17:52,450 [trainer.py] => seed: 1993
2025-04-08 11:17:52,450 [trainer.py] => init_epochs: 80
2025-04-08 11:17:52,450 [trainer.py] => init_lr: 0.005
2025-04-08 11:17:52,450 [trainer.py] => later_epochs: 60
2025-04-08 11:17:52,450 [trainer.py] => later_lr: 0.005
2025-04-08 11:17:52,450 [trainer.py] => batch_size: 16
2025-04-08 11:17:52,450 [trainer.py] => weight_decay: 0.0001
2025-04-08 11:17:52,450 [trainer.py] => min_lr: 1e-06
2025-04-08 11:17:52,450 [trainer.py] => optimizer: adamw
2025-04-08 11:17:52,450 [trainer.py] => scheduler: cosine
2025-04-08 11:17:52,450 [trainer.py] => pretrained: False
2025-04-08 11:17:52,450 [trainer.py] => vpt_type: Deep
2025-04-08 11:17:52,450 [trainer.py] => prompt_token_num: 5
2025-04-08 11:17:52,450 [trainer.py] => ffn_num: 128
2025-04-08 11:17:52,450 [trainer.py] => use_diagonal: False
2025-04-08 11:17:52,450 [trainer.py] => recalc_sim: True
2025-04-08 11:17:52,450 [trainer.py] => alpha: 0.1
2025-04-08 11:17:52,450 [trainer.py] => use_init_ptm: False
2025-04-08 11:17:52,450 [trainer.py] => beta: 0
2025-04-08 11:17:52,450 [trainer.py] => use_old_data: False
2025-04-08 11:17:52,450 [trainer.py] => use_reweight: True
2025-04-08 11:17:52,450 [trainer.py] => moni_adam: False
2025-04-08 11:17:52,450 [trainer.py] => adapter_num: -1
2025-04-08 11:17:52,450 [trainer.py] => data_type: float32
2025-04-08 11:17:55,401 [_builder.py] => Loading pretrained weights from Hugging Face hub (timm/vit_base_patch16_224.augreg2_in21k_ft_in1k)
2025-04-08 11:18:00,423 [_hub.py] => [timm/vit_base_patch16_224.augreg2_in21k_ft_in1k] Safe alternative available for 'pytorch_model.bin' (as 'model.safetensors'). Loading weights using safetensors.
2025-04-08 11:18:00,554 [trainer.py] => All params: 88168704
2025-04-08 11:18:00,555 [trainer.py] => Trainable params: 2370048
2025-04-08 11:18:00,576 [ease.py] => Learning on 0-2
2025-04-08 11:46:00,632 [ease.py] => Task 0, Epoch 80/80 => Loss 0.005, Train_accy 100.00
2025-04-08 11:46:40,201 [ease.py] => Task correct: 100.0
2025-04-08 11:46:40,201 [ease.py] => Task acc: 100.0
2025-04-08 11:46:40,218 [trainer.py] => No NME accuracy.
2025-04-08 11:46:40,218 [trainer.py] => CNN: {'total': 100.0, '00-01': 100.0, 'old': 0, 'new': 100.0}
2025-04-08 11:46:40,218 [trainer.py] => CNN top1 curve: [100.0]
2025-04-08 11:46:40,218 [trainer.py] => Average Accuracy (CNN): 100.0 

2025-04-08 11:46:40,219 [trainer.py] => All params: 88171778
2025-04-08 11:46:40,220 [trainer.py] => Trainable params: 2373122
2025-04-08 11:46:40,220 [ease.py] => Learning on 2-4
2025-04-08 12:14:37,447 [ease.py] => Task 1, Epoch 80/80 => Loss 0.005, Train_accy 100.00
2025-04-08 12:15:37,713 [ease.py] => Task correct: 69.375
2025-04-08 12:15:37,713 [ease.py] => Task acc: 99.375
2025-04-08 12:15:37,733 [trainer.py] => No NME accuracy.
2025-04-08 12:15:37,733 [trainer.py] => CNN: {'total': 69.38, '00-01': 50.0, '02-03': 88.75, 'old': 50.0, 'new': 88.75}
2025-04-08 12:15:37,733 [trainer.py] => CNN top1 curve: [100.0, 69.38]
2025-04-08 12:15:37,733 [trainer.py] => Average Accuracy (CNN): 84.69 

2025-04-08 12:15:37,734 [trainer.py] => All params: 88176386
2025-04-08 12:15:37,734 [trainer.py] => Trainable params: 2377730
2025-04-08 12:15:37,735 [ease.py] => Learning on 4-6
2025-04-08 12:29:23,259 [trainer.py] => config: ./exps/苏大.json
2025-04-08 12:29:23,262 [trainer.py] => prefix:  
2025-04-08 12:29:23,262 [trainer.py] => dataset: suda
2025-04-08 12:29:23,262 [trainer.py] => memory_size: 0
2025-04-08 12:29:23,262 [trainer.py] => memory_per_class: 0
2025-04-08 12:29:23,262 [trainer.py] => fixed_memory: False
2025-04-08 12:29:23,263 [trainer.py] => shuffle: True
2025-04-08 12:29:23,263 [trainer.py] => init_cls: 2
2025-04-08 12:29:23,263 [trainer.py] => increment: 2
2025-04-08 12:29:23,263 [trainer.py] => model_name: ease
2025-04-08 12:29:23,263 [trainer.py] => backbone_type: vit_base_patch16_224_ease
2025-04-08 12:29:23,263 [trainer.py] => device: [device(type='cuda', index=0)]
2025-04-08 12:29:23,263 [trainer.py] => seed: 1993
2025-04-08 12:29:23,263 [trainer.py] => init_epochs: 60
2025-04-08 12:29:23,263 [trainer.py] => init_lr: 0.005
2025-04-08 12:29:23,263 [trainer.py] => later_epochs: 60
2025-04-08 12:29:23,263 [trainer.py] => later_lr: 0.005
2025-04-08 12:29:23,263 [trainer.py] => batch_size: 16
2025-04-08 12:29:23,263 [trainer.py] => weight_decay: 0.0001
2025-04-08 12:29:23,263 [trainer.py] => min_lr: 1e-06
2025-04-08 12:29:23,263 [trainer.py] => optimizer: adamw
2025-04-08 12:29:23,263 [trainer.py] => scheduler: cosine
2025-04-08 12:29:23,263 [trainer.py] => pretrained: False
2025-04-08 12:29:23,263 [trainer.py] => vpt_type: Deep
2025-04-08 12:29:23,263 [trainer.py] => prompt_token_num: 5
2025-04-08 12:29:23,263 [trainer.py] => ffn_num: 128
2025-04-08 12:29:23,263 [trainer.py] => use_diagonal: False
2025-04-08 12:29:23,263 [trainer.py] => recalc_sim: True
2025-04-08 12:29:23,263 [trainer.py] => alpha: 0.1
2025-04-08 12:29:23,263 [trainer.py] => use_init_ptm: False
2025-04-08 12:29:23,263 [trainer.py] => beta: 0
2025-04-08 12:29:23,263 [trainer.py] => use_old_data: True
2025-04-08 12:29:23,263 [trainer.py] => use_reweight: True
2025-04-08 12:29:23,263 [trainer.py] => moni_adam: False
2025-04-08 12:29:23,263 [trainer.py] => adapter_num: -1
2025-04-08 12:29:23,263 [trainer.py] => data_type: float32
2025-04-08 12:29:26,150 [_builder.py] => Loading pretrained weights from Hugging Face hub (timm/vit_base_patch16_224.augreg2_in21k_ft_in1k)
2025-04-08 12:29:31,166 [_hub.py] => [timm/vit_base_patch16_224.augreg2_in21k_ft_in1k] Safe alternative available for 'pytorch_model.bin' (as 'model.safetensors'). Loading weights using safetensors.
2025-04-08 12:29:31,298 [trainer.py] => All params: 88168704
2025-04-08 12:29:31,299 [trainer.py] => Trainable params: 2370048
2025-04-08 12:29:31,343 [ease.py] => Learning on 0-2
2025-04-08 12:50:33,757 [ease.py] => Task 0, Epoch 60/60 => Loss 0.008, Train_accy 100.00
2025-04-08 12:51:13,212 [ease.py] => Task correct: 100.0
2025-04-08 12:51:13,212 [ease.py] => Task acc: 100.0
2025-04-08 12:51:13,236 [trainer.py] => No NME accuracy.
2025-04-08 12:51:13,237 [trainer.py] => CNN: {'total': 100.0, '00-01': 100.0, 'old': 0, 'new': 100.0}
2025-04-08 12:51:13,237 [trainer.py] => CNN top1 curve: [100.0]
2025-04-08 12:51:13,237 [trainer.py] => Average Accuracy (CNN): 100.0 

2025-04-08 12:51:13,237 [trainer.py] => All params: 88171778
2025-04-08 12:51:13,238 [trainer.py] => Trainable params: 2373122
2025-04-08 12:51:13,239 [ease.py] => Learning on 2-4
2025-04-08 13:12:12,270 [ease.py] => Task 1, Epoch 60/60 => Loss 0.009, Train_accy 100.00
2025-04-08 13:13:33,230 [ease.py] => Task correct: 81.25
2025-04-08 13:13:33,230 [ease.py] => Task acc: 99.375
2025-04-08 13:13:33,247 [trainer.py] => No NME accuracy.
2025-04-08 13:13:33,247 [trainer.py] => CNN: {'total': 81.25, '00-01': 100.0, '02-03': 62.5, 'old': 100.0, 'new': 62.5}
2025-04-08 13:13:33,247 [trainer.py] => CNN top1 curve: [100.0, 81.25]
2025-04-08 13:13:33,247 [trainer.py] => Average Accuracy (CNN): 90.625 

2025-04-08 13:13:33,248 [trainer.py] => All params: 88176386
2025-04-08 13:13:33,248 [trainer.py] => Trainable params: 2377730
2025-04-08 13:13:33,249 [ease.py] => Learning on 4-6
2025-04-08 13:34:31,005 [ease.py] => Task 2, Epoch 60/60 => Loss 0.008, Train_accy 100.00
2025-04-08 13:36:15,761 [ease.py] => Task correct: 69.16666666666667
2025-04-08 13:36:15,761 [ease.py] => Task acc: 99.58333333333333
2025-04-08 13:36:15,780 [trainer.py] => No NME accuracy.
2025-04-08 13:36:15,780 [trainer.py] => CNN: {'total': 69.17, '00-01': 100.0, '02-03': 50.0, '04-05': 57.5, 'old': 75.0, 'new': 57.5}
2025-04-08 13:36:15,780 [trainer.py] => CNN top1 curve: [100.0, 81.25, 69.17]
2025-04-08 13:36:15,780 [trainer.py] => Average Accuracy (CNN): 83.47333333333334 

2025-04-08 13:36:15,780 [trainer.py] => All params: 88184066
2025-04-08 13:36:15,781 [trainer.py] => Trainable params: 2385410
2025-04-08 13:36:15,781 [ease.py] => Learning on 6-8
2025-04-08 13:57:13,481 [ease.py] => Task 3, Epoch 60/60 => Loss 0.008, Train_accy 100.00
2025-04-08 13:59:21,235 [ease.py] => Task correct: 75.3125
2025-04-08 13:59:21,235 [ease.py] => Task acc: 99.6875
2025-04-08 13:59:21,259 [trainer.py] => No NME accuracy.
2025-04-08 13:59:21,259 [trainer.py] => CNN: {'total': 75.31, '00-01': 100.0, '02-03': 50.0, '04-05': 58.75, '06-07': 92.5, 'old': 69.58, 'new': 92.5}
2025-04-08 13:59:21,259 [trainer.py] => CNN top1 curve: [100.0, 81.25, 69.17, 75.31]
2025-04-08 13:59:21,259 [trainer.py] => Average Accuracy (CNN): 81.4325 

2025-04-08 14:30:26,982 [trainer.py] => config: ./exps/苏大.json
2025-04-08 14:30:26,986 [trainer.py] => prefix:  
2025-04-08 14:30:26,986 [trainer.py] => dataset: suda
2025-04-08 14:30:26,986 [trainer.py] => memory_size: 0
2025-04-08 14:30:26,986 [trainer.py] => memory_per_class: 0
2025-04-08 14:30:26,986 [trainer.py] => fixed_memory: False
2025-04-08 14:30:26,986 [trainer.py] => shuffle: True
2025-04-08 14:30:26,986 [trainer.py] => init_cls: 2
2025-04-08 14:30:26,986 [trainer.py] => increment: 2
2025-04-08 14:30:26,986 [trainer.py] => model_name: ease
2025-04-08 14:30:26,986 [trainer.py] => backbone_type: vit_base_patch16_224_ease
2025-04-08 14:30:26,986 [trainer.py] => device: [device(type='cuda', index=0)]
2025-04-08 14:30:26,987 [trainer.py] => seed: 1993
2025-04-08 14:30:26,987 [trainer.py] => init_epochs: 1
2025-04-08 14:30:26,987 [trainer.py] => init_lr: 0.005
2025-04-08 14:30:26,987 [trainer.py] => later_epochs: 1
2025-04-08 14:30:26,987 [trainer.py] => later_lr: 0.005
2025-04-08 14:30:26,987 [trainer.py] => batch_size: 16
2025-04-08 14:30:26,987 [trainer.py] => weight_decay: 0.0001
2025-04-08 14:30:26,987 [trainer.py] => min_lr: 1e-06
2025-04-08 14:30:26,987 [trainer.py] => optimizer: sgd
2025-04-08 14:30:26,987 [trainer.py] => scheduler: cosine
2025-04-08 14:30:26,987 [trainer.py] => pretrained: False
2025-04-08 14:30:26,987 [trainer.py] => vpt_type: Deep
2025-04-08 14:30:26,987 [trainer.py] => prompt_token_num: 5
2025-04-08 14:30:26,987 [trainer.py] => ffn_num: 128
2025-04-08 14:30:26,987 [trainer.py] => use_diagonal: False
2025-04-08 14:30:26,987 [trainer.py] => recalc_sim: True
2025-04-08 14:30:26,987 [trainer.py] => alpha: 0.1
2025-04-08 14:30:26,987 [trainer.py] => use_init_ptm: False
2025-04-08 14:30:26,987 [trainer.py] => beta: 0
2025-04-08 14:30:26,987 [trainer.py] => use_old_data: True
2025-04-08 14:30:26,987 [trainer.py] => use_reweight: True
2025-04-08 14:30:26,987 [trainer.py] => moni_adam: False
2025-04-08 14:30:26,987 [trainer.py] => adapter_num: -1
2025-04-08 14:30:26,987 [trainer.py] => data_type: float32
2025-04-08 14:30:29,795 [_builder.py] => Loading pretrained weights from Hugging Face hub (timm/vit_base_patch16_224.augreg2_in21k_ft_in1k)
2025-04-08 14:30:34,813 [_hub.py] => [timm/vit_base_patch16_224.augreg2_in21k_ft_in1k] Safe alternative available for 'pytorch_model.bin' (as 'model.safetensors'). Loading weights using safetensors.
2025-04-08 14:30:34,942 [trainer.py] => All params: 88168704
2025-04-08 14:30:34,942 [trainer.py] => Trainable params: 2370048
2025-04-08 14:30:34,967 [ease.py] => Learning on 0-2
2025-04-08 14:30:56,088 [ease.py] => Task 0, Epoch 1/1 => Loss 0.676, Train_accy 79.38
2025-04-08 14:31:34,895 [ease.py] => Task correct: 100.0
2025-04-08 14:31:34,895 [ease.py] => Task acc: 96.25
2025-04-08 14:31:34,929 [trainer.py] => No NME accuracy.
2025-04-08 14:31:34,929 [trainer.py] => CNN: {'total': 96.25, '00-01': 96.25, 'old': 0, 'new': 96.25}
2025-04-08 14:31:34,929 [trainer.py] => CNN top1 curve: [96.25]
2025-04-08 14:31:34,929 [trainer.py] => Average Accuracy (CNN): 96.25 

2025-04-08 14:31:34,930 [trainer.py] => All params: 88171778
2025-04-08 14:31:34,930 [trainer.py] => Trainable params: 2373122
2025-04-08 14:31:34,931 [ease.py] => Learning on 2-4
2025-04-08 14:31:56,124 [ease.py] => Task 1, Epoch 1/1 => Loss 0.687, Train_accy 61.88
2025-04-08 14:33:16,182 [ease.py] => Task correct: 97.5
2025-04-08 14:33:16,182 [ease.py] => Task acc: 88.75
2025-04-08 14:33:16,203 [trainer.py] => No NME accuracy.
2025-04-08 14:33:16,203 [trainer.py] => CNN: {'total': 88.12, '00-01': 95.0, '02-03': 81.25, 'old': 95.0, 'new': 81.25}
2025-04-08 14:33:16,203 [trainer.py] => CNN top1 curve: [96.25, 88.12]
2025-04-08 14:33:16,203 [trainer.py] => Average Accuracy (CNN): 92.185 

2025-04-08 14:33:16,203 [trainer.py] => All params: 88176386
2025-04-08 14:33:16,204 [trainer.py] => Trainable params: 2377730
2025-04-08 14:33:16,204 [ease.py] => Learning on 4-6
2025-04-08 14:33:38,028 [ease.py] => Task 2, Epoch 1/1 => Loss 0.664, Train_accy 81.56
2025-04-08 14:35:22,804 [ease.py] => Task correct: 92.5
2025-04-08 14:35:22,804 [ease.py] => Task acc: 92.5
2025-04-08 14:35:22,824 [trainer.py] => No NME accuracy.
2025-04-08 14:35:22,824 [trainer.py] => CNN: {'total': 88.75, '00-01': 95.0, '02-03': 76.25, '04-05': 95.0, 'old': 85.62, 'new': 95.0}
2025-04-08 14:35:22,824 [trainer.py] => CNN top1 curve: [96.25, 88.12, 88.75]
2025-04-08 14:35:22,824 [trainer.py] => Average Accuracy (CNN): 91.04 

2025-04-08 14:35:22,824 [trainer.py] => All params: 88184066
2025-04-08 14:35:22,824 [trainer.py] => Trainable params: 2385410
2025-04-08 14:35:22,825 [ease.py] => Learning on 6-8
2025-04-08 14:35:45,198 [ease.py] => Task 3, Epoch 1/1 => Loss 0.684, Train_accy 67.50
2025-04-08 14:36:26,977 [trainer.py] => config: ./exps/苏大.json
2025-04-08 14:36:26,981 [trainer.py] => prefix:  
2025-04-08 14:36:26,981 [trainer.py] => dataset: suda
2025-04-08 14:36:26,981 [trainer.py] => memory_size: 0
2025-04-08 14:36:26,981 [trainer.py] => memory_per_class: 0
2025-04-08 14:36:26,981 [trainer.py] => fixed_memory: False
2025-04-08 14:36:26,981 [trainer.py] => shuffle: True
2025-04-08 14:36:26,981 [trainer.py] => init_cls: 2
2025-04-08 14:36:26,981 [trainer.py] => increment: 2
2025-04-08 14:36:26,981 [trainer.py] => model_name: ease
2025-04-08 14:36:26,981 [trainer.py] => backbone_type: vit_base_patch16_224_ease
2025-04-08 14:36:26,981 [trainer.py] => device: [device(type='cuda', index=0)]
2025-04-08 14:36:26,981 [trainer.py] => seed: 1993
2025-04-08 14:36:26,981 [trainer.py] => init_epochs: 1
2025-04-08 14:36:26,981 [trainer.py] => init_lr: 0.005
2025-04-08 14:36:26,981 [trainer.py] => later_epochs: 1
2025-04-08 14:36:26,981 [trainer.py] => later_lr: 0.005
2025-04-08 14:36:26,981 [trainer.py] => batch_size: 16
2025-04-08 14:36:26,981 [trainer.py] => weight_decay: 0.0001
2025-04-08 14:36:26,981 [trainer.py] => min_lr: 1e-06
2025-04-08 14:36:26,981 [trainer.py] => optimizer: sgd
2025-04-08 14:36:26,981 [trainer.py] => scheduler: cosine
2025-04-08 14:36:26,981 [trainer.py] => pretrained: False
2025-04-08 14:36:26,981 [trainer.py] => vpt_type: Deep
2025-04-08 14:36:26,981 [trainer.py] => prompt_token_num: 5
2025-04-08 14:36:26,982 [trainer.py] => ffn_num: 128
2025-04-08 14:36:26,982 [trainer.py] => use_diagonal: False
2025-04-08 14:36:26,982 [trainer.py] => recalc_sim: True
2025-04-08 14:36:26,982 [trainer.py] => alpha: 0.1
2025-04-08 14:36:26,982 [trainer.py] => use_init_ptm: False
2025-04-08 14:36:26,982 [trainer.py] => beta: 0
2025-04-08 14:36:26,982 [trainer.py] => use_old_data: True
2025-04-08 14:36:26,982 [trainer.py] => use_reweight: True
2025-04-08 14:36:26,982 [trainer.py] => moni_adam: False
2025-04-08 14:36:26,982 [trainer.py] => adapter_num: -1
2025-04-08 14:36:26,982 [trainer.py] => data_type: float32
2025-04-08 14:36:29,820 [_builder.py] => Loading pretrained weights from Hugging Face hub (timm/vit_base_patch16_224.augreg2_in21k_ft_in1k)
2025-04-08 14:36:34,852 [_hub.py] => [timm/vit_base_patch16_224.augreg2_in21k_ft_in1k] Safe alternative available for 'pytorch_model.bin' (as 'model.safetensors'). Loading weights using safetensors.
2025-04-08 14:36:34,994 [trainer.py] => All params: 88168704
2025-04-08 14:36:34,995 [trainer.py] => Trainable params: 2370048
2025-04-08 14:36:35,025 [ease.py] => Learning on 0-2
2025-04-08 14:36:56,713 [ease.py] => Task 0, Epoch 1/1 => Loss 0.676, Train_accy 79.38
2025-04-08 14:37:38,529 [ease.py] => Task correct: 100.0
2025-04-08 14:37:38,529 [ease.py] => Task acc: 96.25
2025-04-08 14:37:38,546 [trainer.py] => No NME accuracy.
2025-04-08 14:37:38,547 [trainer.py] => CNN: {'total': 96.25, '00-01': 96.25, 'old': 0, 'new': 96.25}
2025-04-08 14:37:38,547 [trainer.py] => CNN top1 curve: [96.25]
2025-04-08 14:37:38,547 [trainer.py] => Average Accuracy (CNN): 96.25 

2025-04-08 14:37:38,547 [trainer.py] => All params: 88171778
2025-04-08 14:37:38,548 [trainer.py] => Trainable params: 2373122
2025-04-08 14:37:38,548 [ease.py] => Learning on 2-4
2025-04-08 14:38:01,155 [ease.py] => Task 1, Epoch 1/1 => Loss 0.687, Train_accy 61.88
2025-04-08 14:39:21,061 [ease.py] => Task correct: 97.5
2025-04-08 14:39:21,061 [ease.py] => Task acc: 88.75
2025-04-08 14:39:21,079 [trainer.py] => No NME accuracy.
2025-04-08 14:39:21,079 [trainer.py] => CNN: {'total': 88.12, '00-01': 95.0, '02-03': 81.25, 'old': 95.0, 'new': 81.25}
2025-04-08 14:39:21,079 [trainer.py] => CNN top1 curve: [96.25, 88.12]
2025-04-08 14:39:21,079 [trainer.py] => Average Accuracy (CNN): 92.185 

2025-04-08 14:39:21,079 [trainer.py] => All params: 88176386
2025-04-08 14:39:21,080 [trainer.py] => Trainable params: 2377730
2025-04-08 14:39:21,080 [ease.py] => Learning on 4-6
2025-04-08 14:39:43,090 [ease.py] => Task 2, Epoch 1/1 => Loss 0.664, Train_accy 81.56
2025-04-08 14:41:29,304 [ease.py] => Task correct: 92.5
2025-04-08 14:41:29,304 [ease.py] => Task acc: 92.5
2025-04-08 14:41:29,323 [trainer.py] => No NME accuracy.
2025-04-08 14:41:29,323 [trainer.py] => CNN: {'total': 88.75, '00-01': 95.0, '02-03': 76.25, '04-05': 95.0, 'old': 85.62, 'new': 95.0}
2025-04-08 14:41:29,323 [trainer.py] => CNN top1 curve: [96.25, 88.12, 88.75]
2025-04-08 14:41:29,323 [trainer.py] => Average Accuracy (CNN): 91.04 

2025-04-08 14:41:29,324 [trainer.py] => All params: 88184066
2025-04-08 14:41:29,324 [trainer.py] => Trainable params: 2385410
2025-04-08 14:41:29,324 [ease.py] => Learning on 6-8
2025-04-08 14:41:50,720 [ease.py] => Task 3, Epoch 1/1 => Loss 0.684, Train_accy 67.50
2025-04-08 14:42:08,316 [trainer.py] => config: ./exps/苏大.json
2025-04-08 14:42:08,320 [trainer.py] => prefix:  
2025-04-08 14:42:08,320 [trainer.py] => dataset: suda
2025-04-08 14:42:08,320 [trainer.py] => memory_size: 0
2025-04-08 14:42:08,320 [trainer.py] => memory_per_class: 0
2025-04-08 14:42:08,320 [trainer.py] => fixed_memory: False
2025-04-08 14:42:08,320 [trainer.py] => shuffle: True
2025-04-08 14:42:08,320 [trainer.py] => init_cls: 2
2025-04-08 14:42:08,320 [trainer.py] => increment: 2
2025-04-08 14:42:08,320 [trainer.py] => model_name: ease
2025-04-08 14:42:08,320 [trainer.py] => backbone_type: vit_base_patch16_224_ease
2025-04-08 14:42:08,320 [trainer.py] => device: [device(type='cuda', index=0)]
2025-04-08 14:42:08,320 [trainer.py] => seed: 1993
2025-04-08 14:42:08,320 [trainer.py] => init_epochs: 1
2025-04-08 14:42:08,321 [trainer.py] => init_lr: 0.005
2025-04-08 14:42:08,321 [trainer.py] => later_epochs: 1
2025-04-08 14:42:08,321 [trainer.py] => later_lr: 0.005
2025-04-08 14:42:08,321 [trainer.py] => batch_size: 16
2025-04-08 14:42:08,321 [trainer.py] => weight_decay: 0.0001
2025-04-08 14:42:08,321 [trainer.py] => min_lr: 1e-06
2025-04-08 14:42:08,321 [trainer.py] => optimizer: sgd
2025-04-08 14:42:08,321 [trainer.py] => scheduler: cosine
2025-04-08 14:42:08,321 [trainer.py] => pretrained: False
2025-04-08 14:42:08,321 [trainer.py] => vpt_type: Deep
2025-04-08 14:42:08,321 [trainer.py] => prompt_token_num: 5
2025-04-08 14:42:08,321 [trainer.py] => ffn_num: 128
2025-04-08 14:42:08,321 [trainer.py] => use_diagonal: False
2025-04-08 14:42:08,321 [trainer.py] => recalc_sim: True
2025-04-08 14:42:08,321 [trainer.py] => alpha: 0.1
2025-04-08 14:42:08,321 [trainer.py] => use_init_ptm: False
2025-04-08 14:42:08,321 [trainer.py] => beta: 0
2025-04-08 14:42:08,321 [trainer.py] => use_old_data: True
2025-04-08 14:42:08,321 [trainer.py] => use_reweight: True
2025-04-08 14:42:08,321 [trainer.py] => moni_adam: False
2025-04-08 14:42:08,321 [trainer.py] => adapter_num: -1
2025-04-08 14:42:08,321 [trainer.py] => data_type: float32
2025-04-08 14:42:11,129 [_builder.py] => Loading pretrained weights from Hugging Face hub (timm/vit_base_patch16_224.augreg2_in21k_ft_in1k)
2025-04-08 14:42:16,144 [_hub.py] => [timm/vit_base_patch16_224.augreg2_in21k_ft_in1k] Safe alternative available for 'pytorch_model.bin' (as 'model.safetensors'). Loading weights using safetensors.
2025-04-08 14:42:16,272 [trainer.py] => All params: 88168704
2025-04-08 14:42:16,273 [trainer.py] => Trainable params: 2370048
2025-04-08 14:42:16,299 [ease.py] => Learning on 0-2
2025-04-08 14:42:37,922 [ease.py] => Task 0, Epoch 1/1 => Loss 0.676, Train_accy 79.38
2025-04-08 14:43:20,234 [ease.py] => Task correct: 100.0
2025-04-08 14:43:20,234 [ease.py] => Task acc: 96.25
2025-04-08 14:43:20,260 [trainer.py] => No NME accuracy.
2025-04-08 14:43:20,260 [trainer.py] => CNN: {'total': 96.25, '00-01': 96.25, 'old': 0, 'new': 96.25}
2025-04-08 14:43:20,260 [trainer.py] => CNN top1 curve: [96.25]
2025-04-08 14:43:20,260 [trainer.py] => Average Accuracy (CNN): 96.25 

2025-04-08 14:43:20,261 [trainer.py] => All params: 88171778
2025-04-08 14:43:20,262 [trainer.py] => Trainable params: 2370048
2025-04-08 14:43:20,262 [ease.py] => Learning on 2-4
2025-04-08 14:43:41,938 [ease.py] => Task 1, Epoch 1/1 => Loss 0.687, Train_accy 61.88
2025-04-08 14:45:09,413 [ease.py] => Task correct: 97.5
2025-04-08 14:45:09,413 [ease.py] => Task acc: 88.75
2025-04-08 14:45:09,430 [trainer.py] => No NME accuracy.
2025-04-08 14:45:09,431 [trainer.py] => CNN: {'total': 88.12, '00-01': 95.0, '02-03': 81.25, 'old': 95.0, 'new': 81.25}
2025-04-08 14:45:09,431 [trainer.py] => CNN top1 curve: [96.25, 88.12]
2025-04-08 14:45:09,431 [trainer.py] => Average Accuracy (CNN): 92.185 

2025-04-08 14:45:09,431 [trainer.py] => All params: 88176386
2025-04-08 14:45:09,432 [trainer.py] => Trainable params: 2370048
2025-04-08 14:45:09,432 [ease.py] => Learning on 4-6
2025-04-08 14:45:32,799 [ease.py] => Task 2, Epoch 1/1 => Loss 0.664, Train_accy 81.56
2025-04-08 14:47:34,973 [ease.py] => Task correct: 92.5
2025-04-08 14:47:34,973 [ease.py] => Task acc: 92.5
2025-04-08 14:47:34,996 [trainer.py] => No NME accuracy.
2025-04-08 14:47:34,996 [trainer.py] => CNN: {'total': 88.75, '00-01': 95.0, '02-03': 76.25, '04-05': 95.0, 'old': 85.62, 'new': 95.0}
2025-04-08 14:47:34,996 [trainer.py] => CNN top1 curve: [96.25, 88.12, 88.75]
2025-04-08 14:47:34,996 [trainer.py] => Average Accuracy (CNN): 91.04 

2025-04-08 14:47:34,997 [trainer.py] => All params: 88184066
2025-04-08 14:47:34,998 [trainer.py] => Trainable params: 2370048
2025-04-08 14:47:34,998 [ease.py] => Learning on 6-8
2025-04-08 14:47:59,221 [ease.py] => Task 3, Epoch 1/1 => Loss 0.684, Train_accy 67.50
2025-04-08 14:50:25,940 [trainer.py] => config: ./exps/苏大.json
2025-04-08 14:50:25,940 [trainer.py] => prefix:  
2025-04-08 14:50:25,940 [trainer.py] => dataset: suda
2025-04-08 14:50:25,940 [trainer.py] => memory_size: 0
2025-04-08 14:50:25,940 [trainer.py] => memory_per_class: 0
2025-04-08 14:50:25,940 [trainer.py] => fixed_memory: False
2025-04-08 14:50:25,940 [trainer.py] => shuffle: True
2025-04-08 14:50:25,940 [trainer.py] => init_cls: 2
2025-04-08 14:50:25,940 [trainer.py] => increment: 2
2025-04-08 14:50:25,940 [trainer.py] => model_name: ease
2025-04-08 14:50:25,940 [trainer.py] => backbone_type: vit_base_patch16_224_ease
2025-04-08 14:50:25,940 [trainer.py] => device: [device(type='cuda', index=0)]
2025-04-08 14:50:25,940 [trainer.py] => seed: 1993
2025-04-08 14:50:25,940 [trainer.py] => init_epochs: 1
2025-04-08 14:50:25,940 [trainer.py] => init_lr: 0.005
2025-04-08 14:50:25,940 [trainer.py] => later_epochs: 1
2025-04-08 14:50:25,940 [trainer.py] => later_lr: 0.005
2025-04-08 14:50:25,940 [trainer.py] => batch_size: 16
2025-04-08 14:50:25,940 [trainer.py] => weight_decay: 0.0001
2025-04-08 14:50:25,940 [trainer.py] => min_lr: 1e-06
2025-04-08 14:50:25,940 [trainer.py] => optimizer: sgd
2025-04-08 14:50:25,940 [trainer.py] => scheduler: cosine
2025-04-08 14:50:25,940 [trainer.py] => pretrained: False
2025-04-08 14:50:25,940 [trainer.py] => vpt_type: Deep
2025-04-08 14:50:25,940 [trainer.py] => prompt_token_num: 5
2025-04-08 14:50:25,940 [trainer.py] => ffn_num: 128
2025-04-08 14:50:25,941 [trainer.py] => use_diagonal: False
2025-04-08 14:50:25,941 [trainer.py] => recalc_sim: True
2025-04-08 14:50:25,941 [trainer.py] => alpha: 0.1
2025-04-08 14:50:25,941 [trainer.py] => use_init_ptm: False
2025-04-08 14:50:25,941 [trainer.py] => beta: 0
2025-04-08 14:50:25,941 [trainer.py] => use_old_data: True
2025-04-08 14:50:25,941 [trainer.py] => use_reweight: True
2025-04-08 14:50:25,941 [trainer.py] => moni_adam: False
2025-04-08 14:50:25,941 [trainer.py] => adapter_num: -1
2025-04-08 14:50:25,941 [trainer.py] => data_type: float32
2025-04-08 14:50:28,837 [_builder.py] => Loading pretrained weights from Hugging Face hub (timm/vit_base_patch16_224.augreg2_in21k_ft_in1k)
2025-04-08 14:50:33,858 [_hub.py] => [timm/vit_base_patch16_224.augreg2_in21k_ft_in1k] Safe alternative available for 'pytorch_model.bin' (as 'model.safetensors'). Loading weights using safetensors.
2025-04-08 14:50:33,971 [trainer.py] => All params: 88168704
2025-04-08 14:50:33,972 [trainer.py] => Trainable params: 2370048
2025-04-08 14:50:33,996 [ease.py] => Learning on 0-2
2025-04-08 14:50:56,689 [ease.py] => Task 0, Epoch 1/1 => Loss 0.676, Train_accy 79.38
2025-04-08 14:51:38,490 [ease.py] => Task correct: 100.0
2025-04-08 14:51:38,490 [ease.py] => Task acc: 96.25
2025-04-08 14:51:38,507 [trainer.py] => No NME accuracy.
2025-04-08 14:51:38,507 [trainer.py] => CNN: {'total': 96.25, '00-01': 96.25, 'old': 0, 'new': 96.25}
2025-04-08 14:51:38,507 [trainer.py] => CNN top1 curve: [96.25]
2025-04-08 14:51:38,507 [trainer.py] => Average Accuracy (CNN): 96.25 

2025-04-08 14:51:38,507 [trainer.py] => All params: 88171778
2025-04-08 14:51:38,507 [trainer.py] => Trainable params: 2370048
2025-04-08 14:51:38,508 [ease.py] => Learning on 2-4
2025-04-08 14:52:01,725 [ease.py] => Task 1, Epoch 1/1 => Loss 0.687, Train_accy 61.88
2025-04-08 14:54:24,384 [trainer.py] => config: ./exps/苏大.json
2025-04-08 14:54:24,389 [trainer.py] => prefix:  
2025-04-08 14:54:24,389 [trainer.py] => dataset: suda
2025-04-08 14:54:24,389 [trainer.py] => memory_size: 0
2025-04-08 14:54:24,389 [trainer.py] => memory_per_class: 0
2025-04-08 14:54:24,389 [trainer.py] => fixed_memory: False
2025-04-08 14:54:24,389 [trainer.py] => shuffle: True
2025-04-08 14:54:24,389 [trainer.py] => init_cls: 2
2025-04-08 14:54:24,389 [trainer.py] => increment: 2
2025-04-08 14:54:24,389 [trainer.py] => model_name: ease
2025-04-08 14:54:24,389 [trainer.py] => backbone_type: vit_base_patch16_224_ease
2025-04-08 14:54:24,389 [trainer.py] => device: [device(type='cuda', index=0)]
2025-04-08 14:54:24,389 [trainer.py] => seed: 1993
2025-04-08 14:54:24,389 [trainer.py] => init_epochs: 1
2025-04-08 14:54:24,389 [trainer.py] => init_lr: 0.005
2025-04-08 14:54:24,389 [trainer.py] => later_epochs: 1
2025-04-08 14:54:24,389 [trainer.py] => later_lr: 0.005
2025-04-08 14:54:24,389 [trainer.py] => batch_size: 16
2025-04-08 14:54:24,389 [trainer.py] => weight_decay: 0.0001
2025-04-08 14:54:24,389 [trainer.py] => min_lr: 1e-06
2025-04-08 14:54:24,389 [trainer.py] => optimizer: sgd
2025-04-08 14:54:24,389 [trainer.py] => scheduler: cosine
2025-04-08 14:54:24,389 [trainer.py] => pretrained: False
2025-04-08 14:54:24,389 [trainer.py] => vpt_type: Deep
2025-04-08 14:54:24,389 [trainer.py] => prompt_token_num: 5
2025-04-08 14:54:24,389 [trainer.py] => ffn_num: 128
2025-04-08 14:54:24,389 [trainer.py] => use_diagonal: False
2025-04-08 14:54:24,389 [trainer.py] => recalc_sim: True
2025-04-08 14:54:24,389 [trainer.py] => alpha: 0.1
2025-04-08 14:54:24,389 [trainer.py] => use_init_ptm: False
2025-04-08 14:54:24,389 [trainer.py] => beta: 0
2025-04-08 14:54:24,389 [trainer.py] => use_old_data: True
2025-04-08 14:54:24,389 [trainer.py] => use_reweight: True
2025-04-08 14:54:24,390 [trainer.py] => moni_adam: False
2025-04-08 14:54:24,390 [trainer.py] => adapter_num: -1
2025-04-08 14:54:24,390 [trainer.py] => data_type: float32
2025-04-08 14:54:27,465 [_builder.py] => Loading pretrained weights from Hugging Face hub (timm/vit_base_patch16_224.augreg2_in21k_ft_in1k)
2025-04-08 14:54:32,482 [_hub.py] => [timm/vit_base_patch16_224.augreg2_in21k_ft_in1k] Safe alternative available for 'pytorch_model.bin' (as 'model.safetensors'). Loading weights using safetensors.
2025-04-08 14:54:32,688 [trainer.py] => All params: 88168704
2025-04-08 14:54:32,689 [trainer.py] => Trainable params: 2370048
2025-04-08 14:54:32,743 [ease.py] => Learning on 0-2
2025-04-08 14:54:58,905 [ease.py] => Task 0, Epoch 1/1 => Loss 0.676, Train_accy 79.38
2025-04-08 14:55:40,326 [ease.py] => Task correct: 100.0
2025-04-08 14:55:40,326 [ease.py] => Task acc: 96.25
2025-04-08 14:55:40,342 [trainer.py] => No NME accuracy.
2025-04-08 14:55:40,343 [trainer.py] => CNN: {'total': 96.25, '00-01': 96.25, 'old': 0, 'new': 96.25}
2025-04-08 14:55:40,343 [trainer.py] => CNN top1 curve: [96.25]
2025-04-08 14:55:40,343 [trainer.py] => Average Accuracy (CNN): 96.25 

2025-04-08 14:55:40,343 [trainer.py] => All params: 88171778
2025-04-08 14:55:40,344 [trainer.py] => Trainable params: 2370048
2025-04-08 14:55:40,345 [ease.py] => Learning on 2-4
2025-04-08 14:56:02,783 [ease.py] => Task 1, Epoch 1/1 => Loss 0.687, Train_accy 61.88
2025-04-08 14:57:31,739 [ease.py] => Task correct: 97.5
2025-04-08 14:57:31,739 [ease.py] => Task acc: 88.75
2025-04-08 14:57:31,774 [trainer.py] => No NME accuracy.
2025-04-08 14:57:31,774 [trainer.py] => CNN: {'total': 88.12, '00-01': 95.0, '02-03': 81.25, 'old': 95.0, 'new': 81.25}
2025-04-08 14:57:31,774 [trainer.py] => CNN top1 curve: [96.25, 88.12]
2025-04-08 14:57:31,775 [trainer.py] => Average Accuracy (CNN): 92.185 

2025-04-08 14:57:31,775 [trainer.py] => All params: 88176386
2025-04-08 14:57:31,775 [trainer.py] => Trainable params: 2370048
2025-04-08 14:57:31,778 [ease.py] => Learning on 4-6
2025-04-08 14:57:58,593 [ease.py] => Task 2, Epoch 1/1 => Loss 0.664, Train_accy 81.56
2025-04-08 14:59:58,401 [ease.py] => Task correct: 92.5
2025-04-08 14:59:58,402 [ease.py] => Task acc: 92.5
2025-04-08 14:59:58,432 [trainer.py] => No NME accuracy.
2025-04-08 14:59:58,432 [trainer.py] => CNN: {'total': 88.75, '00-01': 95.0, '02-03': 76.25, '04-05': 95.0, 'old': 85.62, 'new': 95.0}
2025-04-08 14:59:58,432 [trainer.py] => CNN top1 curve: [96.25, 88.12, 88.75]
2025-04-08 14:59:58,434 [trainer.py] => Average Accuracy (CNN): 91.04 

2025-04-08 14:59:58,435 [trainer.py] => All params: 88184066
2025-04-08 14:59:58,436 [trainer.py] => Trainable params: 2370048
2025-04-08 14:59:58,438 [ease.py] => Learning on 6-8
2025-04-08 15:00:23,953 [ease.py] => Task 3, Epoch 1/1 => Loss 0.684, Train_accy 67.50
2025-04-08 15:00:53,990 [trainer.py] => config: ./exps/苏大.json
2025-04-08 15:00:53,994 [trainer.py] => prefix:  
2025-04-08 15:00:53,994 [trainer.py] => dataset: suda
2025-04-08 15:00:53,994 [trainer.py] => memory_size: 0
2025-04-08 15:00:53,994 [trainer.py] => memory_per_class: 0
2025-04-08 15:00:53,994 [trainer.py] => fixed_memory: False
2025-04-08 15:00:53,994 [trainer.py] => shuffle: True
2025-04-08 15:00:53,994 [trainer.py] => init_cls: 2
2025-04-08 15:00:53,994 [trainer.py] => increment: 2
2025-04-08 15:00:53,994 [trainer.py] => model_name: ease
2025-04-08 15:00:53,994 [trainer.py] => backbone_type: vit_base_patch16_224_ease
2025-04-08 15:00:53,994 [trainer.py] => device: [device(type='cuda', index=0)]
2025-04-08 15:00:53,994 [trainer.py] => seed: 1993
2025-04-08 15:00:53,994 [trainer.py] => init_epochs: 1
2025-04-08 15:00:53,995 [trainer.py] => init_lr: 0.005
2025-04-08 15:00:53,995 [trainer.py] => later_epochs: 1
2025-04-08 15:00:53,995 [trainer.py] => later_lr: 0.005
2025-04-08 15:00:53,995 [trainer.py] => batch_size: 16
2025-04-08 15:00:53,995 [trainer.py] => weight_decay: 0.0001
2025-04-08 15:00:53,995 [trainer.py] => min_lr: 1e-06
2025-04-08 15:00:53,995 [trainer.py] => optimizer: sgd
2025-04-08 15:00:53,995 [trainer.py] => scheduler: cosine
2025-04-08 15:00:53,995 [trainer.py] => pretrained: False
2025-04-08 15:00:53,995 [trainer.py] => vpt_type: Deep
2025-04-08 15:00:53,995 [trainer.py] => prompt_token_num: 5
2025-04-08 15:00:53,995 [trainer.py] => ffn_num: 128
2025-04-08 15:00:53,995 [trainer.py] => use_diagonal: False
2025-04-08 15:00:53,995 [trainer.py] => recalc_sim: True
2025-04-08 15:00:53,995 [trainer.py] => alpha: 0.1
2025-04-08 15:00:53,995 [trainer.py] => use_init_ptm: False
2025-04-08 15:00:53,995 [trainer.py] => beta: 0
2025-04-08 15:00:53,995 [trainer.py] => use_old_data: True
2025-04-08 15:00:53,995 [trainer.py] => use_reweight: True
2025-04-08 15:00:53,995 [trainer.py] => moni_adam: False
2025-04-08 15:00:53,995 [trainer.py] => adapter_num: -1
2025-04-08 15:00:53,996 [trainer.py] => data_type: float32
2025-04-08 15:00:56,928 [_builder.py] => Loading pretrained weights from Hugging Face hub (timm/vit_base_patch16_224.augreg2_in21k_ft_in1k)
2025-04-08 15:01:01,959 [_hub.py] => [timm/vit_base_patch16_224.augreg2_in21k_ft_in1k] Safe alternative available for 'pytorch_model.bin' (as 'model.safetensors'). Loading weights using safetensors.
2025-04-08 15:01:02,081 [trainer.py] => All params: 88168704
2025-04-08 15:01:02,083 [trainer.py] => Trainable params: 2370048
2025-04-08 15:01:02,130 [ease.py] => Learning on 0-2
2025-04-08 15:01:24,621 [ease.py] => Task 0, Epoch 1/1 => Loss 0.676, Train_accy 79.38
2025-04-08 15:02:05,507 [ease.py] => Task correct: 100.0
2025-04-08 15:02:05,507 [ease.py] => Task acc: 96.25
2025-04-08 15:02:05,534 [trainer.py] => No NME accuracy.
2025-04-08 15:02:05,534 [trainer.py] => CNN: {'total': 96.25, '00-01': 96.25, 'old': 0, 'new': 96.25}
2025-04-08 15:02:05,534 [trainer.py] => CNN top1 curve: [96.25]
2025-04-08 15:02:05,535 [trainer.py] => Average Accuracy (CNN): 96.25 

2025-04-08 15:02:05,535 [trainer.py] => All params: 88171778
2025-04-08 15:02:05,536 [trainer.py] => Trainable params: 2370048
2025-04-08 15:02:05,538 [ease.py] => Learning on 2-4
2025-04-08 15:02:29,679 [ease.py] => Task 1, Epoch 1/1 => Loss 0.687, Train_accy 61.88
2025-04-08 15:03:54,881 [ease.py] => Task correct: 97.5
2025-04-08 15:03:54,881 [ease.py] => Task acc: 88.75
2025-04-08 15:03:54,895 [trainer.py] => No NME accuracy.
2025-04-08 15:03:54,895 [trainer.py] => CNN: {'total': 88.12, '00-01': 95.0, '02-03': 81.25, 'old': 95.0, 'new': 81.25}
2025-04-08 15:03:54,895 [trainer.py] => CNN top1 curve: [96.25, 88.12]
2025-04-08 15:03:54,895 [trainer.py] => Average Accuracy (CNN): 92.185 

2025-04-08 15:03:54,896 [trainer.py] => All params: 88176386
2025-04-08 15:03:54,896 [trainer.py] => Trainable params: 2370048
2025-04-08 15:03:54,897 [ease.py] => Learning on 4-6
2025-04-08 15:04:18,807 [ease.py] => Task 2, Epoch 1/1 => Loss 0.664, Train_accy 81.56
2025-04-08 15:06:08,260 [ease.py] => Task correct: 92.5
2025-04-08 15:06:08,260 [ease.py] => Task acc: 92.5
2025-04-08 15:06:08,278 [trainer.py] => No NME accuracy.
2025-04-08 15:06:08,278 [trainer.py] => CNN: {'total': 88.75, '00-01': 95.0, '02-03': 76.25, '04-05': 95.0, 'old': 85.62, 'new': 95.0}
2025-04-08 15:06:08,278 [trainer.py] => CNN top1 curve: [96.25, 88.12, 88.75]
2025-04-08 15:06:08,278 [trainer.py] => Average Accuracy (CNN): 91.04 

2025-04-08 15:06:08,279 [trainer.py] => All params: 88184066
2025-04-08 15:06:08,279 [trainer.py] => Trainable params: 2370048
2025-04-08 15:06:08,280 [ease.py] => Learning on 6-8
2025-04-08 15:06:32,882 [ease.py] => Task 3, Epoch 1/1 => Loss 0.684, Train_accy 67.50
2025-04-08 15:08:58,374 [ease.py] => Task correct: 83.4375
2025-04-08 15:08:58,374 [ease.py] => Task acc: 94.375
2025-04-08 15:08:58,389 [trainer.py] => No NME accuracy.
2025-04-08 15:08:58,389 [trainer.py] => CNN: {'total': 81.88, '00-01': 86.25, '02-03': 68.75, '04-05': 91.25, '06-07': 81.25, 'old': 82.08, 'new': 81.25}
2025-04-08 15:08:58,389 [trainer.py] => CNN top1 curve: [96.25, 88.12, 88.75, 81.88]
2025-04-08 15:08:58,389 [trainer.py] => Average Accuracy (CNN): 88.75 

2025-04-08 15:18:08,668 [trainer.py] => config: ./exps/苏大.json
2025-04-08 15:18:08,670 [trainer.py] => prefix:  
2025-04-08 15:18:08,670 [trainer.py] => dataset: suda
2025-04-08 15:18:08,670 [trainer.py] => memory_size: 200
2025-04-08 15:18:08,670 [trainer.py] => memory_per_class: 20
2025-04-08 15:18:08,670 [trainer.py] => fixed_memory: False
2025-04-08 15:18:08,670 [trainer.py] => shuffle: True
2025-04-08 15:18:08,670 [trainer.py] => init_cls: 2
2025-04-08 15:18:08,671 [trainer.py] => increment: 2
2025-04-08 15:18:08,671 [trainer.py] => model_name: ease
2025-04-08 15:18:08,671 [trainer.py] => backbone_type: vit_base_patch16_224_ease
2025-04-08 15:18:08,671 [trainer.py] => device: [device(type='cuda', index=0)]
2025-04-08 15:18:08,671 [trainer.py] => seed: 1993
2025-04-08 15:18:08,671 [trainer.py] => init_epochs: 60
2025-04-08 15:18:08,671 [trainer.py] => init_lr: 0.03
2025-04-08 15:18:08,671 [trainer.py] => later_epochs: 50
2025-04-08 15:18:08,671 [trainer.py] => later_lr: 0.02
2025-04-08 15:18:08,671 [trainer.py] => batch_size: 64
2025-04-08 15:18:08,671 [trainer.py] => weight_decay: 0.0005
2025-04-08 15:18:08,671 [trainer.py] => min_lr: 0
2025-04-08 15:18:08,671 [trainer.py] => optimizer: sgd
2025-04-08 15:18:08,671 [trainer.py] => scheduler: cosine
2025-04-08 15:18:08,671 [trainer.py] => pretrained: True
2025-04-08 15:18:08,671 [trainer.py] => vpt_type: Deep
2025-04-08 15:18:08,671 [trainer.py] => prompt_token_num: 10
2025-04-08 15:18:08,671 [trainer.py] => ffn_num: 256
2025-04-08 15:18:08,671 [trainer.py] => use_diagonal: False
2025-04-08 15:18:08,671 [trainer.py] => recalc_sim: False
2025-04-08 15:18:08,671 [trainer.py] => alpha: 0.5
2025-04-08 15:18:08,671 [trainer.py] => use_init_ptm: True
2025-04-08 15:18:08,671 [trainer.py] => beta: 0.3
2025-04-08 15:18:08,671 [trainer.py] => use_old_data: True
2025-04-08 15:18:08,671 [trainer.py] => use_reweight: True
2025-04-08 15:18:08,671 [trainer.py] => moni_adam: False
2025-04-08 15:18:08,671 [trainer.py] => adapter_num: -1
2025-04-08 15:18:08,671 [trainer.py] => data_type: float32
2025-04-08 15:18:11,735 [_builder.py] => Loading pretrained weights from Hugging Face hub (timm/vit_base_patch16_224.augreg2_in21k_ft_in1k)
2025-04-08 15:18:16,759 [_hub.py] => [timm/vit_base_patch16_224.augreg2_in21k_ft_in1k] Safe alternative available for 'pytorch_model.bin' (as 'model.safetensors'). Loading weights using safetensors.
2025-04-08 15:18:16,902 [trainer.py] => All params: 90529536
2025-04-08 15:18:16,903 [trainer.py] => Trainable params: 4730880
2025-04-08 15:18:16,946 [ease.py] => Learning on 0-2
2025-04-08 15:40:44,780 [ease.py] => Task 0, Epoch 60/60 => Loss 0.016, Train_accy 100.00
2025-04-08 15:41:48,626 [ease.py] => Task correct: 100.0
2025-04-08 15:41:48,626 [ease.py] => Task acc: 100.0
2025-04-08 15:41:48,660 [trainer.py] => No NME accuracy.
2025-04-08 15:41:48,661 [trainer.py] => CNN: {'total': 100.0, '00-01': 100.0, 'old': 0, 'new': 100.0}
2025-04-08 15:41:48,661 [trainer.py] => CNN top1 curve: [100.0]
2025-04-08 15:41:48,661 [trainer.py] => Average Accuracy (CNN): 100.0 

2025-04-08 15:41:48,661 [trainer.py] => All params: 90534146
2025-04-08 15:41:48,661 [trainer.py] => Trainable params: 4730880
2025-04-08 15:41:48,662 [ease.py] => Learning on 2-4
2025-04-08 16:00:32,897 [ease.py] => Task 1, Epoch 50/50 => Loss 0.174, Train_accy 96.88
2025-04-08 16:02:21,000 [ease.py] => Task correct: 97.5
2025-04-08 16:02:21,000 [ease.py] => Task acc: 92.5
2025-04-08 16:02:21,040 [trainer.py] => No NME accuracy.
2025-04-08 16:02:21,041 [trainer.py] => CNN: {'total': 91.25, '00-01': 98.75, '02-03': 83.75, 'old': 98.75, 'new': 83.75}
2025-04-08 16:02:21,041 [trainer.py] => CNN top1 curve: [100.0, 91.25]
2025-04-08 16:02:21,041 [trainer.py] => Average Accuracy (CNN): 95.625 

2025-04-08 16:02:21,042 [trainer.py] => All params: 90540290
2025-04-08 16:02:21,043 [trainer.py] => Trainable params: 4730880
2025-04-08 16:02:21,046 [ease.py] => Learning on 4-6
2025-04-08 16:21:22,379 [ease.py] => Task 2, Epoch 50/50 => Loss 0.041, Train_accy 100.00
2025-04-08 16:23:37,289 [ease.py] => Task correct: 91.25
2025-04-08 16:23:37,289 [ease.py] => Task acc: 95.41666666666667
2025-04-08 16:23:37,322 [trainer.py] => No NME accuracy.
2025-04-08 16:23:37,322 [trainer.py] => CNN: {'total': 89.58, '00-01': 97.5, '02-03': 80.0, '04-05': 91.25, 'old': 88.75, 'new': 91.25}
2025-04-08 16:23:37,322 [trainer.py] => CNN top1 curve: [100.0, 91.25, 89.58]
2025-04-08 16:23:37,322 [trainer.py] => Average Accuracy (CNN): 93.61 

2025-04-08 16:23:37,323 [trainer.py] => All params: 90549506
2025-04-08 16:23:37,324 [trainer.py] => Trainable params: 4730880
2025-04-08 16:23:37,326 [ease.py] => Learning on 6-8
2025-04-08 16:42:27,184 [ease.py] => Task 3, Epoch 50/50 => Loss 0.050, Train_accy 100.00
2025-04-08 16:45:05,908 [ease.py] => Task correct: 86.25
2025-04-08 16:45:05,908 [ease.py] => Task acc: 96.875
2025-04-08 16:45:05,935 [trainer.py] => No NME accuracy.
2025-04-08 16:45:05,935 [trainer.py] => CNN: {'total': 85.31, '00-01': 88.75, '02-03': 80.0, '04-05': 90.0, '06-07': 82.5, 'old': 86.25, 'new': 82.5}
2025-04-08 16:45:05,935 [trainer.py] => CNN top1 curve: [100.0, 91.25, 89.58, 85.31]
2025-04-08 16:45:05,935 [trainer.py] => Average Accuracy (CNN): 91.535 

2025-04-08 17:02:29,969 [trainer.py] => config: ./exps/苏大.json
2025-04-08 17:02:29,973 [trainer.py] => prefix:  
2025-04-08 17:02:29,973 [trainer.py] => dataset: suda
2025-04-08 17:02:29,973 [trainer.py] => memory_size: 200
2025-04-08 17:02:29,974 [trainer.py] => memory_per_class: 20
2025-04-08 17:02:29,974 [trainer.py] => fixed_memory: False
2025-04-08 17:02:29,974 [trainer.py] => shuffle: True
2025-04-08 17:02:29,974 [trainer.py] => init_cls: 2
2025-04-08 17:02:29,974 [trainer.py] => increment: 2
2025-04-08 17:02:29,974 [trainer.py] => model_name: ease
2025-04-08 17:02:29,974 [trainer.py] => backbone_type: vit_base_patch16_224_ease
2025-04-08 17:02:29,974 [trainer.py] => device: [device(type='cuda', index=0)]
2025-04-08 17:02:29,974 [trainer.py] => seed: 1993
2025-04-08 17:02:29,974 [trainer.py] => init_epochs: 80
2025-04-08 17:02:29,974 [trainer.py] => init_lr: 0.03
2025-04-08 17:02:29,974 [trainer.py] => later_epochs: 80
2025-04-08 17:02:29,974 [trainer.py] => later_lr: 0.02
2025-04-08 17:02:29,974 [trainer.py] => batch_size: 64
2025-04-08 17:02:29,974 [trainer.py] => weight_decay: 0.0005
2025-04-08 17:02:29,974 [trainer.py] => min_lr: 0
2025-04-08 17:02:29,974 [trainer.py] => optimizer: sgd
2025-04-08 17:02:29,974 [trainer.py] => scheduler: cosine
2025-04-08 17:02:29,974 [trainer.py] => pretrained: True
2025-04-08 17:02:29,974 [trainer.py] => vpt_type: Deep
2025-04-08 17:02:29,974 [trainer.py] => prompt_token_num: 10
2025-04-08 17:02:29,974 [trainer.py] => ffn_num: 256
2025-04-08 17:02:29,974 [trainer.py] => use_diagonal: False
2025-04-08 17:02:29,974 [trainer.py] => recalc_sim: False
2025-04-08 17:02:29,974 [trainer.py] => alpha: 0.5
2025-04-08 17:02:29,974 [trainer.py] => use_init_ptm: True
2025-04-08 17:02:29,974 [trainer.py] => beta: 0.3
2025-04-08 17:02:29,974 [trainer.py] => use_old_data: True
2025-04-08 17:02:29,974 [trainer.py] => use_reweight: True
2025-04-08 17:02:29,974 [trainer.py] => moni_adam: False
2025-04-08 17:02:29,974 [trainer.py] => adapter_num: -1
2025-04-08 17:02:29,974 [trainer.py] => data_type: float32
2025-04-08 17:02:35,707 [_builder.py] => Loading pretrained weights from Hugging Face hub (timm/vit_base_patch16_224.augreg2_in21k_ft_in1k)
2025-04-08 17:02:40,726 [_hub.py] => [timm/vit_base_patch16_224.augreg2_in21k_ft_in1k] Safe alternative available for 'pytorch_model.bin' (as 'model.safetensors'). Loading weights using safetensors.
2025-04-08 17:02:40,838 [trainer.py] => All params: 90529536
2025-04-08 17:02:40,839 [trainer.py] => Trainable params: 4730880
2025-04-08 17:02:40,864 [ease.py] => Learning on 0-2
2025-04-08 17:07:53,876 [trainer.py] => config: ./exps/苏大.json
2025-04-08 17:07:53,880 [trainer.py] => prefix:  
2025-04-08 17:07:53,880 [trainer.py] => dataset: suda
2025-04-08 17:07:53,880 [trainer.py] => memory_size: 200
2025-04-08 17:07:53,880 [trainer.py] => memory_per_class: 20
2025-04-08 17:07:53,881 [trainer.py] => fixed_memory: False
2025-04-08 17:07:53,881 [trainer.py] => shuffle: True
2025-04-08 17:07:53,881 [trainer.py] => init_cls: 2
2025-04-08 17:07:53,881 [trainer.py] => increment: 2
2025-04-08 17:07:53,881 [trainer.py] => model_name: ease
2025-04-08 17:07:53,881 [trainer.py] => backbone_type: vit_base_patch16_224_ease
2025-04-08 17:07:53,881 [trainer.py] => device: [device(type='cuda', index=0)]
2025-04-08 17:07:53,881 [trainer.py] => seed: 1993
2025-04-08 17:07:53,881 [trainer.py] => init_epochs: 80
2025-04-08 17:07:53,881 [trainer.py] => init_lr: 0.03
2025-04-08 17:07:53,881 [trainer.py] => later_epochs: 80
2025-04-08 17:07:53,881 [trainer.py] => later_lr: 0.02
2025-04-08 17:07:53,881 [trainer.py] => batch_size: 64
2025-04-08 17:07:53,881 [trainer.py] => weight_decay: 0.0005
2025-04-08 17:07:53,881 [trainer.py] => min_lr: 0
2025-04-08 17:07:53,881 [trainer.py] => optimizer: sgd
2025-04-08 17:07:53,881 [trainer.py] => scheduler: cosine
2025-04-08 17:07:53,881 [trainer.py] => pretrained: True
2025-04-08 17:07:53,881 [trainer.py] => vpt_type: Deep
2025-04-08 17:07:53,881 [trainer.py] => prompt_token_num: 10
2025-04-08 17:07:53,881 [trainer.py] => ffn_num: 256
2025-04-08 17:07:53,881 [trainer.py] => use_diagonal: False
2025-04-08 17:07:53,881 [trainer.py] => recalc_sim: False
2025-04-08 17:07:53,881 [trainer.py] => alpha: 0.5
2025-04-08 17:07:53,881 [trainer.py] => use_init_ptm: True
2025-04-08 17:07:53,881 [trainer.py] => beta: 0.3
2025-04-08 17:07:53,881 [trainer.py] => use_old_data: True
2025-04-08 17:07:53,881 [trainer.py] => use_reweight: True
2025-04-08 17:07:53,881 [trainer.py] => moni_adam: False
2025-04-08 17:07:53,881 [trainer.py] => adapter_num: -1
2025-04-08 17:07:53,881 [trainer.py] => data_type: float32
2025-04-08 17:07:58,412 [data_manager.py] => [2, 3, 0, 4, 5, 6, 7, 1]
2025-04-08 17:07:59,876 [_builder.py] => Loading pretrained weights from Hugging Face hub (timm/vit_base_patch16_224.augreg2_in21k_ft_in1k)
2025-04-08 17:08:04,894 [_hub.py] => [timm/vit_base_patch16_224.augreg2_in21k_ft_in1k] Safe alternative available for 'pytorch_model.bin' (as 'model.safetensors'). Loading weights using safetensors.
2025-04-08 17:08:05,039 [trainer.py] => All params: 90529536
2025-04-08 17:08:05,040 [trainer.py] => Trainable params: 4730880
2025-04-08 17:08:05,070 [ease.py] => Learning on 0-2
2025-04-08 17:11:13,516 [trainer.py] => config: ./exps/苏大.json
2025-04-08 17:11:13,521 [trainer.py] => prefix:  
2025-04-08 17:11:13,521 [trainer.py] => dataset: suda
2025-04-08 17:11:13,521 [trainer.py] => memory_size: 200
2025-04-08 17:11:13,521 [trainer.py] => memory_per_class: 20
2025-04-08 17:11:13,521 [trainer.py] => fixed_memory: False
2025-04-08 17:11:13,521 [trainer.py] => shuffle: True
2025-04-08 17:11:13,521 [trainer.py] => init_cls: 2
2025-04-08 17:11:13,521 [trainer.py] => increment: 2
2025-04-08 17:11:13,521 [trainer.py] => model_name: ease
2025-04-08 17:11:13,521 [trainer.py] => backbone_type: vit_base_patch16_224_ease
2025-04-08 17:11:13,521 [trainer.py] => device: [device(type='cuda', index=0)]
2025-04-08 17:11:13,521 [trainer.py] => seed: 1993
2025-04-08 17:11:13,521 [trainer.py] => init_epochs: 80
2025-04-08 17:11:13,521 [trainer.py] => init_lr: 0.03
2025-04-08 17:11:13,521 [trainer.py] => later_epochs: 80
2025-04-08 17:11:13,521 [trainer.py] => later_lr: 0.02
2025-04-08 17:11:13,521 [trainer.py] => batch_size: 64
2025-04-08 17:11:13,521 [trainer.py] => weight_decay: 0.0005
2025-04-08 17:11:13,521 [trainer.py] => min_lr: 0
2025-04-08 17:11:13,521 [trainer.py] => optimizer: sgd
2025-04-08 17:11:13,521 [trainer.py] => scheduler: cosine
2025-04-08 17:11:13,521 [trainer.py] => pretrained: True
2025-04-08 17:11:13,521 [trainer.py] => vpt_type: Deep
2025-04-08 17:11:13,521 [trainer.py] => prompt_token_num: 10
2025-04-08 17:11:13,521 [trainer.py] => ffn_num: 256
2025-04-08 17:11:13,521 [trainer.py] => use_diagonal: False
2025-04-08 17:11:13,522 [trainer.py] => recalc_sim: False
2025-04-08 17:11:13,522 [trainer.py] => alpha: 0.5
2025-04-08 17:11:13,522 [trainer.py] => use_init_ptm: True
2025-04-08 17:11:13,522 [trainer.py] => beta: 0.3
2025-04-08 17:11:13,522 [trainer.py] => use_old_data: True
2025-04-08 17:11:13,522 [trainer.py] => use_reweight: True
2025-04-08 17:11:13,522 [trainer.py] => moni_adam: False
2025-04-08 17:11:13,522 [trainer.py] => adapter_num: -1
2025-04-08 17:11:13,522 [trainer.py] => data_type: float32
2025-04-08 17:11:17,676 [data_manager.py] => [2, 3, 0, 4, 5, 6, 7, 1]
2025-04-08 17:11:19,130 [_builder.py] => Loading pretrained weights from Hugging Face hub (timm/vit_base_patch16_224.augreg2_in21k_ft_in1k)
2025-04-08 17:11:24,150 [_hub.py] => [timm/vit_base_patch16_224.augreg2_in21k_ft_in1k] Safe alternative available for 'pytorch_model.bin' (as 'model.safetensors'). Loading weights using safetensors.
2025-04-08 17:11:24,265 [trainer.py] => All params: 90529536
2025-04-08 17:11:24,265 [trainer.py] => Trainable params: 4730880
2025-04-08 17:11:24,295 [ease.py] => Learning on 0-2
2025-04-08 17:17:37,064 [trainer.py] => config: ./exps/苏大.json
2025-04-08 17:17:37,069 [trainer.py] => prefix:  
2025-04-08 17:17:37,069 [trainer.py] => dataset: suda
2025-04-08 17:17:37,069 [trainer.py] => memory_size: 200
2025-04-08 17:17:37,069 [trainer.py] => memory_per_class: 20
2025-04-08 17:17:37,069 [trainer.py] => fixed_memory: False
2025-04-08 17:17:37,069 [trainer.py] => shuffle: True
2025-04-08 17:17:37,069 [trainer.py] => init_cls: 2
2025-04-08 17:17:37,069 [trainer.py] => increment: 2
2025-04-08 17:17:37,069 [trainer.py] => model_name: ease
2025-04-08 17:17:37,069 [trainer.py] => backbone_type: vit_base_patch16_224_ease
2025-04-08 17:17:37,069 [trainer.py] => device: [device(type='cuda', index=0)]
2025-04-08 17:17:37,069 [trainer.py] => seed: 1993
2025-04-08 17:17:37,069 [trainer.py] => init_epochs: 80
2025-04-08 17:17:37,069 [trainer.py] => init_lr: 0.03
2025-04-08 17:17:37,069 [trainer.py] => later_epochs: 80
2025-04-08 17:17:37,069 [trainer.py] => later_lr: 0.02
2025-04-08 17:17:37,069 [trainer.py] => batch_size: 64
2025-04-08 17:17:37,069 [trainer.py] => weight_decay: 0.0005
2025-04-08 17:17:37,069 [trainer.py] => min_lr: 0
2025-04-08 17:17:37,069 [trainer.py] => optimizer: sgd
2025-04-08 17:17:37,069 [trainer.py] => scheduler: cosine
2025-04-08 17:17:37,069 [trainer.py] => pretrained: True
2025-04-08 17:17:37,069 [trainer.py] => vpt_type: Deep
2025-04-08 17:17:37,069 [trainer.py] => prompt_token_num: 10
2025-04-08 17:17:37,069 [trainer.py] => ffn_num: 256
2025-04-08 17:17:37,069 [trainer.py] => use_diagonal: False
2025-04-08 17:17:37,069 [trainer.py] => recalc_sim: False
2025-04-08 17:17:37,069 [trainer.py] => alpha: 0.5
2025-04-08 17:17:37,069 [trainer.py] => use_init_ptm: True
2025-04-08 17:17:37,069 [trainer.py] => beta: 0.3
2025-04-08 17:17:37,069 [trainer.py] => use_old_data: True
2025-04-08 17:17:37,070 [trainer.py] => use_reweight: True
2025-04-08 17:17:37,070 [trainer.py] => moni_adam: False
2025-04-08 17:17:37,070 [trainer.py] => adapter_num: -1
2025-04-08 17:17:37,070 [trainer.py] => data_type: float32
2025-04-08 17:23:14,501 [trainer.py] => config: ./exps/苏大.json
2025-04-08 17:23:14,505 [trainer.py] => prefix:  
2025-04-08 17:23:14,505 [trainer.py] => dataset: suda
2025-04-08 17:23:14,505 [trainer.py] => memory_size: 200
2025-04-08 17:23:14,505 [trainer.py] => memory_per_class: 20
2025-04-08 17:23:14,505 [trainer.py] => fixed_memory: False
2025-04-08 17:23:14,505 [trainer.py] => shuffle: True
2025-04-08 17:23:14,506 [trainer.py] => init_cls: 2
2025-04-08 17:23:14,506 [trainer.py] => increment: 2
2025-04-08 17:23:14,506 [trainer.py] => model_name: ease
2025-04-08 17:23:14,506 [trainer.py] => backbone_type: vit_base_patch16_224_ease
2025-04-08 17:23:14,506 [trainer.py] => device: [device(type='cuda', index=0)]
2025-04-08 17:23:14,506 [trainer.py] => seed: 1993
2025-04-08 17:23:14,506 [trainer.py] => init_epochs: 80
2025-04-08 17:23:14,506 [trainer.py] => init_lr: 0.03
2025-04-08 17:23:14,506 [trainer.py] => later_epochs: 80
2025-04-08 17:23:14,506 [trainer.py] => later_lr: 0.02
2025-04-08 17:23:14,506 [trainer.py] => batch_size: 64
2025-04-08 17:23:14,506 [trainer.py] => weight_decay: 0.0005
2025-04-08 17:23:14,506 [trainer.py] => min_lr: 0
2025-04-08 17:23:14,506 [trainer.py] => optimizer: sgd
2025-04-08 17:23:14,506 [trainer.py] => scheduler: cosine
2025-04-08 17:23:14,506 [trainer.py] => pretrained: True
2025-04-08 17:23:14,506 [trainer.py] => vpt_type: Deep
2025-04-08 17:23:14,506 [trainer.py] => prompt_token_num: 10
2025-04-08 17:23:14,506 [trainer.py] => ffn_num: 256
2025-04-08 17:23:14,506 [trainer.py] => use_diagonal: False
2025-04-08 17:23:14,506 [trainer.py] => recalc_sim: False
2025-04-08 17:23:14,506 [trainer.py] => alpha: 0.5
2025-04-08 17:23:14,506 [trainer.py] => use_init_ptm: True
2025-04-08 17:23:14,506 [trainer.py] => beta: 0.3
2025-04-08 17:23:14,506 [trainer.py] => use_old_data: True
2025-04-08 17:23:14,506 [trainer.py] => use_reweight: True
2025-04-08 17:23:14,506 [trainer.py] => moni_adam: False
2025-04-08 17:23:14,506 [trainer.py] => adapter_num: -1
2025-04-08 17:23:14,506 [trainer.py] => data_type: float32
2025-04-08 17:23:17,430 [_builder.py] => Loading pretrained weights from Hugging Face hub (timm/vit_base_patch16_224.augreg2_in21k_ft_in1k)
2025-04-08 17:23:22,464 [_hub.py] => [timm/vit_base_patch16_224.augreg2_in21k_ft_in1k] Safe alternative available for 'pytorch_model.bin' (as 'model.safetensors'). Loading weights using safetensors.
2025-04-08 17:23:22,589 [trainer.py] => All params: 90529536
2025-04-08 17:23:22,590 [trainer.py] => Trainable params: 4730880
2025-04-08 17:23:22,612 [ease.py] => Learning on 0-2
2025-04-08 17:27:42,386 [trainer.py] => config: ./exps/苏大.json
2025-04-08 17:27:42,387 [trainer.py] => prefix:  
2025-04-08 17:27:42,387 [trainer.py] => dataset: suda
2025-04-08 17:27:42,387 [trainer.py] => memory_size: 200
2025-04-08 17:27:42,387 [trainer.py] => memory_per_class: 20
2025-04-08 17:27:42,387 [trainer.py] => fixed_memory: False
2025-04-08 17:27:42,387 [trainer.py] => shuffle: True
2025-04-08 17:27:42,387 [trainer.py] => init_cls: 2
2025-04-08 17:27:42,387 [trainer.py] => increment: 2
2025-04-08 17:27:42,387 [trainer.py] => model_name: ease
2025-04-08 17:27:42,387 [trainer.py] => backbone_type: vit_base_patch16_224_ease
2025-04-08 17:27:42,387 [trainer.py] => device: [device(type='cuda', index=0)]
2025-04-08 17:27:42,387 [trainer.py] => seed: 1993
2025-04-08 17:27:42,387 [trainer.py] => init_epochs: 80
2025-04-08 17:27:42,388 [trainer.py] => init_lr: 0.03
2025-04-08 17:27:42,388 [trainer.py] => later_epochs: 80
2025-04-08 17:27:42,388 [trainer.py] => later_lr: 0.02
2025-04-08 17:27:42,388 [trainer.py] => batch_size: 64
2025-04-08 17:27:42,388 [trainer.py] => weight_decay: 0.0005
2025-04-08 17:27:42,388 [trainer.py] => min_lr: 0
2025-04-08 17:27:42,388 [trainer.py] => optimizer: sgd
2025-04-08 17:27:42,388 [trainer.py] => scheduler: cosine
2025-04-08 17:27:42,388 [trainer.py] => pretrained: True
2025-04-08 17:27:42,388 [trainer.py] => vpt_type: Deep
2025-04-08 17:27:42,388 [trainer.py] => prompt_token_num: 10
2025-04-08 17:27:42,388 [trainer.py] => ffn_num: 256
2025-04-08 17:27:42,388 [trainer.py] => use_diagonal: False
2025-04-08 17:27:42,388 [trainer.py] => recalc_sim: False
2025-04-08 17:27:42,388 [trainer.py] => alpha: 0.5
2025-04-08 17:27:42,388 [trainer.py] => use_init_ptm: True
2025-04-08 17:27:42,388 [trainer.py] => beta: 0.3
2025-04-08 17:27:42,388 [trainer.py] => use_old_data: True
2025-04-08 17:27:42,388 [trainer.py] => use_reweight: True
2025-04-08 17:27:42,388 [trainer.py] => moni_adam: False
2025-04-08 17:27:42,388 [trainer.py] => adapter_num: -1
2025-04-08 17:27:42,388 [trainer.py] => data_type: float32
2025-04-08 17:27:45,300 [_builder.py] => Loading pretrained weights from Hugging Face hub (timm/vit_base_patch16_224.augreg2_in21k_ft_in1k)
2025-04-08 17:27:50,328 [_hub.py] => [timm/vit_base_patch16_224.augreg2_in21k_ft_in1k] Safe alternative available for 'pytorch_model.bin' (as 'model.safetensors'). Loading weights using safetensors.
2025-04-08 17:27:50,442 [trainer.py] => All params: 90529536
2025-04-08 17:27:50,442 [trainer.py] => Trainable params: 4730880
2025-04-08 17:27:50,466 [ease.py] => Learning on 0-2
2025-04-08 17:29:00,799 [trainer.py] => config: ./exps/苏大.json
2025-04-08 17:29:00,803 [trainer.py] => prefix:  
2025-04-08 17:29:00,803 [trainer.py] => dataset: suda
2025-04-08 17:29:00,804 [trainer.py] => memory_size: 200
2025-04-08 17:29:00,804 [trainer.py] => memory_per_class: 20
2025-04-08 17:29:00,804 [trainer.py] => fixed_memory: False
2025-04-08 17:29:00,804 [trainer.py] => shuffle: True
2025-04-08 17:29:00,804 [trainer.py] => init_cls: 2
2025-04-08 17:29:00,804 [trainer.py] => increment: 2
2025-04-08 17:29:00,804 [trainer.py] => model_name: ease
2025-04-08 17:29:00,804 [trainer.py] => backbone_type: vit_base_patch16_224_ease
2025-04-08 17:29:00,804 [trainer.py] => device: [device(type='cuda', index=0)]
2025-04-08 17:29:00,804 [trainer.py] => seed: 1993
2025-04-08 17:29:00,804 [trainer.py] => init_epochs: 80
2025-04-08 17:29:00,804 [trainer.py] => init_lr: 0.03
2025-04-08 17:29:00,804 [trainer.py] => later_epochs: 80
2025-04-08 17:29:00,804 [trainer.py] => later_lr: 0.02
2025-04-08 17:29:00,804 [trainer.py] => batch_size: 64
2025-04-08 17:29:00,804 [trainer.py] => weight_decay: 0.0005
2025-04-08 17:29:00,804 [trainer.py] => min_lr: 0
2025-04-08 17:29:00,804 [trainer.py] => optimizer: sgd
2025-04-08 17:29:00,804 [trainer.py] => scheduler: cosine
2025-04-08 17:29:00,804 [trainer.py] => pretrained: True
2025-04-08 17:29:00,804 [trainer.py] => vpt_type: Deep
2025-04-08 17:29:00,804 [trainer.py] => prompt_token_num: 10
2025-04-08 17:29:00,804 [trainer.py] => ffn_num: 256
2025-04-08 17:29:00,804 [trainer.py] => use_diagonal: False
2025-04-08 17:29:00,804 [trainer.py] => recalc_sim: False
2025-04-08 17:29:00,804 [trainer.py] => alpha: 0.5
2025-04-08 17:29:00,804 [trainer.py] => use_init_ptm: True
2025-04-08 17:29:00,804 [trainer.py] => beta: 0.3
2025-04-08 17:29:00,804 [trainer.py] => use_old_data: True
2025-04-08 17:29:00,804 [trainer.py] => use_reweight: True
2025-04-08 17:29:00,804 [trainer.py] => moni_adam: False
2025-04-08 17:29:00,804 [trainer.py] => adapter_num: -1
2025-04-08 17:29:00,804 [trainer.py] => data_type: float32
2025-04-08 17:29:02,269 [data_manager.py] => [2, 3, 0, 4, 5, 6, 7, 1]
2025-04-08 17:29:03,630 [_builder.py] => Loading pretrained weights from Hugging Face hub (timm/vit_base_patch16_224.augreg2_in21k_ft_in1k)
2025-04-08 17:29:08,655 [_hub.py] => [timm/vit_base_patch16_224.augreg2_in21k_ft_in1k] Safe alternative available for 'pytorch_model.bin' (as 'model.safetensors'). Loading weights using safetensors.
2025-04-08 17:29:08,784 [trainer.py] => All params: 90529536
2025-04-08 17:29:08,785 [trainer.py] => Trainable params: 4730880
2025-04-08 17:29:08,806 [ease.py] => Learning on 0-2
2025-04-08 17:32:35,611 [trainer.py] => config: ./exps/苏大.json
2025-04-08 17:32:35,615 [trainer.py] => prefix:  
2025-04-08 17:32:35,615 [trainer.py] => dataset: suda
2025-04-08 17:32:35,615 [trainer.py] => memory_size: 200
2025-04-08 17:32:35,615 [trainer.py] => memory_per_class: 20
2025-04-08 17:32:35,615 [trainer.py] => fixed_memory: False
2025-04-08 17:32:35,615 [trainer.py] => shuffle: True
2025-04-08 17:32:35,615 [trainer.py] => init_cls: 2
2025-04-08 17:32:35,615 [trainer.py] => increment: 2
2025-04-08 17:32:35,615 [trainer.py] => model_name: ease
2025-04-08 17:32:35,615 [trainer.py] => backbone_type: vit_base_patch16_224_ease
2025-04-08 17:32:35,615 [trainer.py] => device: [device(type='cuda', index=0)]
2025-04-08 17:32:35,615 [trainer.py] => seed: 1993
2025-04-08 17:32:35,615 [trainer.py] => init_epochs: 80
2025-04-08 17:32:35,616 [trainer.py] => init_lr: 0.03
2025-04-08 17:32:35,616 [trainer.py] => later_epochs: 80
2025-04-08 17:32:35,616 [trainer.py] => later_lr: 0.02
2025-04-08 17:32:35,616 [trainer.py] => batch_size: 64
2025-04-08 17:32:35,616 [trainer.py] => weight_decay: 0.0005
2025-04-08 17:32:35,616 [trainer.py] => min_lr: 0
2025-04-08 17:32:35,616 [trainer.py] => optimizer: sgd
2025-04-08 17:32:35,616 [trainer.py] => scheduler: cosine
2025-04-08 17:32:35,616 [trainer.py] => pretrained: True
2025-04-08 17:32:35,616 [trainer.py] => vpt_type: Deep
2025-04-08 17:32:35,616 [trainer.py] => prompt_token_num: 10
2025-04-08 17:32:35,616 [trainer.py] => ffn_num: 256
2025-04-08 17:32:35,616 [trainer.py] => use_diagonal: False
2025-04-08 17:32:35,616 [trainer.py] => recalc_sim: False
2025-04-08 17:32:35,616 [trainer.py] => alpha: 0.5
2025-04-08 17:32:35,616 [trainer.py] => use_init_ptm: True
2025-04-08 17:32:35,616 [trainer.py] => beta: 0.3
2025-04-08 17:32:35,616 [trainer.py] => use_old_data: True
2025-04-08 17:32:35,616 [trainer.py] => use_reweight: True
2025-04-08 17:32:35,616 [trainer.py] => moni_adam: False
2025-04-08 17:32:35,616 [trainer.py] => adapter_num: -1
2025-04-08 17:32:35,616 [trainer.py] => data_type: float32
2025-04-08 17:32:37,086 [data_manager.py] => [2, 3, 0, 4, 5, 6, 7, 1]
2025-04-08 17:32:38,521 [_builder.py] => Loading pretrained weights from Hugging Face hub (timm/vit_base_patch16_224.augreg2_in21k_ft_in1k)
2025-04-08 17:32:43,560 [_hub.py] => [timm/vit_base_patch16_224.augreg2_in21k_ft_in1k] Safe alternative available for 'pytorch_model.bin' (as 'model.safetensors'). Loading weights using safetensors.
2025-04-08 17:32:43,703 [trainer.py] => All params: 90529536
2025-04-08 17:32:43,704 [trainer.py] => Trainable params: 4730880
2025-04-08 17:32:43,748 [ease.py] => Learning on 0-2
2025-04-08 17:42:53,867 [trainer.py] => config: ./exps/苏大.json
2025-04-08 17:42:53,872 [trainer.py] => prefix:  
2025-04-08 17:42:53,872 [trainer.py] => dataset: suda
2025-04-08 17:42:53,872 [trainer.py] => memory_size: 200
2025-04-08 17:42:53,872 [trainer.py] => memory_per_class: 20
2025-04-08 17:42:53,872 [trainer.py] => fixed_memory: False
2025-04-08 17:42:53,872 [trainer.py] => shuffle: True
2025-04-08 17:42:53,872 [trainer.py] => init_cls: 2
2025-04-08 17:42:53,872 [trainer.py] => increment: 2
2025-04-08 17:42:53,872 [trainer.py] => model_name: ease
2025-04-08 17:42:53,872 [trainer.py] => backbone_type: vit_base_patch16_224_ease
2025-04-08 17:42:53,872 [trainer.py] => device: [device(type='cuda', index=0)]
2025-04-08 17:42:53,872 [trainer.py] => seed: 1993
2025-04-08 17:42:53,872 [trainer.py] => init_epochs: 80
2025-04-08 17:42:53,872 [trainer.py] => init_lr: 0.03
2025-04-08 17:42:53,872 [trainer.py] => later_epochs: 80
2025-04-08 17:42:53,872 [trainer.py] => later_lr: 0.02
2025-04-08 17:42:53,872 [trainer.py] => batch_size: 64
2025-04-08 17:42:53,872 [trainer.py] => weight_decay: 0.0005
2025-04-08 17:42:53,872 [trainer.py] => min_lr: 0
2025-04-08 17:42:53,872 [trainer.py] => optimizer: sgd
2025-04-08 17:42:53,872 [trainer.py] => scheduler: cosine
2025-04-08 17:42:53,872 [trainer.py] => pretrained: True
2025-04-08 17:42:53,872 [trainer.py] => vpt_type: Deep
2025-04-08 17:42:53,872 [trainer.py] => prompt_token_num: 10
2025-04-08 17:42:53,872 [trainer.py] => ffn_num: 256
2025-04-08 17:42:53,872 [trainer.py] => use_diagonal: False
2025-04-08 17:42:53,872 [trainer.py] => recalc_sim: False
2025-04-08 17:42:53,872 [trainer.py] => alpha: 0.5
2025-04-08 17:42:53,872 [trainer.py] => use_init_ptm: True
2025-04-08 17:42:53,872 [trainer.py] => beta: 0.3
2025-04-08 17:42:53,872 [trainer.py] => use_old_data: True
2025-04-08 17:42:53,872 [trainer.py] => use_reweight: True
2025-04-08 17:42:53,872 [trainer.py] => moni_adam: False
2025-04-08 17:42:53,872 [trainer.py] => adapter_num: -1
2025-04-08 17:42:53,872 [trainer.py] => data_type: float32
2025-04-08 17:42:55,316 [data_manager.py] => [2, 3, 0, 4, 5, 6, 7, 1]
2025-04-08 17:42:56,738 [_builder.py] => Loading pretrained weights from Hugging Face hub (timm/vit_base_patch16_224.augreg2_in21k_ft_in1k)
2025-04-08 17:43:01,765 [_hub.py] => [timm/vit_base_patch16_224.augreg2_in21k_ft_in1k] Safe alternative available for 'pytorch_model.bin' (as 'model.safetensors'). Loading weights using safetensors.
2025-04-08 17:43:01,894 [trainer.py] => All params: 90529536
2025-04-08 17:43:01,895 [trainer.py] => Trainable params: 4730880
2025-04-08 17:43:01,923 [ease.py] => Learning on 0-2
2025-04-08 17:43:57,429 [trainer.py] => config: ./exps/苏大.json
2025-04-08 17:43:57,433 [trainer.py] => prefix:  
2025-04-08 17:43:57,433 [trainer.py] => dataset: suda
2025-04-08 17:43:57,433 [trainer.py] => memory_size: 200
2025-04-08 17:43:57,433 [trainer.py] => memory_per_class: 20
2025-04-08 17:43:57,433 [trainer.py] => fixed_memory: False
2025-04-08 17:43:57,433 [trainer.py] => shuffle: True
2025-04-08 17:43:57,433 [trainer.py] => init_cls: 2
2025-04-08 17:43:57,433 [trainer.py] => increment: 2
2025-04-08 17:43:57,433 [trainer.py] => model_name: ease
2025-04-08 17:43:57,433 [trainer.py] => backbone_type: vit_base_patch16_224_ease
2025-04-08 17:43:57,433 [trainer.py] => device: [device(type='cuda', index=0)]
2025-04-08 17:43:57,433 [trainer.py] => seed: 1993
2025-04-08 17:43:57,433 [trainer.py] => init_epochs: 80
2025-04-08 17:43:57,434 [trainer.py] => init_lr: 0.03
2025-04-08 17:43:57,434 [trainer.py] => later_epochs: 80
2025-04-08 17:43:57,434 [trainer.py] => later_lr: 0.02
2025-04-08 17:43:57,434 [trainer.py] => batch_size: 64
2025-04-08 17:43:57,434 [trainer.py] => weight_decay: 0.0005
2025-04-08 17:43:57,434 [trainer.py] => min_lr: 0
2025-04-08 17:43:57,434 [trainer.py] => optimizer: sgd
2025-04-08 17:43:57,434 [trainer.py] => scheduler: cosine
2025-04-08 17:43:57,434 [trainer.py] => pretrained: True
2025-04-08 17:43:57,434 [trainer.py] => vpt_type: Deep
2025-04-08 17:43:57,434 [trainer.py] => prompt_token_num: 10
2025-04-08 17:43:57,434 [trainer.py] => ffn_num: 256
2025-04-08 17:43:57,434 [trainer.py] => use_diagonal: False
2025-04-08 17:43:57,434 [trainer.py] => recalc_sim: False
2025-04-08 17:43:57,434 [trainer.py] => alpha: 0.5
2025-04-08 17:43:57,434 [trainer.py] => use_init_ptm: True
2025-04-08 17:43:57,434 [trainer.py] => beta: 0.3
2025-04-08 17:43:57,434 [trainer.py] => use_old_data: True
2025-04-08 17:43:57,434 [trainer.py] => use_reweight: True
2025-04-08 17:43:57,434 [trainer.py] => moni_adam: False
2025-04-08 17:43:57,434 [trainer.py] => adapter_num: -1
2025-04-08 17:43:57,434 [trainer.py] => data_type: float32
2025-04-08 17:43:58,118 [data_manager.py] => [2, 3, 0, 4, 5, 6, 7, 1]
2025-04-08 17:43:59,514 [_builder.py] => Loading pretrained weights from Hugging Face hub (timm/vit_base_patch16_224.augreg2_in21k_ft_in1k)
2025-04-08 17:44:04,537 [_hub.py] => [timm/vit_base_patch16_224.augreg2_in21k_ft_in1k] Safe alternative available for 'pytorch_model.bin' (as 'model.safetensors'). Loading weights using safetensors.
2025-04-08 17:44:04,650 [trainer.py] => All params: 90529536
2025-04-08 17:44:04,650 [trainer.py] => Trainable params: 4730880
2025-04-08 17:44:04,673 [ease.py] => Learning on 0-2
2025-04-08 17:45:44,190 [trainer.py] => config: ./exps/苏大.json
2025-04-08 17:45:44,191 [trainer.py] => prefix:  
2025-04-08 17:45:44,191 [trainer.py] => dataset: suda
2025-04-08 17:45:44,191 [trainer.py] => memory_size: 200
2025-04-08 17:45:44,191 [trainer.py] => memory_per_class: 20
2025-04-08 17:45:44,191 [trainer.py] => fixed_memory: False
2025-04-08 17:45:44,191 [trainer.py] => shuffle: True
2025-04-08 17:45:44,191 [trainer.py] => init_cls: 2
2025-04-08 17:45:44,191 [trainer.py] => increment: 2
2025-04-08 17:45:44,191 [trainer.py] => model_name: ease
2025-04-08 17:45:44,191 [trainer.py] => backbone_type: vit_base_patch16_224_ease
2025-04-08 17:45:44,191 [trainer.py] => device: [device(type='cuda', index=0)]
2025-04-08 17:45:44,191 [trainer.py] => seed: 1993
2025-04-08 17:45:44,191 [trainer.py] => init_epochs: 80
2025-04-08 17:45:44,191 [trainer.py] => init_lr: 0.03
2025-04-08 17:45:44,191 [trainer.py] => later_epochs: 80
2025-04-08 17:45:44,191 [trainer.py] => later_lr: 0.02
2025-04-08 17:45:44,191 [trainer.py] => batch_size: 64
2025-04-08 17:45:44,191 [trainer.py] => weight_decay: 0.0005
2025-04-08 17:45:44,191 [trainer.py] => min_lr: 0
2025-04-08 17:45:44,191 [trainer.py] => optimizer: sgd
2025-04-08 17:45:44,191 [trainer.py] => scheduler: cosine
2025-04-08 17:45:44,191 [trainer.py] => pretrained: True
2025-04-08 17:45:44,191 [trainer.py] => vpt_type: Deep
2025-04-08 17:45:44,191 [trainer.py] => prompt_token_num: 10
2025-04-08 17:45:44,191 [trainer.py] => ffn_num: 256
2025-04-08 17:45:44,191 [trainer.py] => use_diagonal: False
2025-04-08 17:45:44,191 [trainer.py] => recalc_sim: False
2025-04-08 17:45:44,191 [trainer.py] => alpha: 0.5
2025-04-08 17:45:44,191 [trainer.py] => use_init_ptm: True
2025-04-08 17:45:44,191 [trainer.py] => beta: 0.3
2025-04-08 17:45:44,191 [trainer.py] => use_old_data: True
2025-04-08 17:45:44,191 [trainer.py] => use_reweight: True
2025-04-08 17:45:44,191 [trainer.py] => moni_adam: False
2025-04-08 17:45:44,191 [trainer.py] => adapter_num: -1
2025-04-08 17:45:44,191 [trainer.py] => data_type: float32
2025-04-08 17:45:44,950 [data_manager.py] => [2, 3, 0, 4, 5, 6, 7, 1]
2025-04-08 17:45:46,403 [_builder.py] => Loading pretrained weights from Hugging Face hub (timm/vit_base_patch16_224.augreg2_in21k_ft_in1k)
2025-04-08 17:45:51,417 [_hub.py] => [timm/vit_base_patch16_224.augreg2_in21k_ft_in1k] Safe alternative available for 'pytorch_model.bin' (as 'model.safetensors'). Loading weights using safetensors.
2025-04-08 17:45:51,576 [trainer.py] => All params: 90529536
2025-04-08 17:45:51,577 [trainer.py] => Trainable params: 4730880
2025-04-08 17:45:51,623 [ease.py] => Learning on 0-2
2025-04-08 18:08:31,542 [trainer.py] => config: ./exps/苏大.json
2025-04-08 18:08:31,545 [trainer.py] => prefix:  
2025-04-08 18:08:31,545 [trainer.py] => dataset: suda
2025-04-08 18:08:31,545 [trainer.py] => memory_size: 200
2025-04-08 18:08:31,545 [trainer.py] => memory_per_class: 20
2025-04-08 18:08:31,545 [trainer.py] => fixed_memory: False
2025-04-08 18:08:31,545 [trainer.py] => shuffle: True
2025-04-08 18:08:31,545 [trainer.py] => init_cls: 2
2025-04-08 18:08:31,546 [trainer.py] => increment: 2
2025-04-08 18:08:31,546 [trainer.py] => model_name: ease
2025-04-08 18:08:31,546 [trainer.py] => backbone_type: vit_base_patch16_224_ease
2025-04-08 18:08:31,546 [trainer.py] => device: [device(type='cuda', index=0)]
2025-04-08 18:08:31,546 [trainer.py] => seed: 1993
2025-04-08 18:08:31,546 [trainer.py] => init_epochs: 80
2025-04-08 18:08:31,546 [trainer.py] => init_lr: 0.03
2025-04-08 18:08:31,546 [trainer.py] => later_epochs: 80
2025-04-08 18:08:31,546 [trainer.py] => later_lr: 0.02
2025-04-08 18:08:31,546 [trainer.py] => batch_size: 64
2025-04-08 18:08:31,546 [trainer.py] => weight_decay: 0.0005
2025-04-08 18:08:31,546 [trainer.py] => min_lr: 0
2025-04-08 18:08:31,546 [trainer.py] => optimizer: sgd
2025-04-08 18:08:31,546 [trainer.py] => scheduler: cosine
2025-04-08 18:08:31,546 [trainer.py] => pretrained: True
2025-04-08 18:08:31,546 [trainer.py] => vpt_type: Deep
2025-04-08 18:08:31,546 [trainer.py] => prompt_token_num: 10
2025-04-08 18:08:31,546 [trainer.py] => ffn_num: 256
2025-04-08 18:08:31,546 [trainer.py] => use_diagonal: False
2025-04-08 18:08:31,546 [trainer.py] => recalc_sim: False
2025-04-08 18:08:31,546 [trainer.py] => alpha: 0.5
2025-04-08 18:08:31,546 [trainer.py] => use_init_ptm: True
2025-04-08 18:08:31,546 [trainer.py] => beta: 0.3
2025-04-08 18:08:31,546 [trainer.py] => use_old_data: True
2025-04-08 18:08:31,546 [trainer.py] => use_reweight: True
2025-04-08 18:08:31,546 [trainer.py] => moni_adam: False
2025-04-08 18:08:31,546 [trainer.py] => adapter_num: -1
2025-04-08 18:08:31,546 [trainer.py] => data_type: float32
2025-04-08 18:08:32,220 [data_manager.py] => [2, 3, 0, 4, 5, 6, 7, 1]
2025-04-08 18:08:33,593 [_builder.py] => Loading pretrained weights from Hugging Face hub (timm/vit_base_patch16_224.augreg2_in21k_ft_in1k)
2025-04-08 18:08:38,614 [_hub.py] => [timm/vit_base_patch16_224.augreg2_in21k_ft_in1k] Safe alternative available for 'pytorch_model.bin' (as 'model.safetensors'). Loading weights using safetensors.
2025-04-08 18:08:38,741 [trainer.py] => All params: 90529536
2025-04-08 18:08:38,741 [trainer.py] => Trainable params: 4730880
2025-04-08 18:08:38,766 [ease.py] => Learning on 0-2
2025-04-08 18:34:23,017 [ease.py] => Task 0, Epoch 80/80 => Loss 0.013, Train_accy 100.00
2025-04-08 18:35:18,256 [ease.py] => Task correct: 100.0
2025-04-08 18:35:18,256 [ease.py] => Task acc: 100.0
2025-04-08 18:35:18,285 [trainer.py] => No NME accuracy.
2025-04-08 18:35:18,285 [trainer.py] => CNN: {'total': 100.0, '00-01': 100.0, 'old': 0, 'new': 100.0}
2025-04-08 18:35:18,285 [trainer.py] => CNN top1 curve: [100.0]
2025-04-08 18:35:18,285 [trainer.py] => Average Accuracy (CNN): 100.0 

2025-04-08 18:35:18,286 [trainer.py] => All params: 90534146
2025-04-08 18:35:18,286 [trainer.py] => Trainable params: 4730880
2025-04-08 18:35:18,287 [ease.py] => Learning on 2-4
2025-04-08 19:01:03,921 [ease.py] => Task 1, Epoch 80/80 => Loss 0.079, Train_accy 98.12
2025-04-08 19:02:36,788 [ease.py] => Task correct: 96.25
2025-04-08 19:02:36,788 [ease.py] => Task acc: 96.875
2025-04-08 19:02:36,811 [trainer.py] => No NME accuracy.
2025-04-08 19:02:36,812 [trainer.py] => CNN: {'total': 93.12, '00-01': 98.75, '02-03': 87.5, 'old': 98.75, 'new': 87.5}
2025-04-08 19:02:36,812 [trainer.py] => CNN top1 curve: [100.0, 93.12]
2025-04-08 19:02:36,812 [trainer.py] => Average Accuracy (CNN): 96.56 

2025-04-08 19:02:36,812 [trainer.py] => All params: 90540290
2025-04-08 19:02:36,812 [trainer.py] => Trainable params: 4730880
2025-04-08 19:02:36,813 [ease.py] => Learning on 4-6
2025-04-08 19:28:14,818 [ease.py] => Task 2, Epoch 80/80 => Loss 0.020, Train_accy 99.69
2025-04-08 19:30:08,592 [ease.py] => Task correct: 91.25
2025-04-08 19:30:08,592 [ease.py] => Task acc: 97.5
2025-04-08 19:30:08,621 [trainer.py] => No NME accuracy.
2025-04-08 19:30:08,621 [trainer.py] => CNN: {'total': 90.0, '00-01': 98.75, '02-03': 78.75, '04-05': 92.5, 'old': 88.75, 'new': 92.5}
2025-04-08 19:30:08,621 [trainer.py] => CNN top1 curve: [100.0, 93.12, 90.0]
2025-04-08 19:30:08,622 [trainer.py] => Average Accuracy (CNN): 94.37333333333333 

2025-04-08 19:30:08,622 [trainer.py] => All params: 90549506
2025-04-08 19:30:08,622 [trainer.py] => Trainable params: 4730880
2025-04-08 19:30:08,623 [ease.py] => Learning on 6-8
2025-04-08 19:56:01,983 [ease.py] => Task 3, Epoch 80/80 => Loss 0.018, Train_accy 100.00
2025-04-08 19:58:15,705 [ease.py] => Task correct: 83.75
2025-04-08 19:58:15,705 [ease.py] => Task acc: 98.4375
2025-04-08 19:58:15,738 [trainer.py] => No NME accuracy.
2025-04-08 19:58:15,738 [trainer.py] => CNN: {'total': 83.44, '00-01': 86.25, '02-03': 75.0, '04-05': 90.0, '06-07': 82.5, 'old': 83.75, 'new': 82.5}
2025-04-08 19:58:15,739 [trainer.py] => CNN top1 curve: [100.0, 93.12, 90.0, 83.44]
2025-04-08 19:58:15,739 [trainer.py] => Average Accuracy (CNN): 91.64 

2025-04-10 15:11:06,034 [trainer.py] => config: ./exps/苏大.json
2025-04-10 15:11:06,038 [trainer.py] => prefix:  
2025-04-10 15:11:06,038 [trainer.py] => dataset: suda
2025-04-10 15:11:06,038 [trainer.py] => memory_size: 200
2025-04-10 15:11:06,038 [trainer.py] => memory_per_class: 20
2025-04-10 15:11:06,038 [trainer.py] => fixed_memory: False
2025-04-10 15:11:06,038 [trainer.py] => shuffle: True
2025-04-10 15:11:06,038 [trainer.py] => init_cls: 2
2025-04-10 15:11:06,038 [trainer.py] => increment: 2
2025-04-10 15:11:06,038 [trainer.py] => model_name: ease
2025-04-10 15:11:06,038 [trainer.py] => backbone_type: vit_base_patch16_224_ease
2025-04-10 15:11:06,038 [trainer.py] => device: [device(type='cuda', index=0)]
2025-04-10 15:11:06,038 [trainer.py] => seed: 1993
2025-04-10 15:11:06,038 [trainer.py] => init_epochs: 80
2025-04-10 15:11:06,038 [trainer.py] => init_lr: 0.03
2025-04-10 15:11:06,038 [trainer.py] => later_epochs: 80
2025-04-10 15:11:06,038 [trainer.py] => later_lr: 0.02
2025-04-10 15:11:06,038 [trainer.py] => batch_size: 64
2025-04-10 15:11:06,038 [trainer.py] => weight_decay: 0.0005
2025-04-10 15:11:06,038 [trainer.py] => min_lr: 0
2025-04-10 15:11:06,038 [trainer.py] => optimizer: sgd
2025-04-10 15:11:06,038 [trainer.py] => scheduler: cosine
2025-04-10 15:11:06,038 [trainer.py] => pretrained: True
2025-04-10 15:11:06,038 [trainer.py] => vpt_type: Deep
2025-04-10 15:11:06,038 [trainer.py] => prompt_token_num: 10
2025-04-10 15:11:06,038 [trainer.py] => ffn_num: 256
2025-04-10 15:11:06,038 [trainer.py] => use_diagonal: False
2025-04-10 15:11:06,038 [trainer.py] => recalc_sim: False
2025-04-10 15:11:06,038 [trainer.py] => alpha: 0.5
2025-04-10 15:11:06,038 [trainer.py] => use_init_ptm: True
2025-04-10 15:11:06,038 [trainer.py] => beta: 0.3
2025-04-10 15:11:06,038 [trainer.py] => use_old_data: True
2025-04-10 15:11:06,038 [trainer.py] => use_reweight: True
2025-04-10 15:11:06,039 [trainer.py] => moni_adam: False
2025-04-10 15:11:06,039 [trainer.py] => adapter_num: -1
2025-04-10 15:11:06,039 [trainer.py] => data_type: float32
2025-04-10 15:11:06,722 [data_manager.py] => [2, 3, 0, 4, 5, 6, 7, 1]
2025-04-10 15:11:08,222 [_builder.py] => Loading pretrained weights from Hugging Face hub (timm/vit_base_patch16_224.augreg2_in21k_ft_in1k)
2025-04-10 15:11:13,251 [_hub.py] => [timm/vit_base_patch16_224.augreg2_in21k_ft_in1k] Safe alternative available for 'pytorch_model.bin' (as 'model.safetensors'). Loading weights using safetensors.
2025-04-10 15:11:13,368 [trainer.py] => All params: 90529536
2025-04-10 15:11:13,370 [trainer.py] => Trainable params: 4730880
2025-04-10 15:11:13,391 [ease.py] => Learning on 0-2
2025-04-10 15:41:58,463 [ease.py] => Task 0, Epoch 80/80 => Loss 0.011, Train_accy 100.00
2025-04-10 15:43:08,028 [ease.py] => Task correct: 100.0
2025-04-10 15:43:08,028 [ease.py] => Task acc: 100.0
2025-04-10 15:43:08,065 [trainer.py] => No NME accuracy.
2025-04-10 15:43:08,065 [trainer.py] => CNN: {'total': 100.0, '00-01': 100.0, 'old': 0, 'new': 100.0}
2025-04-10 15:43:08,065 [trainer.py] => CNN top1 curve: [100.0]
2025-04-10 15:43:08,065 [trainer.py] => Average Accuracy (CNN): 100.0 

2025-04-10 15:43:08,065 [trainer.py] => All params: 90534146
2025-04-10 15:43:08,066 [trainer.py] => Trainable params: 4730880
2025-04-10 15:43:08,067 [ease.py] => Learning on 2-4
2025-04-10 16:16:43,229 [ease.py] => Task 1, Epoch 80/80 => Loss 0.073, Train_accy 98.12
2025-04-10 16:18:38,816 [ease.py] => Task correct: 96.25
2025-04-10 16:18:38,816 [ease.py] => Task acc: 96.25
2025-04-10 16:18:38,858 [trainer.py] => No NME accuracy.
2025-04-10 16:18:38,859 [trainer.py] => CNN: {'total': 92.5, '00-01': 98.75, '02-03': 86.25, 'old': 98.75, 'new': 86.25}
2025-04-10 16:18:38,859 [trainer.py] => CNN top1 curve: [100.0, 92.5]
2025-04-10 16:18:38,859 [trainer.py] => Average Accuracy (CNN): 96.25 

2025-04-10 16:18:38,860 [trainer.py] => All params: 90540290
2025-04-10 16:18:38,860 [trainer.py] => Trainable params: 4730880
2025-04-10 16:18:38,861 [ease.py] => Learning on 4-6
2025-04-10 16:54:03,106 [ease.py] => Task 2, Epoch 80/80 => Loss 0.020, Train_accy 100.00
2025-04-10 16:56:23,260 [ease.py] => Task correct: 91.25
2025-04-10 16:56:23,260 [ease.py] => Task acc: 97.5
2025-04-10 16:56:23,292 [trainer.py] => No NME accuracy.
2025-04-10 16:56:23,292 [trainer.py] => CNN: {'total': 90.0, '00-01': 98.75, '02-03': 78.75, '04-05': 92.5, 'old': 88.75, 'new': 92.5}
2025-04-10 16:56:23,292 [trainer.py] => CNN top1 curve: [100.0, 92.5, 90.0]
2025-04-10 16:56:23,292 [trainer.py] => Average Accuracy (CNN): 94.16666666666667 

2025-04-10 16:56:23,292 [trainer.py] => All params: 90549506
2025-04-10 16:56:23,293 [trainer.py] => Trainable params: 4730880
2025-04-10 16:56:23,293 [ease.py] => Learning on 6-8
2025-04-10 17:28:13,540 [ease.py] => Task 3, Epoch 80/80 => Loss 0.020, Train_accy 100.00
2025-04-10 17:31:00,503 [ease.py] => Task correct: 84.375
2025-04-10 17:31:00,504 [ease.py] => Task acc: 98.125
2025-04-10 17:31:00,534 [trainer.py] => No NME accuracy.
2025-04-10 17:31:00,534 [trainer.py] => CNN: {'total': 83.75, '00-01': 87.5, '02-03': 71.25, '04-05': 90.0, '06-07': 86.25, 'old': 82.92, 'new': 86.25}
2025-04-10 17:31:00,534 [trainer.py] => CNN top1 curve: [100.0, 92.5, 90.0, 83.75]
2025-04-10 17:31:00,534 [trainer.py] => Average Accuracy (CNN): 91.5625 

2025-06-10 10:58:19,828 [trainer.py] => config: ./exps/苏大.json
2025-06-10 10:58:19,828 [trainer.py] => prefix:  
2025-06-10 10:58:19,828 [trainer.py] => dataset: suda
2025-06-10 10:58:19,829 [trainer.py] => memory_size: 200
2025-06-10 10:58:19,829 [trainer.py] => memory_per_class: 20
2025-06-10 10:58:19,829 [trainer.py] => fixed_memory: False
2025-06-10 10:58:19,829 [trainer.py] => shuffle: True
2025-06-10 10:58:19,829 [trainer.py] => init_cls: 2
2025-06-10 10:58:19,829 [trainer.py] => increment: 2
2025-06-10 10:58:19,829 [trainer.py] => model_name: ease
2025-06-10 10:58:19,829 [trainer.py] => backbone_type: vit_base_patch16_224_ease
2025-06-10 10:58:19,829 [trainer.py] => device: [device(type='cuda', index=0)]
2025-06-10 10:58:19,829 [trainer.py] => seed: 1993
2025-06-10 10:58:19,829 [trainer.py] => init_epochs: 80
2025-06-10 10:58:19,829 [trainer.py] => init_lr: 0.03
2025-06-10 10:58:19,829 [trainer.py] => later_epochs: 80
2025-06-10 10:58:19,829 [trainer.py] => later_lr: 0.02
2025-06-10 10:58:19,829 [trainer.py] => batch_size: 64
2025-06-10 10:58:19,829 [trainer.py] => weight_decay: 0.0005
2025-06-10 10:58:19,829 [trainer.py] => min_lr: 0
2025-06-10 10:58:19,829 [trainer.py] => optimizer: sgd
2025-06-10 10:58:19,829 [trainer.py] => scheduler: cosine
2025-06-10 10:58:19,829 [trainer.py] => pretrained: True
2025-06-10 10:58:19,829 [trainer.py] => vpt_type: Deep
2025-06-10 10:58:19,829 [trainer.py] => prompt_token_num: 10
2025-06-10 10:58:19,829 [trainer.py] => ffn_num: 256
2025-06-10 10:58:19,829 [trainer.py] => use_diagonal: False
2025-06-10 10:58:19,829 [trainer.py] => recalc_sim: False
2025-06-10 10:58:19,829 [trainer.py] => alpha: 0.5
2025-06-10 10:58:19,829 [trainer.py] => use_init_ptm: True
2025-06-10 10:58:19,829 [trainer.py] => beta: 0.3
2025-06-10 10:58:19,829 [trainer.py] => use_old_data: True
2025-06-10 10:58:19,829 [trainer.py] => use_reweight: True
2025-06-10 10:58:19,829 [trainer.py] => moni_adam: False
2025-06-10 10:58:19,829 [trainer.py] => adapter_num: -1
2025-06-10 10:58:19,829 [trainer.py] => data_type: float32
2025-06-10 10:58:20,635 [data_manager.py] => [2, 3, 0, 4, 5, 6, 7, 1]
2025-06-10 10:58:22,105 [_builder.py] => Loading pretrained weights from Hugging Face hub (timm/vit_base_patch16_224.augreg2_in21k_ft_in1k)
2025-06-10 10:58:22,486 [_hub.py] => [timm/vit_base_patch16_224.augreg2_in21k_ft_in1k] Safe alternative available for 'pytorch_model.bin' (as 'model.safetensors'). Loading weights using safetensors.
2025-06-10 10:58:22,611 [trainer.py] => All params: 90529536
2025-06-10 10:58:22,611 [trainer.py] => Trainable params: 4730880
2025-06-10 10:58:22,636 [ease.py] => Learning on 0-2
2025-06-10 11:24:32,609 [ease.py] => Task 0, Epoch 80/80 => Loss 0.011, Train_accy 100.00
2025-06-10 11:25:28,768 [ease.py] => Task correct: 100.0
2025-06-10 11:25:28,768 [ease.py] => Task acc: 100.0
2025-06-10 11:25:28,792 [trainer.py] => No NME accuracy.
2025-06-10 11:25:28,792 [trainer.py] => CNN: {'total': 100.0, '00-01': 100.0, 'old': 0, 'new': 100.0}
2025-06-10 11:25:28,792 [trainer.py] => CNN top1 curve: [100.0]
2025-06-10 11:25:28,793 [trainer.py] => Average Accuracy (CNN): 100.0 

2025-06-10 11:25:28,793 [trainer.py] => All params: 90534146
2025-06-10 11:25:28,793 [trainer.py] => Trainable params: 4730880
2025-06-10 11:25:28,794 [ease.py] => Learning on 2-4
2025-06-10 11:55:20,651 [ease.py] => Task 1, Epoch 80/80 => Loss 0.073, Train_accy 98.12
2025-06-10 11:57:06,522 [ease.py] => Task correct: 96.25
2025-06-10 11:57:06,522 [ease.py] => Task acc: 96.25
2025-06-10 11:57:06,559 [trainer.py] => No NME accuracy.
2025-06-10 11:57:06,559 [trainer.py] => CNN: {'total': 92.5, '00-01': 98.75, '02-03': 86.25, 'old': 98.75, 'new': 86.25}
2025-06-10 11:57:06,559 [trainer.py] => CNN top1 curve: [100.0, 92.5]
2025-06-10 11:57:06,559 [trainer.py] => Average Accuracy (CNN): 96.25 

2025-06-10 11:57:06,560 [trainer.py] => All params: 90540290
2025-06-10 11:57:06,561 [trainer.py] => Trainable params: 4730880
2025-06-10 11:57:06,561 [ease.py] => Learning on 4-6
2025-06-10 12:28:05,828 [ease.py] => Task 2, Epoch 80/80 => Loss 0.020, Train_accy 100.00
2025-06-10 12:30:18,523 [ease.py] => Task correct: 91.25
2025-06-10 12:30:18,523 [ease.py] => Task acc: 97.5
2025-06-10 12:30:18,550 [trainer.py] => No NME accuracy.
2025-06-10 12:30:18,551 [trainer.py] => CNN: {'total': 90.0, '00-01': 98.75, '02-03': 78.75, '04-05': 92.5, 'old': 88.75, 'new': 92.5}
2025-06-10 12:30:18,551 [trainer.py] => CNN top1 curve: [100.0, 92.5, 90.0]
2025-06-10 12:30:18,551 [trainer.py] => Average Accuracy (CNN): 94.16666666666667 

2025-06-10 12:30:18,551 [trainer.py] => All params: 90549506
2025-06-10 12:30:18,552 [trainer.py] => Trainable params: 4730880
2025-06-10 12:30:18,552 [ease.py] => Learning on 6-8
2025-06-10 13:01:21,595 [ease.py] => Task 3, Epoch 80/80 => Loss 0.020, Train_accy 100.00
2025-06-10 13:03:50,794 [ease.py] => Task correct: 84.375
2025-06-10 13:03:50,794 [ease.py] => Task acc: 98.125
2025-06-10 13:03:50,836 [trainer.py] => No NME accuracy.
2025-06-10 13:03:50,836 [trainer.py] => CNN: {'total': 83.75, '00-01': 87.5, '02-03': 71.25, '04-05': 90.0, '06-07': 86.25, 'old': 82.92, 'new': 86.25}
2025-06-10 13:03:50,836 [trainer.py] => CNN top1 curve: [100.0, 92.5, 90.0, 83.75]
2025-06-10 13:03:50,836 [trainer.py] => Average Accuracy (CNN): 91.5625 

