2026-01-05 15:04:23,964 [trainer.py] => config: ./exps/北交+电梯.json
2026-01-05 15:04:23,965 [trainer.py] => prefix:  
2026-01-05 15:04:23,965 [trainer.py] => dataset: dianti
2026-01-05 15:04:23,965 [trainer.py] => memory_size: 0
2026-01-05 15:04:23,965 [trainer.py] => memory_per_class: 0
2026-01-05 15:04:23,965 [trainer.py] => fixed_memory: False
2026-01-05 15:04:23,965 [trainer.py] => shuffle: True
2026-01-05 15:04:23,965 [trainer.py] => init_cls: 5
2026-01-05 15:04:23,965 [trainer.py] => increment: 1
2026-01-05 15:04:23,965 [trainer.py] => model_name: ease
2026-01-05 15:04:23,965 [trainer.py] => backbone_type: vit_base_patch16_224_ease
2026-01-05 15:04:23,965 [trainer.py] => device: [device(type='cuda', index=0)]
2026-01-05 15:04:23,965 [trainer.py] => seed: 1993
2026-01-05 15:04:23,965 [trainer.py] => init_epochs: 1
2026-01-05 15:04:23,965 [trainer.py] => init_lr: 0.001
2026-01-05 15:04:23,965 [trainer.py] => later_epochs: 1
2026-01-05 15:04:23,965 [trainer.py] => later_lr: 0.001
2026-01-05 15:04:23,965 [trainer.py] => batch_size: 32
2026-01-05 15:04:23,965 [trainer.py] => weight_decay: 0.0001
2026-01-05 15:04:23,965 [trainer.py] => min_lr: 1e-06
2026-01-05 15:04:23,965 [trainer.py] => optimizer: adamw
2026-01-05 15:04:23,965 [trainer.py] => scheduler: cosine
2026-01-05 15:04:23,965 [trainer.py] => pretrained: True
2026-01-05 15:04:23,965 [trainer.py] => vpt_type: Deep
2026-01-05 15:04:23,966 [trainer.py] => prompt_token_num: 5
2026-01-05 15:04:23,966 [trainer.py] => ffn_num: 128
2026-01-05 15:04:23,966 [trainer.py] => use_diagonal: False
2026-01-05 15:04:23,966 [trainer.py] => recalc_sim: True
2026-01-05 15:04:23,966 [trainer.py] => alpha: 0.1
2026-01-05 15:04:23,966 [trainer.py] => use_init_ptm: False
2026-01-05 15:04:23,966 [trainer.py] => beta: 0
2026-01-05 15:04:23,966 [trainer.py] => use_old_data: False
2026-01-05 15:04:23,966 [trainer.py] => use_reweight: True
2026-01-05 15:04:23,966 [trainer.py] => moni_adam: False
2026-01-05 15:04:23,966 [trainer.py] => adapter_num: -1
2026-01-05 15:04:23,966 [trainer.py] => data_type: float32
2026-01-05 15:04:23,966 [data.py] => 正在加载数据: G:\项目\EASE-（一凑二）（北交大+电梯）\data\合并数据（北交大5类+电梯4类）.npy
2026-01-05 15:04:26,371 [data.py] => 数据处理完成，总样本数: 3600, 形状: (3600, 3, 224, 224)
2026-01-05 15:04:27,166 [data_manager.py] => [4, 2, 5, 0, 3, 6, 7, 8, 1]
2026-01-05 15:04:29,170 [_builder.py] => Loading pretrained weights from Hugging Face hub (timm/vit_base_patch16_224.augreg2_in21k_ft_in1k)
2026-01-05 15:04:39,204 [_hub.py] => [timm/vit_base_patch16_224.augreg2_in21k_ft_in1k] Safe alternative available for 'pytorch_model.bin' (as 'model.safetensors'). Loading weights using safetensors.
2026-01-05 15:04:39,704 [trainer.py] => All params: 88168704
2026-01-05 15:04:39,705 [trainer.py] => Trainable params: 2370048
2026-01-05 15:04:39,750 [ease.py] => Learning on 0-5
2026-01-05 15:05:58,649 [trainer.py] => config: ./exps/北交+电梯.json
2026-01-05 15:05:58,649 [trainer.py] => prefix:  
2026-01-05 15:05:58,649 [trainer.py] => dataset: dianti
2026-01-05 15:05:58,649 [trainer.py] => memory_size: 0
2026-01-05 15:05:58,649 [trainer.py] => memory_per_class: 0
2026-01-05 15:05:58,649 [trainer.py] => fixed_memory: False
2026-01-05 15:05:58,650 [trainer.py] => shuffle: True
2026-01-05 15:05:58,650 [trainer.py] => init_cls: 5
2026-01-05 15:05:58,650 [trainer.py] => increment: 1
2026-01-05 15:05:58,650 [trainer.py] => model_name: ease
2026-01-05 15:05:58,650 [trainer.py] => backbone_type: vit_base_patch16_224_ease
2026-01-05 15:05:58,650 [trainer.py] => device: [device(type='cuda', index=0)]
2026-01-05 15:05:58,650 [trainer.py] => seed: 1993
2026-01-05 15:05:58,650 [trainer.py] => init_epochs: 1
2026-01-05 15:05:58,650 [trainer.py] => init_lr: 0.001
2026-01-05 15:05:58,650 [trainer.py] => later_epochs: 1
2026-01-05 15:05:58,650 [trainer.py] => later_lr: 0.001
2026-01-05 15:05:58,650 [trainer.py] => batch_size: 16
2026-01-05 15:05:58,650 [trainer.py] => weight_decay: 0.0001
2026-01-05 15:05:58,650 [trainer.py] => min_lr: 1e-06
2026-01-05 15:05:58,651 [trainer.py] => optimizer: adamw
2026-01-05 15:05:58,651 [trainer.py] => scheduler: cosine
2026-01-05 15:05:58,651 [trainer.py] => pretrained: True
2026-01-05 15:05:58,651 [trainer.py] => vpt_type: Deep
2026-01-05 15:05:58,651 [trainer.py] => prompt_token_num: 5
2026-01-05 15:05:58,651 [trainer.py] => ffn_num: 128
2026-01-05 15:05:58,651 [trainer.py] => use_diagonal: False
2026-01-05 15:05:58,651 [trainer.py] => recalc_sim: True
2026-01-05 15:05:58,651 [trainer.py] => alpha: 0.1
2026-01-05 15:05:58,651 [trainer.py] => use_init_ptm: False
2026-01-05 15:05:58,651 [trainer.py] => beta: 0
2026-01-05 15:05:58,651 [trainer.py] => use_old_data: False
2026-01-05 15:05:58,651 [trainer.py] => use_reweight: True
2026-01-05 15:05:58,651 [trainer.py] => moni_adam: False
2026-01-05 15:05:58,651 [trainer.py] => adapter_num: -1
2026-01-05 15:05:58,651 [trainer.py] => data_type: float32
2026-01-05 15:05:58,651 [data.py] => 正在加载数据: G:\项目\EASE-（一凑二）（北交大+电梯）\data\合并数据（北交大5类+电梯4类）.npy
2026-01-05 15:06:00,564 [data.py] => 数据处理完成，总样本数: 3600, 形状: (3600, 3, 224, 224)
2026-01-05 15:06:01,117 [data_manager.py] => [4, 2, 5, 0, 3, 6, 7, 8, 1]
2026-01-05 15:06:03,019 [_builder.py] => Loading pretrained weights from Hugging Face hub (timm/vit_base_patch16_224.augreg2_in21k_ft_in1k)
2026-01-05 15:06:13,039 [_hub.py] => [timm/vit_base_patch16_224.augreg2_in21k_ft_in1k] Safe alternative available for 'pytorch_model.bin' (as 'model.safetensors'). Loading weights using safetensors.
2026-01-05 15:06:13,113 [trainer.py] => All params: 88168704
2026-01-05 15:06:13,114 [trainer.py] => Trainable params: 2370048
2026-01-05 15:06:13,151 [ease.py] => Learning on 0-5
2026-01-05 15:07:37,706 [trainer.py] => config: ./exps/北交+电梯.json
2026-01-05 15:07:37,707 [trainer.py] => prefix:  
2026-01-05 15:07:37,707 [trainer.py] => dataset: dianti
2026-01-05 15:07:37,707 [trainer.py] => memory_size: 0
2026-01-05 15:07:37,707 [trainer.py] => memory_per_class: 0
2026-01-05 15:07:37,707 [trainer.py] => fixed_memory: False
2026-01-05 15:07:37,707 [trainer.py] => shuffle: True
2026-01-05 15:07:37,707 [trainer.py] => init_cls: 5
2026-01-05 15:07:37,707 [trainer.py] => increment: 1
2026-01-05 15:07:37,707 [trainer.py] => model_name: ease
2026-01-05 15:07:37,707 [trainer.py] => backbone_type: vit_base_patch16_224_ease
2026-01-05 15:07:37,707 [trainer.py] => device: [device(type='cuda', index=0)]
2026-01-05 15:07:37,707 [trainer.py] => seed: 1993
2026-01-05 15:07:37,707 [trainer.py] => init_epochs: 1
2026-01-05 15:07:37,707 [trainer.py] => init_lr: 0.001
2026-01-05 15:07:37,707 [trainer.py] => later_epochs: 1
2026-01-05 15:07:37,707 [trainer.py] => later_lr: 0.001
2026-01-05 15:07:37,707 [trainer.py] => batch_size: 16
2026-01-05 15:07:37,707 [trainer.py] => weight_decay: 0.0001
2026-01-05 15:07:37,707 [trainer.py] => min_lr: 1e-06
2026-01-05 15:07:37,707 [trainer.py] => optimizer: adamw
2026-01-05 15:07:37,707 [trainer.py] => scheduler: cosine
2026-01-05 15:07:37,707 [trainer.py] => pretrained: True
2026-01-05 15:07:37,707 [trainer.py] => vpt_type: Deep
2026-01-05 15:07:37,707 [trainer.py] => prompt_token_num: 5
2026-01-05 15:07:37,707 [trainer.py] => ffn_num: 128
2026-01-05 15:07:37,707 [trainer.py] => use_diagonal: False
2026-01-05 15:07:37,707 [trainer.py] => recalc_sim: True
2026-01-05 15:07:37,707 [trainer.py] => alpha: 0.1
2026-01-05 15:07:37,707 [trainer.py] => use_init_ptm: False
2026-01-05 15:07:37,707 [trainer.py] => beta: 0
2026-01-05 15:07:37,707 [trainer.py] => use_old_data: False
2026-01-05 15:07:37,707 [trainer.py] => use_reweight: True
2026-01-05 15:07:37,707 [trainer.py] => moni_adam: False
2026-01-05 15:07:37,707 [trainer.py] => adapter_num: -1
2026-01-05 15:07:37,707 [trainer.py] => data_type: float32
2026-01-05 15:07:37,707 [data.py] => 正在加载数据: G:\项目\EASE-（一凑二）（北交大+电梯）\data\合并数据（北交大5类+电梯4类）.npy
2026-01-05 15:07:39,550 [data.py] => 数据处理完成，总样本数: 3600, 形状: (3600, 3, 224, 224)
2026-01-05 15:07:39,908 [data_manager.py] => [4, 2, 5, 0, 3, 6, 7, 8, 1]
2026-01-05 15:07:41,598 [_builder.py] => Loading pretrained weights from Hugging Face hub (timm/vit_base_patch16_224.augreg2_in21k_ft_in1k)
2026-01-05 15:07:51,622 [_hub.py] => [timm/vit_base_patch16_224.augreg2_in21k_ft_in1k] Safe alternative available for 'pytorch_model.bin' (as 'model.safetensors'). Loading weights using safetensors.
2026-01-05 15:07:51,697 [trainer.py] => All params: 88168704
2026-01-05 15:07:51,698 [trainer.py] => Trainable params: 2370048
2026-01-05 15:07:51,743 [ease.py] => Learning on 0-5
2026-01-05 15:09:51,991 [trainer.py] => config: ./exps/北交+电梯.json
2026-01-05 15:09:51,991 [trainer.py] => prefix:  
2026-01-05 15:09:51,991 [trainer.py] => dataset: dianti
2026-01-05 15:09:51,991 [trainer.py] => memory_size: 0
2026-01-05 15:09:51,991 [trainer.py] => memory_per_class: 0
2026-01-05 15:09:51,991 [trainer.py] => fixed_memory: False
2026-01-05 15:09:51,991 [trainer.py] => shuffle: True
2026-01-05 15:09:51,991 [trainer.py] => init_cls: 5
2026-01-05 15:09:51,991 [trainer.py] => increment: 1
2026-01-05 15:09:51,991 [trainer.py] => model_name: ease
2026-01-05 15:09:51,991 [trainer.py] => backbone_type: vit_base_patch16_224_ease
2026-01-05 15:09:51,991 [trainer.py] => device: [device(type='cuda', index=0)]
2026-01-05 15:09:51,991 [trainer.py] => seed: 1993
2026-01-05 15:09:51,991 [trainer.py] => init_epochs: 1
2026-01-05 15:09:51,991 [trainer.py] => init_lr: 0.001
2026-01-05 15:09:51,991 [trainer.py] => later_epochs: 1
2026-01-05 15:09:51,991 [trainer.py] => later_lr: 0.001
2026-01-05 15:09:51,991 [trainer.py] => batch_size: 16
2026-01-05 15:09:51,991 [trainer.py] => weight_decay: 0.0001
2026-01-05 15:09:51,991 [trainer.py] => min_lr: 1e-06
2026-01-05 15:09:51,991 [trainer.py] => optimizer: adamw
2026-01-05 15:09:51,991 [trainer.py] => scheduler: cosine
2026-01-05 15:09:51,991 [trainer.py] => pretrained: True
2026-01-05 15:09:51,991 [trainer.py] => vpt_type: Deep
2026-01-05 15:09:51,991 [trainer.py] => prompt_token_num: 5
2026-01-05 15:09:51,991 [trainer.py] => ffn_num: 128
2026-01-05 15:09:51,991 [trainer.py] => use_diagonal: False
2026-01-05 15:09:51,991 [trainer.py] => recalc_sim: True
2026-01-05 15:09:51,991 [trainer.py] => alpha: 0.1
2026-01-05 15:09:51,991 [trainer.py] => use_init_ptm: False
2026-01-05 15:09:51,991 [trainer.py] => beta: 0
2026-01-05 15:09:51,991 [trainer.py] => use_old_data: False
2026-01-05 15:09:51,991 [trainer.py] => use_reweight: True
2026-01-05 15:09:51,991 [trainer.py] => moni_adam: False
2026-01-05 15:09:51,991 [trainer.py] => adapter_num: -1
2026-01-05 15:09:51,991 [trainer.py] => data_type: float32
2026-01-05 15:09:51,992 [data.py] => 正在加载数据: G:\项目\EASE-（一凑二）（北交大+电梯）\data\合并数据（北交大5类+电梯4类）.npy
2026-01-05 15:09:53,897 [data.py] => 数据处理完成，总样本数: 3600, 形状: (3600, 3, 224, 224)
2026-01-05 15:09:54,264 [data_manager.py] => [4, 2, 5, 0, 3, 6, 7, 8, 1]
2026-01-05 15:09:56,014 [_builder.py] => Loading pretrained weights from Hugging Face hub (timm/vit_base_patch16_224.augreg2_in21k_ft_in1k)
2026-01-05 15:10:06,029 [_hub.py] => [timm/vit_base_patch16_224.augreg2_in21k_ft_in1k] Safe alternative available for 'pytorch_model.bin' (as 'model.safetensors'). Loading weights using safetensors.
2026-01-05 15:10:06,738 [trainer.py] => All params: 88168704
2026-01-05 15:10:06,739 [trainer.py] => Trainable params: 2370048
2026-01-05 15:10:06,791 [ease.py] => Learning on 0-5
2026-01-05 15:13:19,176 [trainer.py] => config: ./exps/北交+电梯.json
2026-01-05 15:13:19,177 [trainer.py] => prefix:  
2026-01-05 15:13:19,177 [trainer.py] => dataset: dianti
2026-01-05 15:13:19,177 [trainer.py] => memory_size: 0
2026-01-05 15:13:19,177 [trainer.py] => memory_per_class: 0
2026-01-05 15:13:19,177 [trainer.py] => fixed_memory: False
2026-01-05 15:13:19,177 [trainer.py] => shuffle: True
2026-01-05 15:13:19,177 [trainer.py] => init_cls: 5
2026-01-05 15:13:19,177 [trainer.py] => increment: 1
2026-01-05 15:13:19,177 [trainer.py] => model_name: ease
2026-01-05 15:13:19,177 [trainer.py] => backbone_type: vit_base_patch16_224_ease
2026-01-05 15:13:19,177 [trainer.py] => device: [device(type='cuda', index=0)]
2026-01-05 15:13:19,177 [trainer.py] => seed: 1993
2026-01-05 15:13:19,177 [trainer.py] => init_epochs: 1
2026-01-05 15:13:19,177 [trainer.py] => init_lr: 0.001
2026-01-05 15:13:19,177 [trainer.py] => later_epochs: 1
2026-01-05 15:13:19,177 [trainer.py] => later_lr: 0.001
2026-01-05 15:13:19,177 [trainer.py] => batch_size: 16
2026-01-05 15:13:19,177 [trainer.py] => weight_decay: 0.0001
2026-01-05 15:13:19,177 [trainer.py] => min_lr: 1e-06
2026-01-05 15:13:19,177 [trainer.py] => optimizer: adamw
2026-01-05 15:13:19,177 [trainer.py] => scheduler: cosine
2026-01-05 15:13:19,177 [trainer.py] => pretrained: True
2026-01-05 15:13:19,177 [trainer.py] => vpt_type: Deep
2026-01-05 15:13:19,177 [trainer.py] => prompt_token_num: 5
2026-01-05 15:13:19,177 [trainer.py] => ffn_num: 128
2026-01-05 15:13:19,177 [trainer.py] => use_diagonal: False
2026-01-05 15:13:19,177 [trainer.py] => recalc_sim: True
2026-01-05 15:13:19,177 [trainer.py] => alpha: 0.1
2026-01-05 15:13:19,177 [trainer.py] => use_init_ptm: False
2026-01-05 15:13:19,177 [trainer.py] => beta: 0
2026-01-05 15:13:19,177 [trainer.py] => use_old_data: False
2026-01-05 15:13:19,178 [trainer.py] => use_reweight: True
2026-01-05 15:13:19,178 [trainer.py] => moni_adam: False
2026-01-05 15:13:19,178 [trainer.py] => adapter_num: -1
2026-01-05 15:13:19,178 [trainer.py] => data_type: float32
2026-01-05 15:13:19,178 [data.py] => 正在加载数据: G:\项目\EASE-（一凑二）（北交大+电梯）\data\合并数据（北交大5类+电梯4类）.npy
2026-01-05 15:13:21,059 [data.py] => 数据处理完成，总样本数: 3600, 形状: (3600, 3, 224, 224)
2026-01-05 15:13:21,442 [data_manager.py] => [4, 2, 5, 0, 3, 6, 7, 8, 1]
2026-01-05 15:13:23,641 [_builder.py] => Loading pretrained weights from Hugging Face hub (timm/vit_base_patch16_224.augreg2_in21k_ft_in1k)
2026-01-05 15:13:43,953 [trainer.py] => config: ./exps/北交+电梯.json
2026-01-05 15:13:43,954 [trainer.py] => prefix:  
2026-01-05 15:13:43,954 [trainer.py] => dataset: dianti
2026-01-05 15:13:43,954 [trainer.py] => memory_size: 0
2026-01-05 15:13:43,954 [trainer.py] => memory_per_class: 0
2026-01-05 15:13:43,954 [trainer.py] => fixed_memory: False
2026-01-05 15:13:43,954 [trainer.py] => shuffle: True
2026-01-05 15:13:43,954 [trainer.py] => init_cls: 5
2026-01-05 15:13:43,954 [trainer.py] => increment: 1
2026-01-05 15:13:43,954 [trainer.py] => model_name: ease
2026-01-05 15:13:43,954 [trainer.py] => backbone_type: vit_base_patch16_224_ease
2026-01-05 15:13:43,954 [trainer.py] => device: [device(type='cuda', index=0)]
2026-01-05 15:13:43,954 [trainer.py] => seed: 1993
2026-01-05 15:13:43,954 [trainer.py] => init_epochs: 1
2026-01-05 15:13:43,954 [trainer.py] => init_lr: 0.001
2026-01-05 15:13:43,954 [trainer.py] => later_epochs: 1
2026-01-05 15:13:43,954 [trainer.py] => later_lr: 0.001
2026-01-05 15:13:43,954 [trainer.py] => batch_size: 16
2026-01-05 15:13:43,954 [trainer.py] => weight_decay: 0.0001
2026-01-05 15:13:43,954 [trainer.py] => min_lr: 1e-06
2026-01-05 15:13:43,954 [trainer.py] => optimizer: adamw
2026-01-05 15:13:43,954 [trainer.py] => scheduler: cosine
2026-01-05 15:13:43,954 [trainer.py] => pretrained: True
2026-01-05 15:13:43,954 [trainer.py] => vpt_type: Deep
2026-01-05 15:13:43,954 [trainer.py] => prompt_token_num: 5
2026-01-05 15:13:43,954 [trainer.py] => ffn_num: 128
2026-01-05 15:13:43,954 [trainer.py] => use_diagonal: False
2026-01-05 15:13:43,954 [trainer.py] => recalc_sim: True
2026-01-05 15:13:43,954 [trainer.py] => alpha: 0.1
2026-01-05 15:13:43,954 [trainer.py] => use_init_ptm: False
2026-01-05 15:13:43,954 [trainer.py] => beta: 0
2026-01-05 15:13:43,954 [trainer.py] => use_old_data: False
2026-01-05 15:13:43,954 [trainer.py] => use_reweight: True
2026-01-05 15:13:43,955 [trainer.py] => moni_adam: False
2026-01-05 15:13:43,955 [trainer.py] => adapter_num: -1
2026-01-05 15:13:43,955 [trainer.py] => data_type: float32
2026-01-05 15:13:43,955 [data.py] => 正在加载数据: G:\项目\EASE-（一凑二）（北交大+电梯）\data\合并数据（北交大5类+电梯4类）.npy
2026-01-05 15:13:45,841 [data.py] => 数据处理完成，总样本数: 3600, 形状: (3600, 3, 224, 224)
2026-01-05 15:13:46,219 [data_manager.py] => [4, 2, 5, 0, 3, 6, 7, 8, 1]
2026-01-05 15:13:47,907 [_builder.py] => Loading pretrained weights from Hugging Face hub (timm/vit_base_patch16_224.augreg2_in21k_ft_in1k)
2026-01-05 15:13:57,929 [_hub.py] => [timm/vit_base_patch16_224.augreg2_in21k_ft_in1k] Safe alternative available for 'pytorch_model.bin' (as 'model.safetensors'). Loading weights using safetensors.
2026-01-05 15:13:58,007 [trainer.py] => All params: 88168704
2026-01-05 15:13:58,008 [trainer.py] => Trainable params: 2370048
2026-01-05 15:13:58,046 [ease.py] => Learning on 0-5
2026-01-05 15:14:54,156 [trainer.py] => config: ./exps/北交+电梯.json
2026-01-05 15:14:54,156 [trainer.py] => prefix:  
2026-01-05 15:14:54,156 [trainer.py] => dataset: dianti
2026-01-05 15:14:54,156 [trainer.py] => memory_size: 0
2026-01-05 15:14:54,156 [trainer.py] => memory_per_class: 0
2026-01-05 15:14:54,156 [trainer.py] => fixed_memory: False
2026-01-05 15:14:54,156 [trainer.py] => shuffle: True
2026-01-05 15:14:54,156 [trainer.py] => init_cls: 5
2026-01-05 15:14:54,157 [trainer.py] => increment: 1
2026-01-05 15:14:54,157 [trainer.py] => model_name: ease
2026-01-05 15:14:54,157 [trainer.py] => backbone_type: vit_base_patch16_224_ease
2026-01-05 15:14:54,157 [trainer.py] => device: [device(type='cuda', index=0)]
2026-01-05 15:14:54,157 [trainer.py] => seed: 1993
2026-01-05 15:14:54,157 [trainer.py] => init_epochs: 1
2026-01-05 15:14:54,157 [trainer.py] => init_lr: 0.001
2026-01-05 15:14:54,157 [trainer.py] => later_epochs: 1
2026-01-05 15:14:54,157 [trainer.py] => later_lr: 0.001
2026-01-05 15:14:54,157 [trainer.py] => batch_size: 16
2026-01-05 15:14:54,157 [trainer.py] => weight_decay: 0.0001
2026-01-05 15:14:54,157 [trainer.py] => min_lr: 1e-06
2026-01-05 15:14:54,157 [trainer.py] => optimizer: adamw
2026-01-05 15:14:54,157 [trainer.py] => scheduler: cosine
2026-01-05 15:14:54,157 [trainer.py] => pretrained: True
2026-01-05 15:14:54,157 [trainer.py] => vpt_type: Deep
2026-01-05 15:14:54,157 [trainer.py] => prompt_token_num: 5
2026-01-05 15:14:54,157 [trainer.py] => ffn_num: 128
2026-01-05 15:14:54,157 [trainer.py] => use_diagonal: False
2026-01-05 15:14:54,157 [trainer.py] => recalc_sim: True
2026-01-05 15:14:54,157 [trainer.py] => alpha: 0.1
2026-01-05 15:14:54,157 [trainer.py] => use_init_ptm: False
2026-01-05 15:14:54,157 [trainer.py] => beta: 0
2026-01-05 15:14:54,157 [trainer.py] => use_old_data: False
2026-01-05 15:14:54,157 [trainer.py] => use_reweight: True
2026-01-05 15:14:54,157 [trainer.py] => moni_adam: False
2026-01-05 15:14:54,157 [trainer.py] => adapter_num: -1
2026-01-05 15:14:54,157 [trainer.py] => data_type: float32
2026-01-05 15:14:54,157 [data.py] => 正在加载数据: G:\项目\EASE-（一凑二）（北交大+电梯）\data\合并数据（北交大5类+电梯4类）.npy
2026-01-05 15:14:55,198 [data.py] => 数据优化完成，内存占用大幅降低。形状: (3600, 224, 224, 3), 类型: uint8
2026-01-05 15:14:55,290 [data_manager.py] => [4, 2, 5, 0, 3, 6, 7, 8, 1]
2026-01-05 15:14:56,980 [_builder.py] => Loading pretrained weights from Hugging Face hub (timm/vit_base_patch16_224.augreg2_in21k_ft_in1k)
2026-01-05 15:15:07,004 [_hub.py] => [timm/vit_base_patch16_224.augreg2_in21k_ft_in1k] Safe alternative available for 'pytorch_model.bin' (as 'model.safetensors'). Loading weights using safetensors.
2026-01-05 15:15:07,079 [trainer.py] => All params: 88168704
2026-01-05 15:15:07,079 [trainer.py] => Trainable params: 2370048
2026-01-05 15:15:07,123 [ease.py] => Learning on 0-5
2026-01-05 15:18:15,847 [trainer.py] => config: ./exps/北交+电梯.json
2026-01-05 15:18:15,848 [trainer.py] => prefix:  
2026-01-05 15:18:15,848 [trainer.py] => dataset: dianti
2026-01-05 15:18:15,848 [trainer.py] => memory_size: 0
2026-01-05 15:18:15,848 [trainer.py] => memory_per_class: 0
2026-01-05 15:18:15,848 [trainer.py] => fixed_memory: False
2026-01-05 15:18:15,848 [trainer.py] => shuffle: True
2026-01-05 15:18:15,848 [trainer.py] => init_cls: 5
2026-01-05 15:18:15,848 [trainer.py] => increment: 1
2026-01-05 15:18:15,848 [trainer.py] => model_name: ease
2026-01-05 15:18:15,848 [trainer.py] => backbone_type: vit_base_patch16_224_ease
2026-01-05 15:18:15,848 [trainer.py] => device: [device(type='cuda', index=0)]
2026-01-05 15:18:15,848 [trainer.py] => seed: 1993
2026-01-05 15:18:15,848 [trainer.py] => init_epochs: 1
2026-01-05 15:18:15,849 [trainer.py] => init_lr: 0.001
2026-01-05 15:18:15,849 [trainer.py] => later_epochs: 1
2026-01-05 15:18:15,849 [trainer.py] => later_lr: 0.001
2026-01-05 15:18:15,849 [trainer.py] => batch_size: 16
2026-01-05 15:18:15,849 [trainer.py] => weight_decay: 0.0001
2026-01-05 15:18:15,849 [trainer.py] => min_lr: 1e-06
2026-01-05 15:18:15,849 [trainer.py] => optimizer: adamw
2026-01-05 15:18:15,849 [trainer.py] => scheduler: cosine
2026-01-05 15:18:15,849 [trainer.py] => pretrained: True
2026-01-05 15:18:15,849 [trainer.py] => vpt_type: Deep
2026-01-05 15:18:15,849 [trainer.py] => prompt_token_num: 5
2026-01-05 15:18:15,849 [trainer.py] => ffn_num: 128
2026-01-05 15:18:15,849 [trainer.py] => use_diagonal: False
2026-01-05 15:18:15,849 [trainer.py] => recalc_sim: True
2026-01-05 15:18:15,849 [trainer.py] => alpha: 0.1
2026-01-05 15:18:15,849 [trainer.py] => use_init_ptm: False
2026-01-05 15:18:15,849 [trainer.py] => beta: 0
2026-01-05 15:18:15,849 [trainer.py] => use_old_data: False
2026-01-05 15:18:15,849 [trainer.py] => use_reweight: True
2026-01-05 15:18:15,849 [trainer.py] => moni_adam: False
2026-01-05 15:18:15,849 [trainer.py] => adapter_num: -1
2026-01-05 15:18:15,849 [trainer.py] => data_type: float32
2026-01-05 15:18:15,849 [data.py] => 正在加载数据: G:\项目\EASE-（一凑二）（北交大+电梯）\data\合并数据（北交大5类+电梯4类）.npy
2026-01-05 15:18:16,877 [data.py] => 数据生成形状: (3600, 224, 224, 3), 类型: uint8
2026-01-05 15:18:16,970 [data_manager.py] => [4, 2, 5, 0, 3, 6, 7, 8, 1]
2026-01-05 15:18:18,640 [_builder.py] => Loading pretrained weights from Hugging Face hub (timm/vit_base_patch16_224.augreg2_in21k_ft_in1k)
2026-01-05 15:18:28,657 [_hub.py] => [timm/vit_base_patch16_224.augreg2_in21k_ft_in1k] Safe alternative available for 'pytorch_model.bin' (as 'model.safetensors'). Loading weights using safetensors.
2026-01-05 15:18:28,731 [trainer.py] => All params: 88168704
2026-01-05 15:18:28,731 [trainer.py] => Trainable params: 2370048
2026-01-05 15:18:28,771 [ease.py] => Learning on 0-5
2026-01-05 15:19:39,703 [trainer.py] => config: ./exps/北交+电梯.json
2026-01-05 15:19:39,703 [trainer.py] => prefix:  
2026-01-05 15:19:39,703 [trainer.py] => dataset: dianti
2026-01-05 15:19:39,704 [trainer.py] => memory_size: 0
2026-01-05 15:19:39,704 [trainer.py] => memory_per_class: 0
2026-01-05 15:19:39,704 [trainer.py] => fixed_memory: False
2026-01-05 15:19:39,704 [trainer.py] => shuffle: True
2026-01-05 15:19:39,704 [trainer.py] => init_cls: 5
2026-01-05 15:19:39,704 [trainer.py] => increment: 1
2026-01-05 15:19:39,704 [trainer.py] => model_name: ease
2026-01-05 15:19:39,704 [trainer.py] => backbone_type: vit_base_patch16_224_ease
2026-01-05 15:19:39,704 [trainer.py] => device: [device(type='cuda', index=0)]
2026-01-05 15:19:39,704 [trainer.py] => seed: 1993
2026-01-05 15:19:39,704 [trainer.py] => init_epochs: 1
2026-01-05 15:19:39,704 [trainer.py] => init_lr: 0.001
2026-01-05 15:19:39,704 [trainer.py] => later_epochs: 1
2026-01-05 15:19:39,704 [trainer.py] => later_lr: 0.001
2026-01-05 15:19:39,704 [trainer.py] => batch_size: 16
2026-01-05 15:19:39,704 [trainer.py] => weight_decay: 0.0001
2026-01-05 15:19:39,704 [trainer.py] => min_lr: 1e-06
2026-01-05 15:19:39,704 [trainer.py] => optimizer: adamw
2026-01-05 15:19:39,704 [trainer.py] => scheduler: cosine
2026-01-05 15:19:39,704 [trainer.py] => pretrained: True
2026-01-05 15:19:39,704 [trainer.py] => vpt_type: Deep
2026-01-05 15:19:39,704 [trainer.py] => prompt_token_num: 5
2026-01-05 15:19:39,704 [trainer.py] => ffn_num: 128
2026-01-05 15:19:39,704 [trainer.py] => use_diagonal: False
2026-01-05 15:19:39,704 [trainer.py] => recalc_sim: True
2026-01-05 15:19:39,704 [trainer.py] => alpha: 0.1
2026-01-05 15:19:39,704 [trainer.py] => use_init_ptm: False
2026-01-05 15:19:39,704 [trainer.py] => beta: 0
2026-01-05 15:19:39,704 [trainer.py] => use_old_data: False
2026-01-05 15:19:39,704 [trainer.py] => use_reweight: True
2026-01-05 15:19:39,704 [trainer.py] => moni_adam: False
2026-01-05 15:19:39,704 [trainer.py] => adapter_num: -1
2026-01-05 15:19:39,704 [trainer.py] => data_type: float32
2026-01-05 15:19:39,705 [data.py] => 正在加载数据: G:\项目\EASE-（一凑二）（北交大+电梯）\data\合并数据（北交大5类+电梯4类）.npy
2026-01-05 15:19:40,731 [data.py] => 数据优化完成，内存占用大幅降低。形状: (3600, 224, 224, 3), 类型: uint8
2026-01-05 15:19:40,833 [data_manager.py] => [4, 2, 5, 0, 3, 6, 7, 8, 1]
2026-01-05 15:19:42,500 [_builder.py] => Loading pretrained weights from Hugging Face hub (timm/vit_base_patch16_224.augreg2_in21k_ft_in1k)
2026-01-05 15:19:52,524 [_hub.py] => [timm/vit_base_patch16_224.augreg2_in21k_ft_in1k] Safe alternative available for 'pytorch_model.bin' (as 'model.safetensors'). Loading weights using safetensors.
2026-01-05 15:19:52,603 [trainer.py] => All params: 88168704
2026-01-05 15:19:52,603 [trainer.py] => Trainable params: 2370048
2026-01-05 15:19:52,644 [ease.py] => Learning on 0-5
2026-01-05 15:20:54,735 [trainer.py] => config: ./exps/北交+电梯.json
2026-01-05 15:20:54,735 [trainer.py] => prefix:  
2026-01-05 15:20:54,735 [trainer.py] => dataset: dianti
2026-01-05 15:20:54,735 [trainer.py] => memory_size: 0
2026-01-05 15:20:54,735 [trainer.py] => memory_per_class: 0
2026-01-05 15:20:54,735 [trainer.py] => fixed_memory: False
2026-01-05 15:20:54,735 [trainer.py] => shuffle: True
2026-01-05 15:20:54,735 [trainer.py] => init_cls: 5
2026-01-05 15:20:54,735 [trainer.py] => increment: 1
2026-01-05 15:20:54,735 [trainer.py] => model_name: ease
2026-01-05 15:20:54,735 [trainer.py] => backbone_type: vit_base_patch16_224_ease
2026-01-05 15:20:54,735 [trainer.py] => device: [device(type='cuda', index=0)]
2026-01-05 15:20:54,735 [trainer.py] => seed: 1993
2026-01-05 15:20:54,735 [trainer.py] => init_epochs: 1
2026-01-05 15:20:54,735 [trainer.py] => init_lr: 0.001
2026-01-05 15:20:54,735 [trainer.py] => later_epochs: 1
2026-01-05 15:20:54,735 [trainer.py] => later_lr: 0.001
2026-01-05 15:20:54,735 [trainer.py] => batch_size: 16
2026-01-05 15:20:54,735 [trainer.py] => weight_decay: 0.0001
2026-01-05 15:20:54,735 [trainer.py] => min_lr: 1e-06
2026-01-05 15:20:54,735 [trainer.py] => optimizer: adamw
2026-01-05 15:20:54,735 [trainer.py] => scheduler: cosine
2026-01-05 15:20:54,735 [trainer.py] => pretrained: True
2026-01-05 15:20:54,735 [trainer.py] => vpt_type: Deep
2026-01-05 15:20:54,735 [trainer.py] => prompt_token_num: 5
2026-01-05 15:20:54,735 [trainer.py] => ffn_num: 128
2026-01-05 15:20:54,735 [trainer.py] => use_diagonal: False
2026-01-05 15:20:54,735 [trainer.py] => recalc_sim: True
2026-01-05 15:20:54,736 [trainer.py] => alpha: 0.1
2026-01-05 15:20:54,736 [trainer.py] => use_init_ptm: False
2026-01-05 15:20:54,736 [trainer.py] => beta: 0
2026-01-05 15:20:54,736 [trainer.py] => use_old_data: False
2026-01-05 15:20:54,736 [trainer.py] => use_reweight: True
2026-01-05 15:20:54,736 [trainer.py] => moni_adam: False
2026-01-05 15:20:54,736 [trainer.py] => adapter_num: -1
2026-01-05 15:20:54,736 [trainer.py] => data_type: float32
2026-01-05 15:20:54,736 [data.py] => 正在加载数据: G:\项目\EASE-（一凑二）（北交大+电梯）\data\合并数据（北交大5类+电梯4类）.npy
2026-01-05 15:20:55,770 [data.py] => 数据优化完成，内存占用大幅降低。形状: (3600, 224, 224, 3), 类型: uint8
2026-01-05 15:20:55,866 [data_manager.py] => [4, 2, 5, 0, 3, 6, 7, 8, 1]
2026-01-05 15:20:57,592 [_builder.py] => Loading pretrained weights from Hugging Face hub (timm/vit_base_patch16_224.augreg2_in21k_ft_in1k)
2026-01-05 15:21:07,618 [_hub.py] => [timm/vit_base_patch16_224.augreg2_in21k_ft_in1k] Safe alternative available for 'pytorch_model.bin' (as 'model.safetensors'). Loading weights using safetensors.
2026-01-05 15:21:07,691 [trainer.py] => All params: 88168704
2026-01-05 15:21:07,691 [trainer.py] => Trainable params: 2370048
2026-01-05 15:21:07,728 [ease.py] => Learning on 0-5
2026-01-05 15:22:20,467 [trainer.py] => config: ./exps/北交+电梯.json
2026-01-05 15:22:20,468 [trainer.py] => prefix:  
2026-01-05 15:22:20,468 [trainer.py] => dataset: dianti
2026-01-05 15:22:20,468 [trainer.py] => memory_size: 0
2026-01-05 15:22:20,468 [trainer.py] => memory_per_class: 0
2026-01-05 15:22:20,468 [trainer.py] => fixed_memory: False
2026-01-05 15:22:20,468 [trainer.py] => shuffle: True
2026-01-05 15:22:20,468 [trainer.py] => init_cls: 5
2026-01-05 15:22:20,468 [trainer.py] => increment: 1
2026-01-05 15:22:20,468 [trainer.py] => model_name: ease
2026-01-05 15:22:20,468 [trainer.py] => backbone_type: vit_base_patch16_224_ease
2026-01-05 15:22:20,468 [trainer.py] => device: [device(type='cuda', index=0)]
2026-01-05 15:22:20,468 [trainer.py] => seed: 1993
2026-01-05 15:22:20,468 [trainer.py] => init_epochs: 1
2026-01-05 15:22:20,468 [trainer.py] => init_lr: 0.001
2026-01-05 15:22:20,468 [trainer.py] => later_epochs: 1
2026-01-05 15:22:20,468 [trainer.py] => later_lr: 0.001
2026-01-05 15:22:20,468 [trainer.py] => batch_size: 16
2026-01-05 15:22:20,468 [trainer.py] => weight_decay: 0.0001
2026-01-05 15:22:20,468 [trainer.py] => min_lr: 1e-06
2026-01-05 15:22:20,468 [trainer.py] => optimizer: adamw
2026-01-05 15:22:20,468 [trainer.py] => scheduler: cosine
2026-01-05 15:22:20,468 [trainer.py] => pretrained: True
2026-01-05 15:22:20,468 [trainer.py] => vpt_type: Deep
2026-01-05 15:22:20,468 [trainer.py] => prompt_token_num: 5
2026-01-05 15:22:20,468 [trainer.py] => ffn_num: 128
2026-01-05 15:22:20,468 [trainer.py] => use_diagonal: False
2026-01-05 15:22:20,468 [trainer.py] => recalc_sim: True
2026-01-05 15:22:20,468 [trainer.py] => alpha: 0.1
2026-01-05 15:22:20,468 [trainer.py] => use_init_ptm: False
2026-01-05 15:22:20,468 [trainer.py] => beta: 0
2026-01-05 15:22:20,468 [trainer.py] => use_old_data: False
2026-01-05 15:22:20,468 [trainer.py] => use_reweight: True
2026-01-05 15:22:20,468 [trainer.py] => moni_adam: False
2026-01-05 15:22:20,468 [trainer.py] => adapter_num: -1
2026-01-05 15:22:20,468 [trainer.py] => data_type: float32
2026-01-05 15:22:20,469 [data.py] => 正在加载数据: G:\项目\EASE-（一凑二）（北交大+电梯）\data\合并数据（北交大5类+电梯4类）.npy
2026-01-05 15:22:21,498 [data.py] => 数据优化完成，内存占用大幅降低。形状: (3600, 224, 224, 3), 类型: uint8
2026-01-05 15:22:21,592 [data_manager.py] => [4, 2, 5, 0, 3, 6, 7, 8, 1]
2026-01-05 15:22:23,272 [_builder.py] => Loading pretrained weights from Hugging Face hub (timm/vit_base_patch16_224.augreg2_in21k_ft_in1k)
2026-01-05 15:22:33,281 [_hub.py] => [timm/vit_base_patch16_224.augreg2_in21k_ft_in1k] Safe alternative available for 'pytorch_model.bin' (as 'model.safetensors'). Loading weights using safetensors.
2026-01-05 15:22:33,354 [trainer.py] => All params: 88168704
2026-01-05 15:22:33,354 [trainer.py] => Trainable params: 2370048
2026-01-05 15:22:33,395 [ease.py] => Learning on 0-5
2026-01-05 15:25:51,147 [trainer.py] => config: ./exps/北交+电梯.json
2026-01-05 15:25:51,147 [trainer.py] => prefix:  
2026-01-05 15:25:51,147 [trainer.py] => dataset: dianti
2026-01-05 15:25:51,147 [trainer.py] => memory_size: 0
2026-01-05 15:25:51,148 [trainer.py] => memory_per_class: 0
2026-01-05 15:25:51,148 [trainer.py] => fixed_memory: False
2026-01-05 15:25:51,148 [trainer.py] => shuffle: True
2026-01-05 15:25:51,148 [trainer.py] => init_cls: 5
2026-01-05 15:25:51,148 [trainer.py] => increment: 1
2026-01-05 15:25:51,148 [trainer.py] => model_name: ease
2026-01-05 15:25:51,148 [trainer.py] => backbone_type: vit_base_patch16_224_ease
2026-01-05 15:25:51,148 [trainer.py] => device: [device(type='cuda', index=0)]
2026-01-05 15:25:51,148 [trainer.py] => seed: 1993
2026-01-05 15:25:51,148 [trainer.py] => init_epochs: 1
2026-01-05 15:25:51,148 [trainer.py] => init_lr: 0.001
2026-01-05 15:25:51,148 [trainer.py] => later_epochs: 1
2026-01-05 15:25:51,148 [trainer.py] => later_lr: 0.001
2026-01-05 15:25:51,148 [trainer.py] => batch_size: 16
2026-01-05 15:25:51,148 [trainer.py] => weight_decay: 0.0001
2026-01-05 15:25:51,148 [trainer.py] => min_lr: 1e-06
2026-01-05 15:25:51,148 [trainer.py] => optimizer: adamw
2026-01-05 15:25:51,148 [trainer.py] => scheduler: cosine
2026-01-05 15:25:51,148 [trainer.py] => pretrained: True
2026-01-05 15:25:51,148 [trainer.py] => vpt_type: Deep
2026-01-05 15:25:51,148 [trainer.py] => prompt_token_num: 5
2026-01-05 15:25:51,148 [trainer.py] => ffn_num: 128
2026-01-05 15:25:51,149 [trainer.py] => use_diagonal: False
2026-01-05 15:25:51,149 [trainer.py] => recalc_sim: True
2026-01-05 15:25:51,149 [trainer.py] => alpha: 0.1
2026-01-05 15:25:51,149 [trainer.py] => use_init_ptm: False
2026-01-05 15:25:51,149 [trainer.py] => beta: 0
2026-01-05 15:25:51,149 [trainer.py] => use_old_data: False
2026-01-05 15:25:51,149 [trainer.py] => use_reweight: True
2026-01-05 15:25:51,149 [trainer.py] => moni_adam: False
2026-01-05 15:25:51,149 [trainer.py] => adapter_num: -1
2026-01-05 15:25:51,149 [trainer.py] => data_type: float32
2026-01-05 15:25:51,149 [data.py] => 正在加载数据: G:\项目\EASE-（一凑二）（北交大+电梯）\data\合并数据（北交大5类+电梯4类）.npy
2026-01-05 15:25:52,180 [data.py] => 数据优化完成，内存占用大幅降低。形状: (3600, 224, 224, 3), 类型: uint8
2026-01-05 15:25:52,275 [data_manager.py] => [4, 2, 5, 0, 3, 6, 7, 8, 1]
2026-01-05 15:25:54,007 [_builder.py] => Loading pretrained weights from Hugging Face hub (timm/vit_base_patch16_224.augreg2_in21k_ft_in1k)
2026-01-05 15:26:04,039 [_hub.py] => [timm/vit_base_patch16_224.augreg2_in21k_ft_in1k] Safe alternative available for 'pytorch_model.bin' (as 'model.safetensors'). Loading weights using safetensors.
2026-01-05 15:26:04,112 [trainer.py] => All params: 88168704
2026-01-05 15:26:04,113 [trainer.py] => Trainable params: 2370048
2026-01-05 15:26:04,141 [ease.py] => Learning on 0-5
2026-01-05 15:28:11,159 [trainer.py] => config: ./exps/北交+电梯.json
2026-01-05 15:28:11,159 [trainer.py] => prefix:  
2026-01-05 15:28:11,159 [trainer.py] => dataset: dianti
2026-01-05 15:28:11,159 [trainer.py] => memory_size: 0
2026-01-05 15:28:11,159 [trainer.py] => memory_per_class: 0
2026-01-05 15:28:11,159 [trainer.py] => fixed_memory: False
2026-01-05 15:28:11,159 [trainer.py] => shuffle: True
2026-01-05 15:28:11,159 [trainer.py] => init_cls: 5
2026-01-05 15:28:11,160 [trainer.py] => increment: 1
2026-01-05 15:28:11,160 [trainer.py] => model_name: ease
2026-01-05 15:28:11,160 [trainer.py] => backbone_type: vit_base_patch16_224_ease
2026-01-05 15:28:11,160 [trainer.py] => device: [device(type='cuda', index=0)]
2026-01-05 15:28:11,160 [trainer.py] => seed: 1993
2026-01-05 15:28:11,160 [trainer.py] => init_epochs: 1
2026-01-05 15:28:11,160 [trainer.py] => init_lr: 0.001
2026-01-05 15:28:11,160 [trainer.py] => later_epochs: 1
2026-01-05 15:28:11,160 [trainer.py] => later_lr: 0.001
2026-01-05 15:28:11,160 [trainer.py] => batch_size: 16
2026-01-05 15:28:11,160 [trainer.py] => weight_decay: 0.0001
2026-01-05 15:28:11,160 [trainer.py] => min_lr: 1e-06
2026-01-05 15:28:11,160 [trainer.py] => optimizer: adamw
2026-01-05 15:28:11,160 [trainer.py] => scheduler: cosine
2026-01-05 15:28:11,160 [trainer.py] => pretrained: True
2026-01-05 15:28:11,160 [trainer.py] => vpt_type: Deep
2026-01-05 15:28:11,160 [trainer.py] => prompt_token_num: 5
2026-01-05 15:28:11,160 [trainer.py] => ffn_num: 128
2026-01-05 15:28:11,160 [trainer.py] => use_diagonal: False
2026-01-05 15:28:11,160 [trainer.py] => recalc_sim: True
2026-01-05 15:28:11,160 [trainer.py] => alpha: 0.1
2026-01-05 15:28:11,160 [trainer.py] => use_init_ptm: False
2026-01-05 15:28:11,160 [trainer.py] => beta: 0
2026-01-05 15:28:11,160 [trainer.py] => use_old_data: False
2026-01-05 15:28:11,160 [trainer.py] => use_reweight: True
2026-01-05 15:28:11,160 [trainer.py] => moni_adam: False
2026-01-05 15:28:11,160 [trainer.py] => adapter_num: -1
2026-01-05 15:28:11,160 [trainer.py] => data_type: float32
2026-01-05 15:28:11,160 [data.py] => 正在加载数据: G:\项目\EASE-（一凑二）（北交大+电梯）\data\合并数据（北交大5类+电梯4类）.npy
2026-01-05 15:28:12,193 [data.py] => 数据准备就绪。形状: (3600, 224, 224, 3), 类型: uint8
2026-01-05 15:28:12,290 [data_manager.py] => [4, 2, 5, 0, 3, 6, 7, 8, 1]
2026-01-05 15:28:13,967 [_builder.py] => Loading pretrained weights from Hugging Face hub (timm/vit_base_patch16_224.augreg2_in21k_ft_in1k)
2026-01-05 15:28:23,977 [_hub.py] => [timm/vit_base_patch16_224.augreg2_in21k_ft_in1k] Safe alternative available for 'pytorch_model.bin' (as 'model.safetensors'). Loading weights using safetensors.
2026-01-05 15:28:24,050 [trainer.py] => All params: 88168704
2026-01-05 15:28:24,051 [trainer.py] => Trainable params: 2370048
2026-01-05 15:28:24,091 [ease.py] => Learning on 0-5
2026-01-05 15:29:27,344 [ease.py] => Task 0, Epoch 1/1 => Loss 1.084, Train_accy 76.79
2026-01-05 15:30:13,336 [ease.py] => Task correct: 96.5
2026-01-05 15:30:13,336 [ease.py] => Task acc: 98.66666666666667
2026-01-05 15:30:13,363 [trainer.py] => No NME accuracy.
2026-01-05 15:30:13,363 [trainer.py] => CNN: {'total': 96.5, '00-00': 92.5, '01-01': 95.0, '02-02': 100.0, '03-03': 100.0, 'old': 0, 'new': 96.5}
2026-01-05 15:30:13,363 [trainer.py] => CNN top1 curve: [96.5]
2026-01-05 15:30:13,363 [trainer.py] => Average Accuracy (CNN): 96.5 

2026-01-05 15:30:13,364 [trainer.py] => All params: 88176386
2026-01-05 15:30:13,364 [trainer.py] => Trainable params: 2370048
2026-01-05 15:30:13,365 [ease.py] => Learning on 5-6
2026-01-05 15:30:24,612 [ease.py] => Task 1, Epoch 1/1 => Loss 0.000, Train_accy 100.00
2026-01-05 15:31:11,090 [ease.py] => Task correct: 80.41666666666667
2026-01-05 15:31:11,090 [ease.py] => Task acc: 99.02777777777777
2026-01-05 15:31:11,138 [trainer.py] => No NME accuracy.
2026-01-05 15:31:11,138 [trainer.py] => CNN: {'total': 80.42, '00-00': 92.5, '01-01': 95.0, '02-02': 100.0, '03-03': 100.0, '04-04': 95.0, 'old': 96.5, 'new': 0.0}
2026-01-05 15:31:11,138 [trainer.py] => CNN top1 curve: [96.5, 80.42]
2026-01-05 15:31:11,138 [trainer.py] => Average Accuracy (CNN): 88.46000000000001 

2026-01-05 15:31:11,139 [trainer.py] => All params: 88178690
2026-01-05 15:31:11,139 [trainer.py] => Trainable params: 2370048
2026-01-05 15:31:11,142 [ease.py] => Learning on 6-7
2026-01-05 15:31:22,423 [ease.py] => Task 2, Epoch 1/1 => Loss 0.000, Train_accy 100.00
2026-01-05 15:32:40,106 [ease.py] => Task correct: 68.92857142857143
2026-01-05 15:32:40,106 [ease.py] => Task acc: 99.16666666666667
2026-01-05 15:32:40,124 [trainer.py] => No NME accuracy.
2026-01-05 15:32:40,124 [trainer.py] => CNN: {'total': 68.93, '00-00': 92.5, '01-01': 95.0, '02-02': 100.0, '03-03': 100.0, '04-04': 95.0, '05-05': 0.0, 'old': 80.42, 'new': 0.0}
2026-01-05 15:32:40,124 [trainer.py] => CNN top1 curve: [96.5, 80.42, 68.93]
2026-01-05 15:32:40,124 [trainer.py] => Average Accuracy (CNN): 81.95 

2026-01-05 15:32:40,125 [trainer.py] => All params: 88185602
2026-01-05 15:32:40,125 [trainer.py] => Trainable params: 2370048
2026-01-05 15:32:40,126 [ease.py] => Learning on 7-8
2026-01-05 15:32:52,174 [ease.py] => Task 3, Epoch 1/1 => Loss 0.000, Train_accy 100.00
2026-01-05 15:35:00,829 [ease.py] => Task correct: 60.3125
2026-01-05 15:35:00,830 [ease.py] => Task acc: 99.27083333333333
2026-01-05 15:35:00,862 [trainer.py] => No NME accuracy.
2026-01-05 15:35:00,862 [trainer.py] => CNN: {'total': 60.31, '00-00': 92.5, '01-01': 95.0, '02-02': 100.0, '03-03': 100.0, '04-04': 95.0, '05-05': 0.0, '06-06': 0.0, 'old': 68.93, 'new': 0.0}
2026-01-05 15:35:00,862 [trainer.py] => CNN top1 curve: [96.5, 80.42, 68.93, 60.31]
2026-01-05 15:35:00,862 [trainer.py] => Average Accuracy (CNN): 76.54 

2026-01-05 15:35:00,863 [trainer.py] => All params: 88194050
2026-01-05 15:35:00,864 [trainer.py] => Trainable params: 2370048
2026-01-05 15:35:00,865 [ease.py] => Learning on 8-9
2026-01-05 15:35:18,043 [ease.py] => Task 4, Epoch 1/1 => Loss 0.000, Train_accy 100.00
2026-01-05 15:38:17,672 [ease.py] => Task correct: 63.611111111111114
2026-01-05 15:38:17,672 [ease.py] => Task acc: 99.35185185185185
2026-01-05 15:38:17,692 [trainer.py] => No NME accuracy.
2026-01-05 15:38:17,692 [trainer.py] => CNN: {'total': 63.61, '00-00': 87.5, '01-01': 95.0, '02-02': 100.0, '03-03': 100.0, '04-04': 90.83, '05-05': 0.0, '06-06': 0.0, '07-07': 0.0, 'old': 59.17, 'new': 99.17}
2026-01-05 15:38:17,692 [trainer.py] => CNN top1 curve: [96.5, 80.42, 68.93, 60.31, 63.61]
2026-01-05 15:38:17,692 [trainer.py] => Average Accuracy (CNN): 73.95400000000001 

2026-01-05 15:51:54,244 [trainer.py] => config: ./exps/北交+电梯.json
2026-01-05 15:51:54,245 [trainer.py] => prefix:  
2026-01-05 15:51:54,245 [trainer.py] => dataset: dianti
2026-01-05 15:51:54,245 [trainer.py] => memory_size: 0
2026-01-05 15:51:54,245 [trainer.py] => memory_per_class: 0
2026-01-05 15:51:54,245 [trainer.py] => fixed_memory: False
2026-01-05 15:51:54,245 [trainer.py] => shuffle: True
2026-01-05 15:51:54,245 [trainer.py] => init_cls: 5
2026-01-05 15:51:54,245 [trainer.py] => increment: 1
2026-01-05 15:51:54,245 [trainer.py] => model_name: ease
2026-01-05 15:51:54,245 [trainer.py] => backbone_type: vit_base_patch16_224_ease
2026-01-05 15:51:54,245 [trainer.py] => device: [device(type='cuda', index=0)]
2026-01-05 15:51:54,245 [trainer.py] => seed: 1993
2026-01-05 15:51:54,245 [trainer.py] => init_epochs: 1
2026-01-05 15:51:54,245 [trainer.py] => init_lr: 0.001
2026-01-05 15:51:54,245 [trainer.py] => later_epochs: 1
2026-01-05 15:51:54,245 [trainer.py] => later_lr: 0.001
2026-01-05 15:51:54,245 [trainer.py] => batch_size: 16
2026-01-05 15:51:54,245 [trainer.py] => weight_decay: 0.0001
2026-01-05 15:51:54,245 [trainer.py] => min_lr: 1e-06
2026-01-05 15:51:54,245 [trainer.py] => optimizer: adamw
2026-01-05 15:51:54,245 [trainer.py] => scheduler: cosine
2026-01-05 15:51:54,245 [trainer.py] => pretrained: True
2026-01-05 15:51:54,245 [trainer.py] => vpt_type: Deep
2026-01-05 15:51:54,245 [trainer.py] => prompt_token_num: 5
2026-01-05 15:51:54,245 [trainer.py] => ffn_num: 128
2026-01-05 15:51:54,245 [trainer.py] => use_diagonal: False
2026-01-05 15:51:54,245 [trainer.py] => recalc_sim: True
2026-01-05 15:51:54,245 [trainer.py] => alpha: 0.1
2026-01-05 15:51:54,245 [trainer.py] => use_init_ptm: False
2026-01-05 15:51:54,245 [trainer.py] => beta: 0
2026-01-05 15:51:54,245 [trainer.py] => use_old_data: False
2026-01-05 15:51:54,245 [trainer.py] => use_reweight: True
2026-01-05 15:51:54,246 [trainer.py] => moni_adam: False
2026-01-05 15:51:54,246 [trainer.py] => adapter_num: -1
2026-01-05 15:51:54,246 [trainer.py] => data_type: float32
2026-01-05 15:51:54,246 [data.py] => 正在加载数据: G:\项目\EASE-（一凑二）（北交大+电梯）\data\合并数据（北交大5类+电梯4类）.npy
2026-01-05 15:51:55,275 [data.py] => 数据准备就绪。形状: (3600, 224, 224, 3), 类型: uint8
2026-01-05 15:51:55,368 [data_manager.py] => [4, 2, 5, 0, 3, 6, 7, 8, 1]
2026-01-05 15:51:57,078 [_builder.py] => Loading pretrained weights from Hugging Face hub (timm/vit_base_patch16_224.augreg2_in21k_ft_in1k)
2026-01-05 15:52:04,666 [trainer.py] => config: ./exps/北交+电梯.json
2026-01-05 15:52:04,666 [trainer.py] => prefix:  
2026-01-05 15:52:04,666 [trainer.py] => dataset: dianti
2026-01-05 15:52:04,666 [trainer.py] => memory_size: 0
2026-01-05 15:52:04,666 [trainer.py] => memory_per_class: 0
2026-01-05 15:52:04,666 [trainer.py] => fixed_memory: False
2026-01-05 15:52:04,666 [trainer.py] => shuffle: True
2026-01-05 15:52:04,666 [trainer.py] => init_cls: 5
2026-01-05 15:52:04,666 [trainer.py] => increment: 1
2026-01-05 15:52:04,666 [trainer.py] => model_name: ease
2026-01-05 15:52:04,666 [trainer.py] => backbone_type: vit_base_patch16_224_ease
2026-01-05 15:52:04,666 [trainer.py] => device: [device(type='cuda', index=0)]
2026-01-05 15:52:04,666 [trainer.py] => seed: 1993
2026-01-05 15:52:04,666 [trainer.py] => init_epochs: 1
2026-01-05 15:52:04,666 [trainer.py] => init_lr: 0.001
2026-01-05 15:52:04,667 [trainer.py] => later_epochs: 1
2026-01-05 15:52:04,667 [trainer.py] => later_lr: 0.001
2026-01-05 15:52:04,667 [trainer.py] => batch_size: 16
2026-01-05 15:52:04,667 [trainer.py] => weight_decay: 0.0001
2026-01-05 15:52:04,667 [trainer.py] => min_lr: 1e-06
2026-01-05 15:52:04,667 [trainer.py] => optimizer: adamw
2026-01-05 15:52:04,667 [trainer.py] => scheduler: cosine
2026-01-05 15:52:04,667 [trainer.py] => pretrained: True
2026-01-05 15:52:04,667 [trainer.py] => vpt_type: Deep
2026-01-05 15:52:04,667 [trainer.py] => prompt_token_num: 5
2026-01-05 15:52:04,667 [trainer.py] => ffn_num: 128
2026-01-05 15:52:04,667 [trainer.py] => use_diagonal: False
2026-01-05 15:52:04,667 [trainer.py] => recalc_sim: True
2026-01-05 15:52:04,667 [trainer.py] => alpha: 0.1
2026-01-05 15:52:04,667 [trainer.py] => use_init_ptm: False
2026-01-05 15:52:04,667 [trainer.py] => beta: 0
2026-01-05 15:52:04,667 [trainer.py] => use_old_data: False
2026-01-05 15:52:04,667 [trainer.py] => use_reweight: True
2026-01-05 15:52:04,667 [trainer.py] => moni_adam: False
2026-01-05 15:52:04,667 [trainer.py] => adapter_num: -1
2026-01-05 15:52:04,667 [trainer.py] => data_type: float32
2026-01-05 15:52:04,667 [data.py] => 正在加载数据: G:\项目\EASE-（一凑二）（北交大+电梯）\data\合并数据（北交大5类+电梯4类）.npy
2026-01-05 15:52:05,718 [data.py] => 数据准备就绪。形状: (3600, 224, 224, 3), 类型: uint8
2026-01-05 15:52:05,814 [data_manager.py] => [4, 2, 5, 0, 3, 6, 7, 8, 1]
2026-01-05 15:52:07,515 [_builder.py] => Loading pretrained weights from Hugging Face hub (timm/vit_base_patch16_224.augreg2_in21k_ft_in1k)
2026-01-05 15:52:17,544 [_hub.py] => [timm/vit_base_patch16_224.augreg2_in21k_ft_in1k] Safe alternative available for 'pytorch_model.bin' (as 'model.safetensors'). Loading weights using safetensors.
2026-01-05 15:52:17,618 [trainer.py] => All params: 88168704
2026-01-05 15:52:17,618 [trainer.py] => Trainable params: 2370048
2026-01-05 15:52:17,660 [ease.py] => Learning on 0-5
2026-01-05 15:53:26,262 [ease.py] => Task 0, Epoch 1/1 => Loss 1.084, Train_accy 76.79
2026-01-05 16:12:06,850 [trainer.py] => config: ./exps/北交+电梯.json
2026-01-05 16:12:06,850 [trainer.py] => prefix:  
2026-01-05 16:12:06,850 [trainer.py] => dataset: dianti
2026-01-05 16:12:06,851 [trainer.py] => memory_size: 0
2026-01-05 16:12:06,851 [trainer.py] => memory_per_class: 0
2026-01-05 16:12:06,851 [trainer.py] => fixed_memory: False
2026-01-05 16:12:06,851 [trainer.py] => shuffle: True
2026-01-05 16:12:06,851 [trainer.py] => init_cls: 5
2026-01-05 16:12:06,851 [trainer.py] => increment: 1
2026-01-05 16:12:06,851 [trainer.py] => model_name: ease
2026-01-05 16:12:06,851 [trainer.py] => backbone_type: vit_base_patch16_224_ease
2026-01-05 16:12:06,851 [trainer.py] => device: [device(type='cuda', index=0)]
2026-01-05 16:12:06,851 [trainer.py] => seed: 1993
2026-01-05 16:12:06,851 [trainer.py] => init_epochs: 1
2026-01-05 16:12:06,851 [trainer.py] => init_lr: 0.001
2026-01-05 16:12:06,851 [trainer.py] => later_epochs: 1
2026-01-05 16:12:06,851 [trainer.py] => later_lr: 0.001
2026-01-05 16:12:06,851 [trainer.py] => batch_size: 16
2026-01-05 16:12:06,851 [trainer.py] => weight_decay: 0.0001
2026-01-05 16:12:06,851 [trainer.py] => min_lr: 1e-06
2026-01-05 16:12:06,851 [trainer.py] => optimizer: adamw
2026-01-05 16:12:06,851 [trainer.py] => scheduler: cosine
2026-01-05 16:12:06,851 [trainer.py] => pretrained: True
2026-01-05 16:12:06,851 [trainer.py] => vpt_type: Deep
2026-01-05 16:12:06,851 [trainer.py] => prompt_token_num: 5
2026-01-05 16:12:06,851 [trainer.py] => ffn_num: 128
2026-01-05 16:12:06,851 [trainer.py] => use_diagonal: False
2026-01-05 16:12:06,851 [trainer.py] => recalc_sim: True
2026-01-05 16:12:06,851 [trainer.py] => alpha: 0.1
2026-01-05 16:12:06,851 [trainer.py] => use_init_ptm: False
2026-01-05 16:12:06,851 [trainer.py] => beta: 0
2026-01-05 16:12:06,851 [trainer.py] => use_old_data: False
2026-01-05 16:12:06,851 [trainer.py] => use_reweight: True
2026-01-05 16:12:06,851 [trainer.py] => moni_adam: False
2026-01-05 16:12:06,851 [trainer.py] => adapter_num: -1
2026-01-05 16:12:06,852 [trainer.py] => data_type: float32
2026-01-05 16:12:06,852 [data.py] => 正在加载数据: G:\项目\EASE-（一凑二）（北交大+电梯）\data\合并数据（北交大5类+电梯4类）.npy
2026-01-05 16:12:07,881 [data.py] => 数据准备就绪。形状: (3600, 224, 224, 3), 类型: uint8
2026-01-05 16:12:07,975 [data_manager.py] => [4, 2, 5, 0, 3, 6, 7, 8, 1]
2026-01-05 16:12:09,709 [_builder.py] => Loading pretrained weights from Hugging Face hub (timm/vit_base_patch16_224.augreg2_in21k_ft_in1k)
2026-01-05 16:12:19,733 [_hub.py] => [timm/vit_base_patch16_224.augreg2_in21k_ft_in1k] Safe alternative available for 'pytorch_model.bin' (as 'model.safetensors'). Loading weights using safetensors.
2026-01-05 16:12:19,813 [trainer.py] => All params: 88168704
2026-01-05 16:12:19,814 [trainer.py] => Trainable params: 2370048
2026-01-05 16:12:19,837 [ease.py] => Learning on 0-5
2026-01-05 16:13:23,915 [ease.py] => Task 0, Epoch 1/1 => Loss 1.084, Train_accy 76.79
2026-01-05 16:14:08,381 [ease.py] => CNN Accuracy (Top-1): 96.5 %
2026-01-05 16:14:08,402 [trainer.py] => No NME accuracy.
2026-01-05 16:14:08,402 [trainer.py] => CNN: {'total': 96.5, '00-00': 92.5, '01-01': 95.0, '02-02': 100.0, '03-03': 100.0, 'old': 0, 'new': 96.5}
2026-01-05 16:14:08,402 [trainer.py] => CNN top1 curve: [96.5]
2026-01-05 16:14:08,402 [trainer.py] => Average Accuracy (CNN): 96.5 

2026-01-05 16:14:08,402 [trainer.py] => All params: 88176386
2026-01-05 16:14:08,402 [trainer.py] => Trainable params: 2370048
2026-01-05 16:14:08,404 [ease.py] => Learning on 5-6
2026-01-05 16:14:18,986 [ease.py] => Task 1, Epoch 1/1 => Loss 0.000, Train_accy 100.00
2026-01-05 16:15:03,926 [ease.py] => CNN Accuracy (Top-1): 80.42 %
2026-01-05 16:15:03,946 [trainer.py] => No NME accuracy.
2026-01-05 16:15:03,946 [trainer.py] => CNN: {'total': 80.42, '00-00': 92.5, '01-01': 95.0, '02-02': 100.0, '03-03': 100.0, '04-04': 95.0, 'old': 96.5, 'new': 0.0}
2026-01-05 16:15:03,946 [trainer.py] => CNN top1 curve: [96.5, 80.42]
2026-01-05 16:15:03,946 [trainer.py] => Average Accuracy (CNN): 88.46000000000001 

2026-01-05 16:15:03,946 [trainer.py] => All params: 88178690
2026-01-05 16:15:03,948 [trainer.py] => Trainable params: 2370048
2026-01-05 16:15:03,949 [ease.py] => Learning on 6-7
2026-01-05 16:15:15,060 [ease.py] => Task 2, Epoch 1/1 => Loss 0.000, Train_accy 100.00
2026-01-05 16:16:29,847 [ease.py] => CNN Accuracy (Top-1): 68.93 %
2026-01-05 16:16:29,866 [trainer.py] => No NME accuracy.
2026-01-05 16:16:29,866 [trainer.py] => CNN: {'total': 68.93, '00-00': 92.5, '01-01': 95.0, '02-02': 100.0, '03-03': 100.0, '04-04': 95.0, '05-05': 0.0, 'old': 80.42, 'new': 0.0}
2026-01-05 16:16:29,866 [trainer.py] => CNN top1 curve: [96.5, 80.42, 68.93]
2026-01-05 16:16:29,866 [trainer.py] => Average Accuracy (CNN): 81.95 

2026-01-05 16:16:29,866 [trainer.py] => All params: 88185602
2026-01-05 16:16:29,866 [trainer.py] => Trainable params: 2370048
2026-01-05 16:16:29,867 [ease.py] => Learning on 7-8
2026-01-05 16:16:40,741 [ease.py] => Task 3, Epoch 1/1 => Loss 0.000, Train_accy 100.00
2026-01-05 16:18:31,159 [ease.py] => CNN Accuracy (Top-1): 60.31 %
2026-01-05 16:18:31,180 [trainer.py] => No NME accuracy.
2026-01-05 16:18:31,180 [trainer.py] => CNN: {'total': 60.31, '00-00': 92.5, '01-01': 95.0, '02-02': 100.0, '03-03': 100.0, '04-04': 95.0, '05-05': 0.0, '06-06': 0.0, 'old': 68.93, 'new': 0.0}
2026-01-05 16:18:31,180 [trainer.py] => CNN top1 curve: [96.5, 80.42, 68.93, 60.31]
2026-01-05 16:18:31,180 [trainer.py] => Average Accuracy (CNN): 76.54 

2026-01-05 16:18:31,181 [trainer.py] => All params: 88194050
2026-01-05 16:18:31,181 [trainer.py] => Trainable params: 2370048
2026-01-05 16:18:31,181 [ease.py] => Learning on 8-9
2026-01-05 16:18:42,361 [ease.py] => Task 4, Epoch 1/1 => Loss 0.000, Train_accy 100.00
2026-01-05 16:21:13,517 [ease.py] => CNN Accuracy (Top-1): 63.61 %
2026-01-05 16:21:13,544 [trainer.py] => No NME accuracy.
2026-01-05 16:21:13,545 [trainer.py] => CNN: {'total': 63.61, '00-00': 87.5, '01-01': 95.0, '02-02': 100.0, '03-03': 100.0, '04-04': 90.83, '05-05': 0.0, '06-06': 0.0, '07-07': 0.0, 'old': 59.17, 'new': 99.17}
2026-01-05 16:21:13,545 [trainer.py] => CNN top1 curve: [96.5, 80.42, 68.93, 60.31, 63.61]
2026-01-05 16:21:13,545 [trainer.py] => Average Accuracy (CNN): 73.95400000000001 

2026-01-05 16:28:54,332 [trainer.py] => config: ./exps/北交+电梯.json
2026-01-05 16:28:54,332 [trainer.py] => prefix:  
2026-01-05 16:28:54,332 [trainer.py] => dataset: dianti
2026-01-05 16:28:54,332 [trainer.py] => memory_size: 0
2026-01-05 16:28:54,332 [trainer.py] => memory_per_class: 0
2026-01-05 16:28:54,332 [trainer.py] => fixed_memory: False
2026-01-05 16:28:54,332 [trainer.py] => shuffle: True
2026-01-05 16:28:54,332 [trainer.py] => init_cls: 5
2026-01-05 16:28:54,332 [trainer.py] => increment: 1
2026-01-05 16:28:54,332 [trainer.py] => model_name: ease
2026-01-05 16:28:54,332 [trainer.py] => backbone_type: vit_base_patch16_224_ease
2026-01-05 16:28:54,332 [trainer.py] => device: [device(type='cuda', index=0)]
2026-01-05 16:28:54,332 [trainer.py] => seed: 1993
2026-01-05 16:28:54,332 [trainer.py] => init_epochs: 1
2026-01-05 16:28:54,332 [trainer.py] => init_lr: 0.001
2026-01-05 16:28:54,332 [trainer.py] => later_epochs: 1
2026-01-05 16:28:54,332 [trainer.py] => later_lr: 0.001
2026-01-05 16:28:54,332 [trainer.py] => batch_size: 16
2026-01-05 16:28:54,332 [trainer.py] => weight_decay: 0.0001
2026-01-05 16:28:54,332 [trainer.py] => min_lr: 1e-06
2026-01-05 16:28:54,333 [trainer.py] => optimizer: adamw
2026-01-05 16:28:54,333 [trainer.py] => scheduler: cosine
2026-01-05 16:28:54,333 [trainer.py] => pretrained: True
2026-01-05 16:28:54,333 [trainer.py] => vpt_type: Deep
2026-01-05 16:28:54,333 [trainer.py] => prompt_token_num: 5
2026-01-05 16:28:54,333 [trainer.py] => ffn_num: 128
2026-01-05 16:28:54,333 [trainer.py] => use_diagonal: False
2026-01-05 16:28:54,333 [trainer.py] => recalc_sim: True
2026-01-05 16:28:54,333 [trainer.py] => alpha: 0.1
2026-01-05 16:28:54,333 [trainer.py] => use_init_ptm: False
2026-01-05 16:28:54,333 [trainer.py] => beta: 0
2026-01-05 16:28:54,333 [trainer.py] => use_old_data: False
2026-01-05 16:28:54,333 [trainer.py] => use_reweight: True
2026-01-05 16:28:54,333 [trainer.py] => moni_adam: False
2026-01-05 16:28:54,333 [trainer.py] => adapter_num: -1
2026-01-05 16:28:54,333 [trainer.py] => data_type: float32
2026-01-05 16:28:54,333 [data.py] => 正在加载数据: G:\项目\EASE-（一凑二）（北交大+电梯）\data\合并数据（北交大5类+电梯4类）.npy
2026-01-05 16:28:55,334 [data.py] => 数据准备就绪。形状: (3600, 224, 224, 3), 类型: uint8
2026-01-05 16:28:55,431 [data_manager.py] => [4, 2, 5, 0, 3, 6, 7, 8, 1]
2026-01-05 16:28:57,093 [_builder.py] => Loading pretrained weights from Hugging Face hub (timm/vit_base_patch16_224.augreg2_in21k_ft_in1k)
2026-01-05 16:29:07,128 [_hub.py] => [timm/vit_base_patch16_224.augreg2_in21k_ft_in1k] Safe alternative available for 'pytorch_model.bin' (as 'model.safetensors'). Loading weights using safetensors.
2026-01-05 16:29:07,205 [trainer.py] => All params: 88168704
2026-01-05 16:29:07,206 [trainer.py] => Trainable params: 2370048
2026-01-05 16:29:07,251 [ease.py] => Learning on 0-5
2026-01-05 16:30:28,362 [trainer.py] => config: ./exps/北交+电梯.json
2026-01-05 16:30:28,362 [trainer.py] => prefix:  
2026-01-05 16:30:28,362 [trainer.py] => dataset: dianti
2026-01-05 16:30:28,362 [trainer.py] => memory_size: 0
2026-01-05 16:30:28,362 [trainer.py] => memory_per_class: 0
2026-01-05 16:30:28,362 [trainer.py] => fixed_memory: False
2026-01-05 16:30:28,362 [trainer.py] => shuffle: True
2026-01-05 16:30:28,362 [trainer.py] => init_cls: 5
2026-01-05 16:30:28,362 [trainer.py] => increment: 1
2026-01-05 16:30:28,362 [trainer.py] => model_name: ease
2026-01-05 16:30:28,362 [trainer.py] => backbone_type: vit_base_patch16_224_ease
2026-01-05 16:30:28,362 [trainer.py] => device: [device(type='cuda', index=0)]
2026-01-05 16:30:28,362 [trainer.py] => seed: 1993
2026-01-05 16:30:28,362 [trainer.py] => init_epochs: 1
2026-01-05 16:30:28,362 [trainer.py] => init_lr: 0.001
2026-01-05 16:30:28,362 [trainer.py] => later_epochs: 1
2026-01-05 16:30:28,362 [trainer.py] => later_lr: 0.001
2026-01-05 16:30:28,362 [trainer.py] => batch_size: 16
2026-01-05 16:30:28,363 [trainer.py] => weight_decay: 0.0001
2026-01-05 16:30:28,363 [trainer.py] => min_lr: 1e-06
2026-01-05 16:30:28,363 [trainer.py] => optimizer: adamw
2026-01-05 16:30:28,363 [trainer.py] => scheduler: cosine
2026-01-05 16:30:28,363 [trainer.py] => pretrained: True
2026-01-05 16:30:28,363 [trainer.py] => vpt_type: Deep
2026-01-05 16:30:28,363 [trainer.py] => prompt_token_num: 5
2026-01-05 16:30:28,363 [trainer.py] => ffn_num: 128
2026-01-05 16:30:28,363 [trainer.py] => use_diagonal: False
2026-01-05 16:30:28,363 [trainer.py] => recalc_sim: True
2026-01-05 16:30:28,363 [trainer.py] => alpha: 0.1
2026-01-05 16:30:28,363 [trainer.py] => use_init_ptm: False
2026-01-05 16:30:28,363 [trainer.py] => beta: 0
2026-01-05 16:30:28,363 [trainer.py] => use_old_data: False
2026-01-05 16:30:28,363 [trainer.py] => use_reweight: True
2026-01-05 16:30:28,363 [trainer.py] => moni_adam: False
2026-01-05 16:30:28,363 [trainer.py] => adapter_num: -1
2026-01-05 16:30:28,363 [trainer.py] => data_type: float32
2026-01-05 16:30:28,363 [data.py] => 正在加载数据: G:\项目\EASE-（一凑二）（北交大+电梯）\data\合并数据（北交大5类+电梯4类）.npy
2026-01-05 16:30:29,382 [data.py] => 数据准备就绪。形状: (3600, 224, 224, 3), 类型: uint8
2026-01-05 16:30:29,476 [data_manager.py] => [4, 2, 5, 0, 3, 6, 7, 8, 1]
2026-01-05 16:30:31,168 [_builder.py] => Loading pretrained weights from Hugging Face hub (timm/vit_base_patch16_224.augreg2_in21k_ft_in1k)
2026-01-05 16:30:41,192 [_hub.py] => [timm/vit_base_patch16_224.augreg2_in21k_ft_in1k] Safe alternative available for 'pytorch_model.bin' (as 'model.safetensors'). Loading weights using safetensors.
2026-01-05 16:30:41,263 [trainer.py] => All params: 88168704
2026-01-05 16:30:41,264 [trainer.py] => Trainable params: 2370048
2026-01-05 16:30:41,305 [ease.py] => Learning on 0-5
2026-01-05 16:31:43,901 [ease.py] => Task 0, Epoch 1/1 => Loss 1.084, Train_accy 76.79
2026-01-05 16:32:28,378 [ease.py] => CNN Accuracy (Top-1): 96.5 %
2026-01-05 16:32:28,400 [trainer.py] => No NME accuracy.
2026-01-05 16:32:28,400 [trainer.py] => CNN: {'total': 96.5, '00-00': 92.5, '01-01': 95.0, '02-02': 100.0, '03-03': 100.0, 'old': 0, 'new': 96.5}
2026-01-05 16:32:28,400 [trainer.py] => CNN top1 curve: [96.5]
2026-01-05 16:32:28,400 [trainer.py] => Average Accuracy (CNN): 96.5 

2026-01-05 16:32:28,401 [trainer.py] => All params: 88176386
2026-01-05 16:32:28,401 [trainer.py] => Trainable params: 2370048
2026-01-05 16:32:28,402 [ease.py] => Learning on 5-6
2026-01-05 16:32:39,208 [ease.py] => Task 1, Epoch 1/1 => Loss 0.000, Train_accy 100.00
2026-01-05 16:33:24,102 [ease.py] => CNN Accuracy (Top-1): 80.42 %
2026-01-05 16:33:24,121 [trainer.py] => No NME accuracy.
2026-01-05 16:33:24,121 [trainer.py] => CNN: {'total': 80.42, '00-00': 92.5, '01-01': 95.0, '02-02': 100.0, '03-03': 100.0, '04-04': 95.0, 'old': 96.5, 'new': 0.0}
2026-01-05 16:33:24,121 [trainer.py] => CNN top1 curve: [96.5, 80.42]
2026-01-05 16:33:24,121 [trainer.py] => Average Accuracy (CNN): 88.46000000000001 

2026-01-05 16:33:24,122 [trainer.py] => All params: 88178690
2026-01-05 16:33:24,122 [trainer.py] => Trainable params: 2370048
2026-01-05 16:33:24,123 [ease.py] => Learning on 6-7
2026-01-05 16:33:35,002 [ease.py] => Task 2, Epoch 1/1 => Loss 0.000, Train_accy 100.00
2026-01-05 16:34:49,896 [ease.py] => CNN Accuracy (Top-1): 68.93 %
2026-01-05 16:34:49,919 [trainer.py] => No NME accuracy.
2026-01-05 16:34:49,919 [trainer.py] => CNN: {'total': 68.93, '00-00': 92.5, '01-01': 95.0, '02-02': 100.0, '03-03': 100.0, '04-04': 95.0, '05-05': 0.0, 'old': 80.42, 'new': 0.0}
2026-01-05 16:34:49,919 [trainer.py] => CNN top1 curve: [96.5, 80.42, 68.93]
2026-01-05 16:34:49,919 [trainer.py] => Average Accuracy (CNN): 81.95 

2026-01-05 16:34:49,920 [trainer.py] => All params: 88185602
2026-01-05 16:34:49,920 [trainer.py] => Trainable params: 2370048
2026-01-05 16:34:49,922 [ease.py] => Learning on 7-8
2026-01-05 16:35:00,784 [ease.py] => Task 3, Epoch 1/1 => Loss 0.000, Train_accy 100.00
2026-01-05 16:36:50,359 [ease.py] => CNN Accuracy (Top-1): 60.31 %
2026-01-05 16:36:50,383 [trainer.py] => No NME accuracy.
2026-01-05 16:36:50,383 [trainer.py] => CNN: {'total': 60.31, '00-00': 92.5, '01-01': 95.0, '02-02': 100.0, '03-03': 100.0, '04-04': 95.0, '05-05': 0.0, '06-06': 0.0, 'old': 68.93, 'new': 0.0}
2026-01-05 16:36:50,383 [trainer.py] => CNN top1 curve: [96.5, 80.42, 68.93, 60.31]
2026-01-05 16:36:50,383 [trainer.py] => Average Accuracy (CNN): 76.54 

2026-01-05 16:36:50,384 [trainer.py] => All params: 88194050
2026-01-05 16:36:50,384 [trainer.py] => Trainable params: 2370048
2026-01-05 16:36:50,385 [ease.py] => Learning on 8-9
2026-01-05 16:37:01,156 [ease.py] => Task 4, Epoch 1/1 => Loss 0.000, Train_accy 100.00
2026-01-05 16:39:31,813 [ease.py] => CNN Accuracy (Top-1): 63.52 %
2026-01-05 16:39:31,835 [trainer.py] => No NME accuracy.
2026-01-05 16:39:31,835 [trainer.py] => CNN: {'total': 63.52, '00-00': 87.5, '01-01': 95.0, '02-02': 100.0, '03-03': 100.0, '04-04': 90.0, '05-05': 0.0, '06-06': 0.0, '07-07': 0.0, 'old': 59.06, 'new': 99.17}
2026-01-05 16:39:31,835 [trainer.py] => CNN top1 curve: [96.5, 80.42, 68.93, 60.31, 63.52]
2026-01-05 16:39:31,835 [trainer.py] => Average Accuracy (CNN): 73.936 

2026-01-06 10:43:31,309 [trainer.py] => config: ./exps/北交+电梯.json
2026-01-06 10:43:31,309 [trainer.py] => prefix:  
2026-01-06 10:43:31,310 [trainer.py] => dataset: dianti
2026-01-06 10:43:31,310 [trainer.py] => memory_size: 0
2026-01-06 10:43:31,310 [trainer.py] => memory_per_class: 0
2026-01-06 10:43:31,310 [trainer.py] => fixed_memory: False
2026-01-06 10:43:31,310 [trainer.py] => shuffle: True
2026-01-06 10:43:31,310 [trainer.py] => init_cls: 5
2026-01-06 10:43:31,310 [trainer.py] => increment: 1
2026-01-06 10:43:31,310 [trainer.py] => model_name: ease
2026-01-06 10:43:31,310 [trainer.py] => backbone_type: vit_base_patch16_224_ease
2026-01-06 10:43:31,310 [trainer.py] => device: [device(type='cuda', index=0)]
2026-01-06 10:43:31,310 [trainer.py] => seed: 1993
2026-01-06 10:43:31,310 [trainer.py] => init_epochs: 1
2026-01-06 10:43:31,310 [trainer.py] => init_lr: 0.001
2026-01-06 10:43:31,310 [trainer.py] => later_epochs: 1
2026-01-06 10:43:31,310 [trainer.py] => later_lr: 0.001
2026-01-06 10:43:31,310 [trainer.py] => batch_size: 16
2026-01-06 10:43:31,310 [trainer.py] => weight_decay: 0.0001
2026-01-06 10:43:31,310 [trainer.py] => min_lr: 1e-06
2026-01-06 10:43:31,310 [trainer.py] => optimizer: adamw
2026-01-06 10:43:31,310 [trainer.py] => scheduler: cosine
2026-01-06 10:43:31,310 [trainer.py] => pretrained: True
2026-01-06 10:43:31,310 [trainer.py] => vpt_type: Deep
2026-01-06 10:43:31,310 [trainer.py] => prompt_token_num: 5
2026-01-06 10:43:31,310 [trainer.py] => ffn_num: 128
2026-01-06 10:43:31,310 [trainer.py] => use_diagonal: False
2026-01-06 10:43:31,310 [trainer.py] => recalc_sim: True
2026-01-06 10:43:31,310 [trainer.py] => alpha: 0.1
2026-01-06 10:43:31,310 [trainer.py] => use_init_ptm: False
2026-01-06 10:43:31,310 [trainer.py] => beta: 0
2026-01-06 10:43:31,310 [trainer.py] => use_old_data: False
2026-01-06 10:43:31,310 [trainer.py] => use_reweight: True
2026-01-06 10:43:31,310 [trainer.py] => moni_adam: False
2026-01-06 10:43:31,310 [trainer.py] => adapter_num: -1
2026-01-06 10:43:31,310 [trainer.py] => data_type: float32
2026-01-06 10:43:31,311 [data.py] => 正在加载数据: G:\项目\EASE-（一凑二）（北交大+电梯）\data\合并数据（北交大5类+电梯4类）.npy
2026-01-06 10:43:32,497 [data.py] => 数据准备就绪。形状: (3600, 224, 224, 3), 类型: uint8
2026-01-06 10:43:32,621 [data_manager.py] => [4, 2, 5, 0, 3, 6, 7, 8, 1]
2026-01-06 10:43:34,561 [_builder.py] => Loading pretrained weights from Hugging Face hub (timm/vit_base_patch16_224.augreg2_in21k_ft_in1k)
2026-01-06 10:43:44,589 [_hub.py] => [timm/vit_base_patch16_224.augreg2_in21k_ft_in1k] Safe alternative available for 'pytorch_model.bin' (as 'model.safetensors'). Loading weights using safetensors.
2026-01-06 10:43:45,077 [trainer.py] => All params: 88168704
2026-01-06 10:43:45,077 [trainer.py] => Trainable params: 2370048
2026-01-06 10:43:45,111 [ease.py] => Learning on 0-5
2026-01-06 10:45:01,989 [ease.py] => Task 0, Epoch 1/1 => Loss 1.084, Train_accy 76.79
2026-01-06 10:45:47,828 [ease.py] => CNN Accuracy (Top-1): 96.5 %
2026-01-06 10:45:47,854 [trainer.py] => No NME accuracy.
2026-01-06 10:45:47,854 [trainer.py] => CNN: {'total': 96.5, '00-00': 92.5, '01-01': 95.0, '02-02': 100.0, '03-03': 100.0, 'old': 0, 'new': 96.5}
2026-01-06 10:45:47,854 [trainer.py] => CNN top1 curve: [96.5]
2026-01-06 10:45:47,854 [trainer.py] => Average Accuracy (CNN): 96.5 

2026-01-06 10:45:47,855 [trainer.py] => All params: 88176386
2026-01-06 10:45:47,855 [trainer.py] => Trainable params: 2370048
2026-01-06 10:45:47,856 [ease.py] => Learning on 5-6
2026-01-06 10:45:47,963 [ease.py] => Skip training (Backprop) for single class task to avoid feature collapse.
2026-01-06 10:46:37,246 [ease.py] => CNN Accuracy (Top-1): 80.42 %
2026-01-06 10:46:37,273 [trainer.py] => No NME accuracy.
2026-01-06 10:46:37,273 [trainer.py] => CNN: {'total': 80.42, '00-00': 92.5, '01-01': 95.0, '02-02': 100.0, '03-03': 100.0, '04-04': 95.0, 'old': 96.5, 'new': 0.0}
2026-01-06 10:46:37,273 [trainer.py] => CNN top1 curve: [96.5, 80.42]
2026-01-06 10:46:37,273 [trainer.py] => Average Accuracy (CNN): 88.46000000000001 

2026-01-06 10:46:37,274 [trainer.py] => All params: 88178690
2026-01-06 10:46:37,275 [trainer.py] => Trainable params: 2370048
2026-01-06 10:46:37,276 [ease.py] => Learning on 6-7
2026-01-06 10:46:37,370 [ease.py] => Skip training (Backprop) for single class task to avoid feature collapse.
2026-01-06 10:50:00,874 [ease.py] => CNN Accuracy (Top-1): 68.93 %
2026-01-06 10:50:00,896 [trainer.py] => No NME accuracy.
2026-01-06 10:50:00,896 [trainer.py] => CNN: {'total': 68.93, '00-00': 92.5, '01-01': 95.0, '02-02': 100.0, '03-03': 100.0, '04-04': 95.0, '05-05': 0.0, 'old': 80.42, 'new': 0.0}
2026-01-06 10:50:00,896 [trainer.py] => CNN top1 curve: [96.5, 80.42, 68.93]
2026-01-06 10:50:00,896 [trainer.py] => Average Accuracy (CNN): 81.95 

2026-01-06 10:50:00,897 [trainer.py] => All params: 88185602
2026-01-06 10:50:00,897 [trainer.py] => Trainable params: 2370048
2026-01-06 10:50:00,899 [ease.py] => Learning on 7-8
2026-01-06 10:50:00,985 [ease.py] => Skip training (Backprop) for single class task to avoid feature collapse.
2026-01-06 10:51:51,134 [ease.py] => CNN Accuracy (Top-1): 60.31 %
2026-01-06 10:51:51,159 [trainer.py] => No NME accuracy.
2026-01-06 10:51:51,159 [trainer.py] => CNN: {'total': 60.31, '00-00': 92.5, '01-01': 95.0, '02-02': 100.0, '03-03': 100.0, '04-04': 95.0, '05-05': 0.0, '06-06': 0.0, 'old': 68.93, 'new': 0.0}
2026-01-06 10:51:51,159 [trainer.py] => CNN top1 curve: [96.5, 80.42, 68.93, 60.31]
2026-01-06 10:51:51,159 [trainer.py] => Average Accuracy (CNN): 76.54 

2026-01-06 10:51:51,160 [trainer.py] => All params: 88194050
2026-01-06 10:51:51,161 [trainer.py] => Trainable params: 2370048
2026-01-06 10:51:51,162 [ease.py] => Learning on 8-9
2026-01-06 10:51:51,245 [ease.py] => Skip training (Backprop) for single class task to avoid feature collapse.
2026-01-06 10:54:20,985 [ease.py] => CNN Accuracy (Top-1): 63.52 %
2026-01-06 10:54:21,015 [trainer.py] => No NME accuracy.
2026-01-06 10:54:21,015 [trainer.py] => CNN: {'total': 63.52, '00-00': 87.5, '01-01': 95.0, '02-02': 100.0, '03-03': 100.0, '04-04': 90.0, '05-05': 0.0, '06-06': 0.0, '07-07': 0.0, 'old': 59.06, 'new': 99.17}
2026-01-06 10:54:21,017 [trainer.py] => CNN top1 curve: [96.5, 80.42, 68.93, 60.31, 63.52]
2026-01-06 10:54:21,017 [trainer.py] => Average Accuracy (CNN): 73.936 

2026-01-06 10:59:10,893 [trainer.py] => config: ./exps/北交+电梯.json
2026-01-06 10:59:10,893 [trainer.py] => prefix:  
2026-01-06 10:59:10,893 [trainer.py] => dataset: dianti
2026-01-06 10:59:10,893 [trainer.py] => memory_size: 0
2026-01-06 10:59:10,893 [trainer.py] => memory_per_class: 0
2026-01-06 10:59:10,893 [trainer.py] => fixed_memory: False
2026-01-06 10:59:10,893 [trainer.py] => shuffle: True
2026-01-06 10:59:10,893 [trainer.py] => init_cls: 5
2026-01-06 10:59:10,893 [trainer.py] => increment: 1
2026-01-06 10:59:10,893 [trainer.py] => model_name: ease
2026-01-06 10:59:10,893 [trainer.py] => backbone_type: vit_base_patch16_224_ease
2026-01-06 10:59:10,893 [trainer.py] => device: [device(type='cuda', index=0)]
2026-01-06 10:59:10,893 [trainer.py] => seed: 1993
2026-01-06 10:59:10,893 [trainer.py] => init_epochs: 1
2026-01-06 10:59:10,894 [trainer.py] => init_lr: 0.001
2026-01-06 10:59:10,894 [trainer.py] => later_epochs: 1
2026-01-06 10:59:10,894 [trainer.py] => later_lr: 0.001
2026-01-06 10:59:10,894 [trainer.py] => batch_size: 16
2026-01-06 10:59:10,894 [trainer.py] => weight_decay: 0.0001
2026-01-06 10:59:10,894 [trainer.py] => min_lr: 1e-06
2026-01-06 10:59:10,894 [trainer.py] => optimizer: adamw
2026-01-06 10:59:10,894 [trainer.py] => scheduler: cosine
2026-01-06 10:59:10,894 [trainer.py] => pretrained: True
2026-01-06 10:59:10,894 [trainer.py] => vpt_type: Deep
2026-01-06 10:59:10,894 [trainer.py] => prompt_token_num: 5
2026-01-06 10:59:10,894 [trainer.py] => ffn_num: 128
2026-01-06 10:59:10,894 [trainer.py] => use_diagonal: False
2026-01-06 10:59:10,894 [trainer.py] => recalc_sim: True
2026-01-06 10:59:10,894 [trainer.py] => alpha: 0.1
2026-01-06 10:59:10,894 [trainer.py] => use_init_ptm: False
2026-01-06 10:59:10,894 [trainer.py] => beta: 0
2026-01-06 10:59:10,894 [trainer.py] => use_old_data: False
2026-01-06 10:59:10,894 [trainer.py] => use_reweight: True
2026-01-06 10:59:10,894 [trainer.py] => moni_adam: False
2026-01-06 10:59:10,894 [trainer.py] => adapter_num: -1
2026-01-06 10:59:10,894 [trainer.py] => data_type: float32
2026-01-06 10:59:10,894 [data.py] => 正在加载数据: G:\项目\EASE-（一凑二）（北交大+电梯）\data\合并数据（北交大5类+电梯4类）.npy
2026-01-06 10:59:11,921 [data.py] => 数据准备就绪。形状: (3600, 224, 224, 3), 类型: uint8
2026-01-06 10:59:12,032 [data_manager.py] => [4, 2, 5, 0, 3, 6, 7, 8, 1]
2026-01-06 10:59:13,847 [_builder.py] => Loading pretrained weights from Hugging Face hub (timm/vit_base_patch16_224.augreg2_in21k_ft_in1k)
2026-01-06 10:59:26,475 [trainer.py] => config: ./exps/北交+电梯.json
2026-01-06 10:59:26,475 [trainer.py] => prefix:  
2026-01-06 10:59:26,475 [trainer.py] => dataset: dianti
2026-01-06 10:59:26,475 [trainer.py] => memory_size: 0
2026-01-06 10:59:26,475 [trainer.py] => memory_per_class: 0
2026-01-06 10:59:26,475 [trainer.py] => fixed_memory: False
2026-01-06 10:59:26,475 [trainer.py] => shuffle: True
2026-01-06 10:59:26,475 [trainer.py] => init_cls: 5
2026-01-06 10:59:26,475 [trainer.py] => increment: 1
2026-01-06 10:59:26,475 [trainer.py] => model_name: ease
2026-01-06 10:59:26,475 [trainer.py] => backbone_type: vit_base_patch16_224_ease
2026-01-06 10:59:26,475 [trainer.py] => device: [device(type='cuda', index=0)]
2026-01-06 10:59:26,475 [trainer.py] => seed: 1993
2026-01-06 10:59:26,475 [trainer.py] => init_epochs: 1
2026-01-06 10:59:26,476 [trainer.py] => init_lr: 0.001
2026-01-06 10:59:26,476 [trainer.py] => later_epochs: 1
2026-01-06 10:59:26,476 [trainer.py] => later_lr: 0.001
2026-01-06 10:59:26,476 [trainer.py] => batch_size: 16
2026-01-06 10:59:26,476 [trainer.py] => weight_decay: 0.0001
2026-01-06 10:59:26,476 [trainer.py] => min_lr: 1e-06
2026-01-06 10:59:26,476 [trainer.py] => optimizer: adamw
2026-01-06 10:59:26,476 [trainer.py] => scheduler: cosine
2026-01-06 10:59:26,476 [trainer.py] => pretrained: True
2026-01-06 10:59:26,476 [trainer.py] => vpt_type: Deep
2026-01-06 10:59:26,476 [trainer.py] => prompt_token_num: 5
2026-01-06 10:59:26,476 [trainer.py] => ffn_num: 128
2026-01-06 10:59:26,476 [trainer.py] => use_diagonal: False
2026-01-06 10:59:26,476 [trainer.py] => recalc_sim: True
2026-01-06 10:59:26,476 [trainer.py] => alpha: 0.1
2026-01-06 10:59:26,476 [trainer.py] => use_init_ptm: False
2026-01-06 10:59:26,476 [trainer.py] => beta: 0
2026-01-06 10:59:26,476 [trainer.py] => use_old_data: False
2026-01-06 10:59:26,476 [trainer.py] => use_reweight: True
2026-01-06 10:59:26,476 [trainer.py] => moni_adam: False
2026-01-06 10:59:26,476 [trainer.py] => adapter_num: -1
2026-01-06 10:59:26,476 [trainer.py] => data_type: float32
2026-01-06 10:59:26,476 [data.py] => 正在加载数据: G:\项目\EASE-（一凑二）（北交大+电梯）\data\合并数据（北交大5类+电梯4类）.npy
2026-01-06 10:59:27,567 [data.py] => 数据准备就绪。形状: (3600, 224, 224, 3), 类型: uint8
2026-01-06 10:59:27,680 [data_manager.py] => [4, 2, 5, 0, 3, 6, 7, 8, 1]
2026-01-06 10:59:29,359 [_builder.py] => Loading pretrained weights from Hugging Face hub (timm/vit_base_patch16_224.augreg2_in21k_ft_in1k)
2026-01-06 10:59:39,393 [_hub.py] => [timm/vit_base_patch16_224.augreg2_in21k_ft_in1k] Safe alternative available for 'pytorch_model.bin' (as 'model.safetensors'). Loading weights using safetensors.
2026-01-06 10:59:39,472 [trainer.py] => All params: 88168704
2026-01-06 10:59:39,473 [trainer.py] => Trainable params: 2370048
2026-01-06 11:05:46,259 [trainer.py] => config: ./exps/北交+电梯.json
2026-01-06 11:05:46,259 [trainer.py] => prefix:  
2026-01-06 11:05:46,259 [trainer.py] => dataset: dianti
2026-01-06 11:05:46,259 [trainer.py] => memory_size: 0
2026-01-06 11:05:46,259 [trainer.py] => memory_per_class: 0
2026-01-06 11:05:46,259 [trainer.py] => fixed_memory: False
2026-01-06 11:05:46,260 [trainer.py] => shuffle: True
2026-01-06 11:05:46,260 [trainer.py] => init_cls: 5
2026-01-06 11:05:46,260 [trainer.py] => increment: 1
2026-01-06 11:05:46,260 [trainer.py] => model_name: ease
2026-01-06 11:05:46,260 [trainer.py] => backbone_type: vit_base_patch16_224_ease
2026-01-06 11:05:46,260 [trainer.py] => device: [device(type='cuda', index=0)]
2026-01-06 11:05:46,260 [trainer.py] => seed: 1993
2026-01-06 11:05:46,260 [trainer.py] => init_epochs: 1
2026-01-06 11:05:46,260 [trainer.py] => init_lr: 0.001
2026-01-06 11:05:46,260 [trainer.py] => later_epochs: 1
2026-01-06 11:05:46,260 [trainer.py] => later_lr: 0.001
2026-01-06 11:05:46,260 [trainer.py] => batch_size: 16
2026-01-06 11:05:46,260 [trainer.py] => weight_decay: 0.0001
2026-01-06 11:05:46,260 [trainer.py] => min_lr: 1e-06
2026-01-06 11:05:46,260 [trainer.py] => optimizer: adamw
2026-01-06 11:05:46,260 [trainer.py] => scheduler: cosine
2026-01-06 11:05:46,260 [trainer.py] => pretrained: True
2026-01-06 11:05:46,260 [trainer.py] => vpt_type: Deep
2026-01-06 11:05:46,260 [trainer.py] => prompt_token_num: 5
2026-01-06 11:05:46,260 [trainer.py] => ffn_num: 128
2026-01-06 11:05:46,260 [trainer.py] => use_diagonal: False
2026-01-06 11:05:46,260 [trainer.py] => recalc_sim: True
2026-01-06 11:05:46,260 [trainer.py] => alpha: 0.1
2026-01-06 11:05:46,260 [trainer.py] => use_init_ptm: False
2026-01-06 11:05:46,260 [trainer.py] => beta: 0
2026-01-06 11:05:46,260 [trainer.py] => use_old_data: False
2026-01-06 11:05:46,260 [trainer.py] => use_reweight: True
2026-01-06 11:05:46,260 [trainer.py] => moni_adam: False
2026-01-06 11:05:46,260 [trainer.py] => adapter_num: -1
2026-01-06 11:05:46,260 [trainer.py] => data_type: float32
2026-01-06 11:05:46,260 [data.py] => 正在加载数据: G:\项目\EASE-（一凑二）（北交大+电梯）\data\合并数据（北交大5类+电梯4类）.npy
2026-01-06 11:05:47,385 [data.py] => 数据准备就绪。形状: (3600, 224, 224, 3), 类型: uint8
2026-01-06 11:05:47,523 [data_manager.py] => [4, 2, 5, 0, 3, 6, 7, 8, 1]
2026-01-06 11:05:49,222 [_builder.py] => Loading pretrained weights from Hugging Face hub (timm/vit_base_patch16_224.augreg2_in21k_ft_in1k)
2026-01-06 11:05:59,243 [_hub.py] => [timm/vit_base_patch16_224.augreg2_in21k_ft_in1k] Safe alternative available for 'pytorch_model.bin' (as 'model.safetensors'). Loading weights using safetensors.
2026-01-06 11:05:59,316 [trainer.py] => All params: 88168704
2026-01-06 11:05:59,316 [trainer.py] => Trainable params: 2370048
2026-01-06 11:05:59,348 [ease.py] => Learning on 0-5
2026-01-06 11:07:09,987 [ease.py] => Task 0, Epoch 1/1 => Loss 1.084, Train_accy 76.79
2026-01-06 11:07:59,347 [ease.py] => CNN Accuracy (Top-1): 96.5 %
2026-01-06 11:07:59,368 [trainer.py] => No NME accuracy.
2026-01-06 11:07:59,368 [trainer.py] => CNN: {'total': 96.5, '00-00': 92.5, '01-01': 95.0, '02-02': 100.0, '03-03': 100.0, 'old': 0, 'new': 96.5}
2026-01-06 11:07:59,368 [trainer.py] => CNN top1 curve: [96.5]
2026-01-06 11:07:59,368 [trainer.py] => Average Accuracy (CNN): 96.5 

2026-01-06 11:07:59,369 [trainer.py] => All params: 88176386
2026-01-06 11:07:59,370 [trainer.py] => Trainable params: 2370048
2026-01-06 11:07:59,371 [ease.py] => Learning on 5-6
2026-01-06 11:07:59,463 [ease.py] => Skip training (Backprop) for single class task to avoid feature collapse.
2026-01-06 11:07:59,463 [ease.py] => Initialized Adapter 1 with weights from Adapter 0
2026-01-06 11:08:48,892 [ease.py] => CNN Accuracy (Top-1): 80.42 %
2026-01-06 11:08:48,912 [trainer.py] => No NME accuracy.
2026-01-06 11:08:48,912 [trainer.py] => CNN: {'total': 80.42, '00-00': 92.5, '01-01': 95.0, '02-02': 100.0, '03-03': 100.0, '04-04': 95.0, 'old': 96.5, 'new': 0.0}
2026-01-06 11:08:48,912 [trainer.py] => CNN top1 curve: [96.5, 80.42]
2026-01-06 11:08:48,912 [trainer.py] => Average Accuracy (CNN): 88.46000000000001 

2026-01-06 11:08:48,912 [trainer.py] => All params: 88178690
2026-01-06 11:08:48,912 [trainer.py] => Trainable params: 2370048
2026-01-06 11:08:48,913 [ease.py] => Learning on 6-7
2026-01-06 11:08:48,989 [ease.py] => Skip training (Backprop) for single class task to avoid feature collapse.
2026-01-06 11:08:48,990 [ease.py] => Initialized Adapter 2 with weights from Adapter 1
2026-01-06 11:10:12,372 [ease.py] => CNN Accuracy (Top-1): 68.93 %
2026-01-06 11:10:12,396 [trainer.py] => No NME accuracy.
2026-01-06 11:10:12,396 [trainer.py] => CNN: {'total': 68.93, '00-00': 92.5, '01-01': 95.0, '02-02': 100.0, '03-03': 100.0, '04-04': 95.0, '05-05': 0.0, 'old': 80.42, 'new': 0.0}
2026-01-06 11:10:12,396 [trainer.py] => CNN top1 curve: [96.5, 80.42, 68.93]
2026-01-06 11:10:12,397 [trainer.py] => Average Accuracy (CNN): 81.95 

2026-01-06 11:10:12,397 [trainer.py] => All params: 88185602
2026-01-06 11:10:12,397 [trainer.py] => Trainable params: 2370048
2026-01-06 11:10:12,398 [ease.py] => Learning on 7-8
2026-01-06 11:10:12,473 [ease.py] => Skip training (Backprop) for single class task to avoid feature collapse.
2026-01-06 11:10:12,474 [ease.py] => Initialized Adapter 3 with weights from Adapter 2
2026-01-06 11:12:14,740 [ease.py] => CNN Accuracy (Top-1): 60.31 %
2026-01-06 11:12:14,760 [trainer.py] => No NME accuracy.
2026-01-06 11:12:14,760 [trainer.py] => CNN: {'total': 60.31, '00-00': 92.5, '01-01': 95.0, '02-02': 100.0, '03-03': 100.0, '04-04': 95.0, '05-05': 0.0, '06-06': 0.0, 'old': 68.93, 'new': 0.0}
2026-01-06 11:12:14,760 [trainer.py] => CNN top1 curve: [96.5, 80.42, 68.93, 60.31]
2026-01-06 11:12:14,760 [trainer.py] => Average Accuracy (CNN): 76.54 

2026-01-06 11:12:14,760 [trainer.py] => All params: 88194050
2026-01-06 11:12:14,761 [trainer.py] => Trainable params: 2370048
2026-01-06 11:12:14,762 [ease.py] => Learning on 8-9
2026-01-06 11:12:14,840 [ease.py] => Skip training (Backprop) for single class task to avoid feature collapse.
2026-01-06 11:12:14,840 [ease.py] => Initialized Adapter 4 with weights from Adapter 3
2026-01-06 11:15:06,117 [ease.py] => CNN Accuracy (Top-1): 63.52 %
2026-01-06 11:15:06,141 [trainer.py] => No NME accuracy.
2026-01-06 11:15:06,142 [trainer.py] => CNN: {'total': 63.52, '00-00': 87.5, '01-01': 95.0, '02-02': 100.0, '03-03': 100.0, '04-04': 90.0, '05-05': 0.0, '06-06': 0.0, '07-07': 0.0, 'old': 59.06, 'new': 99.17}
2026-01-06 11:15:06,142 [trainer.py] => CNN top1 curve: [96.5, 80.42, 68.93, 60.31, 63.52]
2026-01-06 11:15:06,142 [trainer.py] => Average Accuracy (CNN): 73.936 

