2025-12-23 09:37:07,543 [trainer.py] => config: ./exps/wt.json
2025-12-23 09:37:07,543 [trainer.py] => prefix:  
2025-12-23 09:37:07,543 [trainer.py] => dataset: wt
2025-12-23 09:37:07,543 [trainer.py] => memory_size: 0
2025-12-23 09:37:07,543 [trainer.py] => memory_per_class: 0
2025-12-23 09:37:07,543 [trainer.py] => fixed_memory: False
2025-12-23 09:37:07,543 [trainer.py] => shuffle: True
2025-12-23 09:37:07,543 [trainer.py] => init_cls: 2
2025-12-23 09:37:07,543 [trainer.py] => increment: 2
2025-12-23 09:37:07,543 [trainer.py] => model_name: ease
2025-12-23 09:37:07,543 [trainer.py] => backbone_type: starnet_s1_ease
2025-12-23 09:37:07,543 [trainer.py] => device: [device(type='cuda', index=0)]
2025-12-23 09:37:07,543 [trainer.py] => seed: 1993
2025-12-23 09:37:07,543 [trainer.py] => init_epochs: 100
2025-12-23 09:37:07,543 [trainer.py] => init_lr: 0.01
2025-12-23 09:37:07,543 [trainer.py] => later_epochs: 80
2025-12-23 09:37:07,543 [trainer.py] => later_lr: 0.01
2025-12-23 09:37:07,545 [trainer.py] => batch_size: 32
2025-12-23 09:37:07,545 [trainer.py] => weight_decay: 0.0005
2025-12-23 09:37:07,545 [trainer.py] => min_lr: 0
2025-12-23 09:37:07,545 [trainer.py] => optimizer: sgd
2025-12-23 09:37:07,545 [trainer.py] => scheduler: cosine
2025-12-23 09:37:07,545 [trainer.py] => pretrained: True
2025-12-23 09:37:07,545 [trainer.py] => vpt_type: Deep
2025-12-23 09:37:07,545 [trainer.py] => prompt_token_num: 10
2025-12-23 09:37:07,545 [trainer.py] => ffn_num: 256
2025-12-23 09:37:07,545 [trainer.py] => use_diagonal: False
2025-12-23 09:37:07,545 [trainer.py] => recalc_sim: True
2025-12-23 09:37:07,545 [trainer.py] => alpha: 0.5
2025-12-23 09:37:07,545 [trainer.py] => use_init_ptm: True
2025-12-23 09:37:07,545 [trainer.py] => beta: 0.3
2025-12-23 09:37:07,545 [trainer.py] => use_old_data: False
2025-12-23 09:37:07,545 [trainer.py] => use_reweight: True
2025-12-23 09:37:07,545 [trainer.py] => moni_adam: False
2025-12-23 09:37:07,545 [trainer.py] => adapter_num: -1
2025-12-23 09:37:07,545 [trainer.py] => data_type: float32
2025-12-23 09:37:07,811 [data_manager.py] => [4, 2, 7, 6, 0, 3, 5, 8, 9, 1]
2025-12-23 09:56:01,549 [trainer.py] => config: ./exps/wt.json
2025-12-23 09:56:01,550 [trainer.py] => prefix:  
2025-12-23 09:56:01,550 [trainer.py] => dataset: wt
2025-12-23 09:56:01,550 [trainer.py] => memory_size: 0
2025-12-23 09:56:01,550 [trainer.py] => memory_per_class: 0
2025-12-23 09:56:01,550 [trainer.py] => fixed_memory: False
2025-12-23 09:56:01,550 [trainer.py] => shuffle: True
2025-12-23 09:56:01,550 [trainer.py] => init_cls: 2
2025-12-23 09:56:01,550 [trainer.py] => increment: 2
2025-12-23 09:56:01,550 [trainer.py] => model_name: ease
2025-12-23 09:56:01,550 [trainer.py] => backbone_type: starnet_s1_ease
2025-12-23 09:56:01,550 [trainer.py] => device: [device(type='cuda', index=0)]
2025-12-23 09:56:01,550 [trainer.py] => seed: 1993
2025-12-23 09:56:01,550 [trainer.py] => init_epochs: 100
2025-12-23 09:56:01,550 [trainer.py] => init_lr: 0.01
2025-12-23 09:56:01,550 [trainer.py] => later_epochs: 80
2025-12-23 09:56:01,550 [trainer.py] => later_lr: 0.01
2025-12-23 09:56:01,550 [trainer.py] => batch_size: 32
2025-12-23 09:56:01,550 [trainer.py] => weight_decay: 0.0005
2025-12-23 09:56:01,550 [trainer.py] => min_lr: 0
2025-12-23 09:56:01,550 [trainer.py] => optimizer: sgd
2025-12-23 09:56:01,550 [trainer.py] => scheduler: cosine
2025-12-23 09:56:01,550 [trainer.py] => pretrained: True
2025-12-23 09:56:01,550 [trainer.py] => vpt_type: Deep
2025-12-23 09:56:01,550 [trainer.py] => prompt_token_num: 10
2025-12-23 09:56:01,550 [trainer.py] => ffn_num: 256
2025-12-23 09:56:01,550 [trainer.py] => use_diagonal: False
2025-12-23 09:56:01,550 [trainer.py] => recalc_sim: True
2025-12-23 09:56:01,550 [trainer.py] => alpha: 0.5
2025-12-23 09:56:01,550 [trainer.py] => use_init_ptm: True
2025-12-23 09:56:01,550 [trainer.py] => beta: 0.3
2025-12-23 09:56:01,550 [trainer.py] => use_old_data: False
2025-12-23 09:56:01,550 [trainer.py] => use_reweight: True
2025-12-23 09:56:01,550 [trainer.py] => moni_adam: False
2025-12-23 09:56:01,551 [trainer.py] => adapter_num: -1
2025-12-23 09:56:01,551 [trainer.py] => data_type: float32
2025-12-23 09:56:01,810 [data_manager.py] => [4, 2, 7, 6, 0, 3, 5, 8, 9, 1]
2025-12-23 09:56:02,771 [trainer.py] => All params: 10578512
2025-12-23 09:56:02,771 [trainer.py] => Trainable params: 10578512
2025-12-23 09:56:02,772 [ease.py] => Learning on 0-2
2025-12-23 09:56:17,625 [trainer.py] => config: ./exps/wt.json
2025-12-23 09:56:17,626 [trainer.py] => prefix:  
2025-12-23 09:56:17,626 [trainer.py] => dataset: wt
2025-12-23 09:56:17,626 [trainer.py] => memory_size: 0
2025-12-23 09:56:17,626 [trainer.py] => memory_per_class: 0
2025-12-23 09:56:17,626 [trainer.py] => fixed_memory: False
2025-12-23 09:56:17,626 [trainer.py] => shuffle: True
2025-12-23 09:56:17,626 [trainer.py] => init_cls: 2
2025-12-23 09:56:17,626 [trainer.py] => increment: 2
2025-12-23 09:56:17,626 [trainer.py] => model_name: ease
2025-12-23 09:56:17,626 [trainer.py] => backbone_type: starnet_s1_ease
2025-12-23 09:56:17,626 [trainer.py] => device: [device(type='cuda', index=0)]
2025-12-23 09:56:17,626 [trainer.py] => seed: 1993
2025-12-23 09:56:17,626 [trainer.py] => init_epochs: 10
2025-12-23 09:56:17,626 [trainer.py] => init_lr: 0.01
2025-12-23 09:56:17,626 [trainer.py] => later_epochs: 8
2025-12-23 09:56:17,626 [trainer.py] => later_lr: 0.01
2025-12-23 09:56:17,626 [trainer.py] => batch_size: 32
2025-12-23 09:56:17,626 [trainer.py] => weight_decay: 0.0005
2025-12-23 09:56:17,626 [trainer.py] => min_lr: 0
2025-12-23 09:56:17,626 [trainer.py] => optimizer: sgd
2025-12-23 09:56:17,626 [trainer.py] => scheduler: cosine
2025-12-23 09:56:17,626 [trainer.py] => pretrained: True
2025-12-23 09:56:17,626 [trainer.py] => vpt_type: Deep
2025-12-23 09:56:17,626 [trainer.py] => prompt_token_num: 10
2025-12-23 09:56:17,626 [trainer.py] => ffn_num: 256
2025-12-23 09:56:17,626 [trainer.py] => use_diagonal: False
2025-12-23 09:56:17,626 [trainer.py] => recalc_sim: True
2025-12-23 09:56:17,626 [trainer.py] => alpha: 0.5
2025-12-23 09:56:17,626 [trainer.py] => use_init_ptm: True
2025-12-23 09:56:17,626 [trainer.py] => beta: 0.3
2025-12-23 09:56:17,626 [trainer.py] => use_old_data: False
2025-12-23 09:56:17,627 [trainer.py] => use_reweight: True
2025-12-23 09:56:17,627 [trainer.py] => moni_adam: False
2025-12-23 09:56:17,627 [trainer.py] => adapter_num: -1
2025-12-23 09:56:17,627 [trainer.py] => data_type: float32
2025-12-23 09:56:17,892 [data_manager.py] => [4, 2, 7, 6, 0, 3, 5, 8, 9, 1]
2025-12-23 09:56:18,870 [trainer.py] => All params: 10578512
2025-12-23 09:56:18,871 [trainer.py] => Trainable params: 10578512
2025-12-23 09:56:18,871 [ease.py] => Learning on 0-2
2025-12-23 10:10:10,948 [trainer.py] => config: ./exps/wt.json
2025-12-23 10:10:10,949 [trainer.py] => prefix:  
2025-12-23 10:10:10,949 [trainer.py] => dataset: wt
2025-12-23 10:10:10,949 [trainer.py] => memory_size: 0
2025-12-23 10:10:10,949 [trainer.py] => memory_per_class: 0
2025-12-23 10:10:10,949 [trainer.py] => fixed_memory: False
2025-12-23 10:10:10,949 [trainer.py] => shuffle: True
2025-12-23 10:10:10,949 [trainer.py] => init_cls: 2
2025-12-23 10:10:10,949 [trainer.py] => increment: 2
2025-12-23 10:10:10,949 [trainer.py] => model_name: ease
2025-12-23 10:10:10,949 [trainer.py] => backbone_type: starnet_s1_ease
2025-12-23 10:10:10,949 [trainer.py] => device: [device(type='cuda', index=0)]
2025-12-23 10:10:10,949 [trainer.py] => seed: 1993
2025-12-23 10:10:10,949 [trainer.py] => init_epochs: 10
2025-12-23 10:10:10,949 [trainer.py] => init_lr: 0.01
2025-12-23 10:10:10,949 [trainer.py] => later_epochs: 8
2025-12-23 10:10:10,949 [trainer.py] => later_lr: 0.01
2025-12-23 10:10:10,949 [trainer.py] => batch_size: 32
2025-12-23 10:10:10,949 [trainer.py] => weight_decay: 0.0005
2025-12-23 10:10:10,949 [trainer.py] => min_lr: 0
2025-12-23 10:10:10,949 [trainer.py] => optimizer: sgd
2025-12-23 10:10:10,949 [trainer.py] => scheduler: cosine
2025-12-23 10:10:10,949 [trainer.py] => pretrained: True
2025-12-23 10:10:10,949 [trainer.py] => vpt_type: Deep
2025-12-23 10:10:10,949 [trainer.py] => prompt_token_num: 10
2025-12-23 10:10:10,949 [trainer.py] => ffn_num: 256
2025-12-23 10:10:10,949 [trainer.py] => use_diagonal: False
2025-12-23 10:10:10,949 [trainer.py] => recalc_sim: True
2025-12-23 10:10:10,949 [trainer.py] => alpha: 0.5
2025-12-23 10:10:10,949 [trainer.py] => use_init_ptm: True
2025-12-23 10:10:10,949 [trainer.py] => beta: 0.3
2025-12-23 10:10:10,949 [trainer.py] => use_old_data: False
2025-12-23 10:10:10,949 [trainer.py] => use_reweight: True
2025-12-23 10:10:10,949 [trainer.py] => moni_adam: False
2025-12-23 10:10:10,949 [trainer.py] => adapter_num: -1
2025-12-23 10:10:10,949 [trainer.py] => data_type: float32
2025-12-23 10:10:11,237 [data_manager.py] => [4, 2, 7, 6, 0, 3, 5, 8, 9, 1]
2025-12-23 10:10:12,111 [trainer.py] => All params: 5344720
2025-12-23 10:10:12,111 [trainer.py] => Trainable params: 5344720
2025-12-23 10:10:12,111 [ease.py] => Learning on 0-2
2025-12-23 10:14:47,189 [ease.py] => Task 0, Epoch 10/10 => Loss 0.323, Train_accy 91.90
