2025-12-23 09:35:05,467 [trainer.py] => config: ./exps/wt.json
2025-12-23 09:35:05,467 [trainer.py] => prefix:  
2025-12-23 09:35:05,467 [trainer.py] => dataset: wt
2025-12-23 09:35:05,467 [trainer.py] => memory_size: 0
2025-12-23 09:35:05,467 [trainer.py] => memory_per_class: 0
2025-12-23 09:35:05,467 [trainer.py] => fixed_memory: False
2025-12-23 09:35:05,467 [trainer.py] => shuffle: True
2025-12-23 09:35:05,467 [trainer.py] => init_cls: 2
2025-12-23 09:35:05,467 [trainer.py] => increment: 2
2025-12-23 09:35:05,467 [trainer.py] => model_name: ease
2025-12-23 09:35:05,467 [trainer.py] => backbone_type: vit_base_patch16_224_ease
2025-12-23 09:35:05,467 [trainer.py] => device: [device(type='cuda', index=0)]
2025-12-23 09:35:05,467 [trainer.py] => seed: 1993
2025-12-23 09:35:05,468 [trainer.py] => init_epochs: 10
2025-12-23 09:35:05,468 [trainer.py] => init_lr: 0.01
2025-12-23 09:35:05,468 [trainer.py] => later_epochs: 8
2025-12-23 09:35:05,468 [trainer.py] => later_lr: 0.01
2025-12-23 09:35:05,468 [trainer.py] => batch_size: 32
2025-12-23 09:35:05,468 [trainer.py] => weight_decay: 0.0005
2025-12-23 09:35:05,468 [trainer.py] => min_lr: 0
2025-12-23 09:35:05,468 [trainer.py] => optimizer: sgd
2025-12-23 09:35:05,468 [trainer.py] => scheduler: cosine
2025-12-23 09:35:05,468 [trainer.py] => pretrained: True
2025-12-23 09:35:05,468 [trainer.py] => vpt_type: Deep
2025-12-23 09:35:05,468 [trainer.py] => prompt_token_num: 10
2025-12-23 09:35:05,468 [trainer.py] => ffn_num: 256
2025-12-23 09:35:05,468 [trainer.py] => use_diagonal: False
2025-12-23 09:35:05,468 [trainer.py] => recalc_sim: True
2025-12-23 09:35:05,468 [trainer.py] => alpha: 0.5
2025-12-23 09:35:05,468 [trainer.py] => use_init_ptm: True
2025-12-23 09:35:05,468 [trainer.py] => beta: 0.3
2025-12-23 09:35:05,468 [trainer.py] => use_old_data: False
2025-12-23 09:35:05,468 [trainer.py] => use_reweight: True
2025-12-23 09:35:05,468 [trainer.py] => moni_adam: False
2025-12-23 09:35:05,468 [trainer.py] => adapter_num: -1
2025-12-23 09:35:05,468 [trainer.py] => data_type: float32
2025-12-23 09:35:49,281 [trainer.py] => config: ./exps/wt.json
2025-12-23 09:35:49,281 [trainer.py] => prefix:  
2025-12-23 09:35:49,281 [trainer.py] => dataset: wt
2025-12-23 09:35:49,281 [trainer.py] => memory_size: 0
2025-12-23 09:35:49,281 [trainer.py] => memory_per_class: 0
2025-12-23 09:35:49,281 [trainer.py] => fixed_memory: False
2025-12-23 09:35:49,281 [trainer.py] => shuffle: True
2025-12-23 09:35:49,281 [trainer.py] => init_cls: 2
2025-12-23 09:35:49,281 [trainer.py] => increment: 2
2025-12-23 09:35:49,281 [trainer.py] => model_name: ease
2025-12-23 09:35:49,281 [trainer.py] => backbone_type: vit_base_patch16_224_ease
2025-12-23 09:35:49,281 [trainer.py] => device: [device(type='cuda', index=0)]
2025-12-23 09:35:49,281 [trainer.py] => seed: 1993
2025-12-23 09:35:49,281 [trainer.py] => init_epochs: 10
2025-12-23 09:35:49,281 [trainer.py] => init_lr: 0.01
2025-12-23 09:35:49,281 [trainer.py] => later_epochs: 8
2025-12-23 09:35:49,281 [trainer.py] => later_lr: 0.01
2025-12-23 09:35:49,281 [trainer.py] => batch_size: 32
2025-12-23 09:35:49,281 [trainer.py] => weight_decay: 0.0005
2025-12-23 09:35:49,281 [trainer.py] => min_lr: 0
2025-12-23 09:35:49,281 [trainer.py] => optimizer: sgd
2025-12-23 09:35:49,281 [trainer.py] => scheduler: cosine
2025-12-23 09:35:49,281 [trainer.py] => pretrained: True
2025-12-23 09:35:49,281 [trainer.py] => vpt_type: Deep
2025-12-23 09:35:49,281 [trainer.py] => prompt_token_num: 10
2025-12-23 09:35:49,281 [trainer.py] => ffn_num: 256
2025-12-23 09:35:49,281 [trainer.py] => use_diagonal: False
2025-12-23 09:35:49,282 [trainer.py] => recalc_sim: True
2025-12-23 09:35:49,282 [trainer.py] => alpha: 0.5
2025-12-23 09:35:49,282 [trainer.py] => use_init_ptm: True
2025-12-23 09:35:49,282 [trainer.py] => beta: 0.3
2025-12-23 09:35:49,282 [trainer.py] => use_old_data: False
2025-12-23 09:35:49,282 [trainer.py] => use_reweight: True
2025-12-23 09:35:49,282 [trainer.py] => moni_adam: False
2025-12-23 09:35:49,282 [trainer.py] => adapter_num: -1
2025-12-23 09:35:49,282 [trainer.py] => data_type: float32
2025-12-23 09:35:49,539 [data_manager.py] => [4, 2, 7, 6, 0, 3, 5, 8, 9, 1]
2025-12-23 09:35:51,287 [_builder.py] => Loading pretrained weights from Hugging Face hub (timm/vit_base_patch16_224.augreg2_in21k_ft_in1k)
